[2025-03-27T21:59:23.266-0200][gc,heap] Heap region size: 1M
[2025-03-27T21:59:23.276-0200][gc     ] Using G1
[2025-03-27T21:59:23.276-0200][gc,heap,coops] Heap address: 0x00000007c0000000, size: 1024 MB, Compressed Oops mode: Zero based, Oop shift amount: 3
[2025-03-27T21:59:24.971-0200][gc,start     ] GC(0) Pause Young (Normal) (G1 Evacuation Pause)
[2025-03-27T21:59:24.972-0200][gc,task      ] GC(0) Using 4 workers of 4 for evacuation
[2025-03-27T21:59:24.980-0200][gc,phases    ] GC(0)   Pre Evacuate Collection Set: 0.0ms
[2025-03-27T21:59:24.980-0200][gc,phases    ] GC(0)   Evacuate Collection Set: 7.5ms
[2025-03-27T21:59:24.980-0200][gc,phases    ] GC(0)   Post Evacuate Collection Set: 0.4ms
[2025-03-27T21:59:24.980-0200][gc,phases    ] GC(0)   Other: 0.5ms
[2025-03-27T21:59:24.980-0200][gc,heap      ] GC(0) Eden regions: 51->0(44)
[2025-03-27T21:59:24.980-0200][gc,heap      ] GC(0) Survivor regions: 0->7(7)
[2025-03-27T21:59:24.980-0200][gc,heap      ] GC(0) Old regions: 0->1
[2025-03-27T21:59:24.980-0200][gc,heap      ] GC(0) Humongous regions: 0->0
[2025-03-27T21:59:24.980-0200][gc,metaspace ] GC(0) Metaspace: 20434K->20434K(1067008K)
[2025-03-27T21:59:24.980-0200][gc           ] GC(0) Pause Young (Normal) (G1 Evacuation Pause) 51M->7M(1024M) 8.475ms
[2025-03-27T21:59:24.980-0200][gc,cpu       ] GC(0) User=0.02s Sys=0.00s Real=0.01s
[2025-03-27T21:59:25.014-0200][gc,start     ] GC(1) Pause Young (Concurrent Start) (Metadata GC Threshold)
[2025-03-27T21:59:25.014-0200][gc,task      ] GC(1) Using 4 workers of 4 for evacuation
[2025-03-27T21:59:25.023-0200][gc,phases    ] GC(1)   Pre Evacuate Collection Set: 0.0ms
[2025-03-27T21:59:25.023-0200][gc,phases    ] GC(1)   Evacuate Collection Set: 8.8ms
[2025-03-27T21:59:25.023-0200][gc,phases    ] GC(1)   Post Evacuate Collection Set: 0.2ms
[2025-03-27T21:59:25.023-0200][gc,phases    ] GC(1)   Other: 0.3ms
[2025-03-27T21:59:25.023-0200][gc,heap      ] GC(1) Eden regions: 3->0(50)
[2025-03-27T21:59:25.023-0200][gc,heap      ] GC(1) Survivor regions: 7->1(7)
[2025-03-27T21:59:25.024-0200][gc,heap      ] GC(1) Old regions: 1->8
[2025-03-27T21:59:25.024-0200][gc,heap      ] GC(1) Humongous regions: 0->0
[2025-03-27T21:59:25.024-0200][gc,metaspace ] GC(1) Metaspace: 20713K->20713K(1069056K)
[2025-03-27T21:59:25.024-0200][gc           ] GC(1) Pause Young (Concurrent Start) (Metadata GC Threshold) 10M->8M(1024M) 9.569ms
[2025-03-27T21:59:25.024-0200][gc,cpu       ] GC(1) User=0.03s Sys=0.00s Real=0.01s
[2025-03-27T21:59:25.024-0200][gc           ] GC(2) Concurrent Cycle
[2025-03-27T21:59:25.024-0200][gc,marking   ] GC(2) Concurrent Clear Claimed Marks
[2025-03-27T21:59:25.024-0200][gc,marking   ] GC(2) Concurrent Clear Claimed Marks 0.035ms
[2025-03-27T21:59:25.024-0200][gc,marking   ] GC(2) Concurrent Scan Root Regions
[2025-03-27T21:59:25.024-0200][gc,marking   ] GC(2) Concurrent Scan Root Regions 0.236ms
[2025-03-27T21:59:25.024-0200][gc,marking   ] GC(2) Concurrent Mark (1.769s)
[2025-03-27T21:59:25.024-0200][gc,marking   ] GC(2) Concurrent Mark From Roots
[2025-03-27T21:59:25.024-0200][gc,task      ] GC(2) Using 1 workers of 1 for marking
[2025-03-27T21:59:25.034-0200][gc,marking   ] GC(2) Concurrent Mark From Roots 9.497ms
[2025-03-27T21:59:25.034-0200][gc,marking   ] GC(2) Concurrent Preclean
[2025-03-27T21:59:25.034-0200][gc,marking   ] GC(2) Concurrent Preclean 0.085ms
[2025-03-27T21:59:25.034-0200][gc,marking   ] GC(2) Concurrent Mark (1.769s, 1.779s) 9.692ms
[2025-03-27T21:59:25.034-0200][gc,start     ] GC(2) Pause Remark
[2025-03-27T21:59:25.037-0200][gc,stringtable] GC(2) Cleaned string and symbol table, strings: 7620 processed, 0 removed, symbols: 67397 processed, 41 removed
[2025-03-27T21:59:25.037-0200][gc            ] GC(2) Pause Remark 9M->9M(1024M) 3.241ms
[2025-03-27T21:59:25.037-0200][gc,cpu        ] GC(2) User=0.01s Sys=0.00s Real=0.00s
[2025-03-27T21:59:25.037-0200][gc,marking    ] GC(2) Concurrent Rebuild Remembered Sets
[2025-03-27T21:59:25.044-0200][gc,marking    ] GC(2) Concurrent Rebuild Remembered Sets 6.879ms
[2025-03-27T21:59:25.044-0200][gc,start      ] GC(2) Pause Cleanup
[2025-03-27T21:59:25.044-0200][gc            ] GC(2) Pause Cleanup 9M->9M(1024M) 0.130ms
[2025-03-27T21:59:25.044-0200][gc,cpu        ] GC(2) User=0.00s Sys=0.00s Real=0.00s
[2025-03-27T21:59:25.044-0200][gc,marking    ] GC(2) Concurrent Cleanup for Next Mark
[2025-03-27T21:59:25.054-0200][gc,marking    ] GC(2) Concurrent Cleanup for Next Mark 9.625ms
[2025-03-27T21:59:25.054-0200][gc            ] GC(2) Concurrent Cycle 30.409ms
[2025-03-27T21:59:26.157-0200][gc,start      ] GC(3) Pause Young (Normal) (G1 Evacuation Pause)
[2025-03-27T21:59:26.157-0200][gc,task       ] GC(3) Using 4 workers of 4 for evacuation
[2025-03-27T21:59:26.160-0200][gc,phases     ] GC(3)   Pre Evacuate Collection Set: 0.0ms
[2025-03-27T21:59:26.160-0200][gc,phases     ] GC(3)   Evacuate Collection Set: 2.3ms
[2025-03-27T21:59:26.160-0200][gc,phases     ] GC(3)   Post Evacuate Collection Set: 0.2ms
[2025-03-27T21:59:26.160-0200][gc,phases     ] GC(3)   Other: 0.1ms
[2025-03-27T21:59:26.160-0200][gc,heap       ] GC(3) Eden regions: 50->0(49)
[2025-03-27T21:59:26.160-0200][gc,heap       ] GC(3) Survivor regions: 1->2(7)
[2025-03-27T21:59:26.160-0200][gc,heap       ] GC(3) Old regions: 8->8
[2025-03-27T21:59:26.160-0200][gc,heap       ] GC(3) Humongous regions: 0->0
[2025-03-27T21:59:26.160-0200][gc,metaspace  ] GC(3) Metaspace: 30065K->30065K(1077248K)
[2025-03-27T21:59:26.160-0200][gc            ] GC(3) Pause Young (Normal) (G1 Evacuation Pause) 58M->9M(1024M) 2.852ms
[2025-03-27T21:59:26.160-0200][gc,cpu        ] GC(3) User=0.01s Sys=0.00s Real=0.01s
[2025-03-27T21:59:27.312-0200][gc,start      ] GC(4) Pause Young (Concurrent Start) (Metadata GC Threshold)
[2025-03-27T21:59:27.313-0200][gc,task       ] GC(4) Using 4 workers of 4 for evacuation
[2025-03-27T21:59:27.317-0200][gc,phases     ] GC(4)   Pre Evacuate Collection Set: 0.0ms
[2025-03-27T21:59:27.317-0200][gc,phases     ] GC(4)   Evacuate Collection Set: 4.1ms
[2025-03-27T21:59:27.317-0200][gc,phases     ] GC(4)   Post Evacuate Collection Set: 0.2ms
[2025-03-27T21:59:27.317-0200][gc,phases     ] GC(4)   Other: 0.2ms
[2025-03-27T21:59:27.317-0200][gc,heap       ] GC(4) Eden regions: 32->0(47)
[2025-03-27T21:59:27.317-0200][gc,heap       ] GC(4) Survivor regions: 2->4(7)
[2025-03-27T21:59:27.317-0200][gc,heap       ] GC(4) Old regions: 8->8
[2025-03-27T21:59:27.317-0200][gc,heap       ] GC(4) Humongous regions: 129->129
[2025-03-27T21:59:27.317-0200][gc,metaspace  ] GC(4) Metaspace: 34657K->34657K(1081344K)
[2025-03-27T21:59:27.317-0200][gc            ] GC(4) Pause Young (Concurrent Start) (Metadata GC Threshold) 170M->139M(1024M) 4.675ms
[2025-03-27T21:59:27.317-0200][gc,cpu        ] GC(4) User=0.02s Sys=0.00s Real=0.00s
[2025-03-27T21:59:27.317-0200][gc            ] GC(5) Concurrent Cycle
[2025-03-27T21:59:27.317-0200][gc,marking    ] GC(5) Concurrent Clear Claimed Marks
[2025-03-27T21:59:27.317-0200][gc,marking    ] GC(5) Concurrent Clear Claimed Marks 0.035ms
[2025-03-27T21:59:27.317-0200][gc,marking    ] GC(5) Concurrent Scan Root Regions
[2025-03-27T21:59:27.321-0200][gc,marking    ] GC(5) Concurrent Scan Root Regions 3.338ms
[2025-03-27T21:59:27.321-0200][gc,marking    ] GC(5) Concurrent Mark (4.066s)
[2025-03-27T21:59:27.321-0200][gc,marking    ] GC(5) Concurrent Mark From Roots
[2025-03-27T21:59:27.321-0200][gc,task       ] GC(5) Using 1 workers of 1 for marking
[2025-03-27T21:59:27.328-0200][gc,marking    ] GC(5) Concurrent Mark From Roots 6.997ms
[2025-03-27T21:59:27.328-0200][gc,marking    ] GC(5) Concurrent Preclean
[2025-03-27T21:59:27.328-0200][gc,marking    ] GC(5) Concurrent Preclean 0.041ms
[2025-03-27T21:59:27.328-0200][gc,marking    ] GC(5) Concurrent Mark (4.066s, 4.073s) 7.103ms
[2025-03-27T21:59:27.328-0200][gc,start      ] GC(5) Pause Remark
[2025-03-27T21:59:27.330-0200][gc,stringtable] GC(5) Cleaned string and symbol table, strings: 10999 processed, 10 removed, symbols: 100061 processed, 19 removed
[2025-03-27T21:59:27.331-0200][gc            ] GC(5) Pause Remark 141M->141M(1024M) 2.670ms
[2025-03-27T21:59:27.331-0200][gc,cpu        ] GC(5) User=0.01s Sys=0.00s Real=0.01s
[2025-03-27T21:59:27.331-0200][gc,marking    ] GC(5) Concurrent Rebuild Remembered Sets
[2025-03-27T21:59:27.335-0200][gc,marking    ] GC(5) Concurrent Rebuild Remembered Sets 4.239ms
[2025-03-27T21:59:27.335-0200][gc,start      ] GC(5) Pause Cleanup
[2025-03-27T21:59:27.335-0200][gc            ] GC(5) Pause Cleanup 141M->141M(1024M) 0.106ms
[2025-03-27T21:59:27.335-0200][gc,cpu        ] GC(5) User=0.00s Sys=0.00s Real=0.00s
[2025-03-27T21:59:27.335-0200][gc,marking    ] GC(5) Concurrent Cleanup for Next Mark
[2025-03-27T21:59:27.343-0200][gc,marking    ] GC(5) Concurrent Cleanup for Next Mark 7.713ms
[2025-03-27T21:59:27.343-0200][gc            ] GC(5) Concurrent Cycle 25.801ms
[2025-03-27T21:59:27.936-0200][gc,start      ] GC(6) Pause Young (Normal) (G1 Evacuation Pause)
[2025-03-27T21:59:27.936-0200][gc,task       ] GC(6) Using 4 workers of 4 for evacuation
[2025-03-27T21:59:27.943-0200][gc,phases     ] GC(6)   Pre Evacuate Collection Set: 0.0ms
[2025-03-27T21:59:27.943-0200][gc,phases     ] GC(6)   Evacuate Collection Set: 6.3ms
[2025-03-27T21:59:27.943-0200][gc,phases     ] GC(6)   Post Evacuate Collection Set: 0.3ms
[2025-03-27T21:59:27.943-0200][gc,phases     ] GC(6)   Other: 0.2ms
[2025-03-27T21:59:27.943-0200][gc,heap       ] GC(6) Eden regions: 47->0(45)
[2025-03-27T21:59:27.943-0200][gc,heap       ] GC(6) Survivor regions: 4->6(7)
[2025-03-27T21:59:27.943-0200][gc,heap       ] GC(6) Old regions: 8->8
[2025-03-27T21:59:27.943-0200][gc,heap       ] GC(6) Humongous regions: 129->0
[2025-03-27T21:59:27.943-0200][gc,metaspace  ] GC(6) Metaspace: 41606K->41606K(1087488K)
[2025-03-27T21:59:27.943-0200][gc            ] GC(6) Pause Young (Normal) (G1 Evacuation Pause) 186M->13M(1024M) 6.943ms
[2025-03-27T21:59:27.943-0200][gc,cpu        ] GC(6) User=0.02s Sys=0.00s Real=0.01s
[2025-03-27T21:59:28.907-0200][gc,heap,exit  ] Heap
[2025-03-27T21:59:28.907-0200][gc,heap,exit  ]  garbage-first heap   total 1048576K, used 20262K [0x00000007c0000000, 0x0000000800000000)
[2025-03-27T21:59:28.907-0200][gc,heap,exit  ]   region size 1024K, 13 young (13312K), 6 survivors (6144K)
[2025-03-27T21:59:28.907-0200][gc,heap,exit  ]  Metaspace       used 42361K, capacity 43799K, committed 44032K, reserved 1087488K
[2025-03-27T21:59:28.907-0200][gc,heap,exit  ]   class space    used 4861K, capacity 5529K, committed 5632K, reserved 1048576K
