[2025-03-28T11:53:36.501-0200][gc,heap] Heap region size: 1M
[2025-03-28T11:53:36.510-0200][gc     ] Using G1
[2025-03-28T11:53:36.511-0200][gc,heap,coops] Heap address: 0x00000007c0000000, size: 1024 MB, Compressed Oops mode: Zero based, Oop shift amount: 3
[2025-03-28T11:53:37.756-0200][gc,start     ] GC(0) Pause Young (Normal) (G1 Evacuation Pause)
[2025-03-28T11:53:37.756-0200][gc,task      ] GC(0) Using 4 workers of 4 for evacuation
[2025-03-28T11:53:37.762-0200][gc,phases    ] GC(0)   Pre Evacuate Collection Set: 0.0ms
[2025-03-28T11:53:37.762-0200][gc,phases    ] GC(0)   Evacuate Collection Set: 6.0ms
[2025-03-28T11:53:37.762-0200][gc,phases    ] GC(0)   Post Evacuate Collection Set: 0.3ms
[2025-03-28T11:53:37.763-0200][gc,phases    ] GC(0)   Other: 0.4ms
[2025-03-28T11:53:37.763-0200][gc,heap      ] GC(0) Eden regions: 51->0(44)
[2025-03-28T11:53:37.763-0200][gc,heap      ] GC(0) Survivor regions: 0->7(7)
[2025-03-28T11:53:37.763-0200][gc,heap      ] GC(0) Old regions: 0->1
[2025-03-28T11:53:37.763-0200][gc,heap      ] GC(0) Humongous regions: 0->0
[2025-03-28T11:53:37.763-0200][gc,metaspace ] GC(0) Metaspace: 20392K->20392K(1067008K)
[2025-03-28T11:53:37.763-0200][gc           ] GC(0) Pause Young (Normal) (G1 Evacuation Pause) 51M->7M(1024M) 6.861ms
[2025-03-28T11:53:37.763-0200][gc,cpu       ] GC(0) User=0.02s Sys=0.01s Real=0.01s
[2025-03-28T11:53:37.780-0200][gc,start     ] GC(1) Pause Young (Concurrent Start) (Metadata GC Threshold)
[2025-03-28T11:53:37.780-0200][gc,task      ] GC(1) Using 4 workers of 4 for evacuation
[2025-03-28T11:53:37.787-0200][gc,phases    ] GC(1)   Pre Evacuate Collection Set: 0.0ms
[2025-03-28T11:53:37.787-0200][gc,phases    ] GC(1)   Evacuate Collection Set: 6.4ms
[2025-03-28T11:53:37.787-0200][gc,phases    ] GC(1)   Post Evacuate Collection Set: 0.2ms
[2025-03-28T11:53:37.787-0200][gc,phases    ] GC(1)   Other: 0.2ms
[2025-03-28T11:53:37.787-0200][gc,heap      ] GC(1) Eden regions: 3->0(50)
[2025-03-28T11:53:37.787-0200][gc,heap      ] GC(1) Survivor regions: 7->1(7)
[2025-03-28T11:53:37.787-0200][gc,heap      ] GC(1) Old regions: 1->9
[2025-03-28T11:53:37.787-0200][gc,heap      ] GC(1) Humongous regions: 0->0
[2025-03-28T11:53:37.787-0200][gc,metaspace ] GC(1) Metaspace: 20701K->20701K(1069056K)
[2025-03-28T11:53:37.787-0200][gc           ] GC(1) Pause Young (Concurrent Start) (Metadata GC Threshold) 10M->8M(1024M) 6.959ms
[2025-03-28T11:53:37.787-0200][gc,cpu       ] GC(1) User=0.02s Sys=0.00s Real=0.00s
[2025-03-28T11:53:37.787-0200][gc           ] GC(2) Concurrent Cycle
[2025-03-28T11:53:37.787-0200][gc,marking   ] GC(2) Concurrent Clear Claimed Marks
[2025-03-28T11:53:37.787-0200][gc,marking   ] GC(2) Concurrent Clear Claimed Marks 0.023ms
[2025-03-28T11:53:37.787-0200][gc,marking   ] GC(2) Concurrent Scan Root Regions
[2025-03-28T11:53:37.787-0200][gc,marking   ] GC(2) Concurrent Scan Root Regions 0.247ms
[2025-03-28T11:53:37.787-0200][gc,marking   ] GC(2) Concurrent Mark (1.301s)
[2025-03-28T11:53:37.787-0200][gc,marking   ] GC(2) Concurrent Mark From Roots
[2025-03-28T11:53:37.787-0200][gc,task      ] GC(2) Using 1 workers of 1 for marking
[2025-03-28T11:53:37.795-0200][gc,marking   ] GC(2) Concurrent Mark From Roots 7.386ms
[2025-03-28T11:53:37.795-0200][gc,marking   ] GC(2) Concurrent Preclean
[2025-03-28T11:53:37.795-0200][gc,marking   ] GC(2) Concurrent Preclean 0.051ms
[2025-03-28T11:53:37.795-0200][gc,marking   ] GC(2) Concurrent Mark (1.301s, 1.309s) 7.521ms
[2025-03-28T11:53:37.795-0200][gc,start     ] GC(2) Pause Remark
[2025-03-28T11:53:37.797-0200][gc,stringtable] GC(2) Cleaned string and symbol table, strings: 7627 processed, 0 removed, symbols: 67440 processed, 40 removed
[2025-03-28T11:53:37.797-0200][gc            ] GC(2) Pause Remark 9M->9M(1024M) 2.365ms
[2025-03-28T11:53:37.797-0200][gc,cpu        ] GC(2) User=0.01s Sys=0.00s Real=0.00s
[2025-03-28T11:53:37.797-0200][gc,marking    ] GC(2) Concurrent Rebuild Remembered Sets
[2025-03-28T11:53:37.802-0200][gc,marking    ] GC(2) Concurrent Rebuild Remembered Sets 4.674ms
[2025-03-28T11:53:37.803-0200][gc,start      ] GC(2) Pause Cleanup
[2025-03-28T11:53:37.803-0200][gc            ] GC(2) Pause Cleanup 10M->10M(1024M) 0.149ms
[2025-03-28T11:53:37.803-0200][gc,cpu        ] GC(2) User=0.00s Sys=0.00s Real=0.00s
[2025-03-28T11:53:37.803-0200][gc,marking    ] GC(2) Concurrent Cleanup for Next Mark
[2025-03-28T11:53:37.810-0200][gc,marking    ] GC(2) Concurrent Cleanup for Next Mark 7.533ms
[2025-03-28T11:53:37.811-0200][gc            ] GC(2) Concurrent Cycle 23.645ms
[2025-03-28T11:53:38.537-0200][gc,start      ] GC(3) Pause Young (Normal) (G1 Evacuation Pause)
[2025-03-28T11:53:38.537-0200][gc,task       ] GC(3) Using 4 workers of 4 for evacuation
[2025-03-28T11:53:38.540-0200][gc,phases     ] GC(3)   Pre Evacuate Collection Set: 0.0ms
[2025-03-28T11:53:38.540-0200][gc,phases     ] GC(3)   Evacuate Collection Set: 3.3ms
[2025-03-28T11:53:38.540-0200][gc,phases     ] GC(3)   Post Evacuate Collection Set: 0.2ms
[2025-03-28T11:53:38.540-0200][gc,phases     ] GC(3)   Other: 0.1ms
[2025-03-28T11:53:38.540-0200][gc,heap       ] GC(3) Eden regions: 50->0(49)
[2025-03-28T11:53:38.541-0200][gc,heap       ] GC(3) Survivor regions: 1->2(7)
[2025-03-28T11:53:38.541-0200][gc,heap       ] GC(3) Old regions: 9->9
[2025-03-28T11:53:38.541-0200][gc,heap       ] GC(3) Humongous regions: 0->0
[2025-03-28T11:53:38.541-0200][gc,metaspace  ] GC(3) Metaspace: 29984K->29984K(1077248K)
[2025-03-28T11:53:38.541-0200][gc            ] GC(3) Pause Young (Normal) (G1 Evacuation Pause) 58M->9M(1024M) 3.754ms
[2025-03-28T11:53:38.541-0200][gc,cpu        ] GC(3) User=0.01s Sys=0.00s Real=0.01s
[2025-03-28T11:53:39.036-0200][gc,start      ] GC(4) Pause Young (Concurrent Start) (Metadata GC Threshold)
[2025-03-28T11:53:39.036-0200][gc,task       ] GC(4) Using 4 workers of 4 for evacuation
[2025-03-28T11:53:39.039-0200][gc,phases     ] GC(4)   Pre Evacuate Collection Set: 0.0ms
[2025-03-28T11:53:39.040-0200][gc,phases     ] GC(4)   Evacuate Collection Set: 3.3ms
[2025-03-28T11:53:39.040-0200][gc,phases     ] GC(4)   Post Evacuate Collection Set: 0.2ms
[2025-03-28T11:53:39.040-0200][gc,phases     ] GC(4)   Other: 0.2ms
[2025-03-28T11:53:39.040-0200][gc,heap       ] GC(4) Eden regions: 33->0(47)
[2025-03-28T11:53:39.040-0200][gc,heap       ] GC(4) Survivor regions: 2->4(7)
[2025-03-28T11:53:39.040-0200][gc,heap       ] GC(4) Old regions: 9->9
[2025-03-28T11:53:39.040-0200][gc,heap       ] GC(4) Humongous regions: 129->129
[2025-03-28T11:53:39.040-0200][gc,metaspace  ] GC(4) Metaspace: 34842K->34842K(1081344K)
[2025-03-28T11:53:39.040-0200][gc            ] GC(4) Pause Young (Concurrent Start) (Metadata GC Threshold) 171M->140M(1024M) 3.746ms
[2025-03-28T11:53:39.040-0200][gc,cpu        ] GC(4) User=0.01s Sys=0.00s Real=0.01s
[2025-03-28T11:53:39.040-0200][gc            ] GC(5) Concurrent Cycle
[2025-03-28T11:53:39.040-0200][gc,marking    ] GC(5) Concurrent Clear Claimed Marks
[2025-03-28T11:53:39.040-0200][gc,marking    ] GC(5) Concurrent Clear Claimed Marks 0.025ms
[2025-03-28T11:53:39.040-0200][gc,marking    ] GC(5) Concurrent Scan Root Regions
[2025-03-28T11:53:39.042-0200][gc,marking    ] GC(5) Concurrent Scan Root Regions 2.500ms
[2025-03-28T11:53:39.042-0200][gc,marking    ] GC(5) Concurrent Mark (2.556s)
[2025-03-28T11:53:39.042-0200][gc,marking    ] GC(5) Concurrent Mark From Roots
[2025-03-28T11:53:39.042-0200][gc,task       ] GC(5) Using 1 workers of 1 for marking
[2025-03-28T11:53:39.049-0200][gc,marking    ] GC(5) Concurrent Mark From Roots 6.681ms
[2025-03-28T11:53:39.049-0200][gc,marking    ] GC(5) Concurrent Preclean
[2025-03-28T11:53:39.049-0200][gc,marking    ] GC(5) Concurrent Preclean 0.039ms
[2025-03-28T11:53:39.049-0200][gc,marking    ] GC(5) Concurrent Mark (2.556s, 2.563s) 6.773ms
[2025-03-28T11:53:39.049-0200][gc,start      ] GC(5) Pause Remark
[2025-03-28T11:53:39.052-0200][gc,stringtable] GC(5) Cleaned string and symbol table, strings: 11125 processed, 10 removed, symbols: 100549 processed, 19 removed
[2025-03-28T11:53:39.052-0200][gc            ] GC(5) Pause Remark 142M->142M(1024M) 3.046ms
[2025-03-28T11:53:39.052-0200][gc,cpu        ] GC(5) User=0.01s Sys=0.00s Real=0.01s
[2025-03-28T11:53:39.052-0200][gc,marking    ] GC(5) Concurrent Rebuild Remembered Sets
[2025-03-28T11:53:39.057-0200][gc,marking    ] GC(5) Concurrent Rebuild Remembered Sets 4.224ms
[2025-03-28T11:53:39.057-0200][gc,start      ] GC(5) Pause Cleanup
[2025-03-28T11:53:39.057-0200][gc            ] GC(5) Pause Cleanup 142M->142M(1024M) 0.105ms
[2025-03-28T11:53:39.057-0200][gc,cpu        ] GC(5) User=0.00s Sys=0.00s Real=0.00s
[2025-03-28T11:53:39.057-0200][gc,marking    ] GC(5) Concurrent Cleanup for Next Mark
[2025-03-28T11:53:39.064-0200][gc,marking    ] GC(5) Concurrent Cleanup for Next Mark 7.124ms
[2025-03-28T11:53:39.064-0200][gc            ] GC(5) Concurrent Cycle 24.409ms
[2025-03-28T11:53:39.485-0200][gc,start      ] GC(6) Pause Young (Normal) (G1 Evacuation Pause)
[2025-03-28T11:53:39.485-0200][gc,task       ] GC(6) Using 4 workers of 4 for evacuation
[2025-03-28T11:53:39.493-0200][gc,phases     ] GC(6)   Pre Evacuate Collection Set: 0.0ms
[2025-03-28T11:53:39.493-0200][gc,phases     ] GC(6)   Evacuate Collection Set: 7.2ms
[2025-03-28T11:53:39.493-0200][gc,phases     ] GC(6)   Post Evacuate Collection Set: 0.3ms
[2025-03-28T11:53:39.493-0200][gc,phases     ] GC(6)   Other: 0.2ms
[2025-03-28T11:53:39.493-0200][gc,heap       ] GC(6) Eden regions: 47->0(44)
[2025-03-28T11:53:39.493-0200][gc,heap       ] GC(6) Survivor regions: 4->7(7)
[2025-03-28T11:53:39.493-0200][gc,heap       ] GC(6) Old regions: 9->9
[2025-03-28T11:53:39.493-0200][gc,heap       ] GC(6) Humongous regions: 129->129
[2025-03-28T11:53:39.493-0200][gc,metaspace  ] GC(6) Metaspace: 42026K->42026K(1087488K)
[2025-03-28T11:53:39.493-0200][gc            ] GC(6) Pause Young (Normal) (G1 Evacuation Pause) 187M->144M(1024M) 7.821ms
[2025-03-28T11:53:39.493-0200][gc,cpu        ] GC(6) User=0.03s Sys=0.00s Real=0.01s
[2025-03-28T11:53:40.650-0200][gc,start      ] GC(7) Pause Young (Normal) (G1 Evacuation Pause)
[2025-03-28T11:53:40.650-0200][gc,task       ] GC(7) Using 4 workers of 4 for evacuation
[2025-03-28T11:53:40.659-0200][gc,phases     ] GC(7)   Pre Evacuate Collection Set: 0.0ms
[2025-03-28T11:53:40.659-0200][gc,phases     ] GC(7)   Evacuate Collection Set: 9.2ms
[2025-03-28T11:53:40.659-0200][gc,phases     ] GC(7)   Post Evacuate Collection Set: 0.3ms
[2025-03-28T11:53:40.659-0200][gc,phases     ] GC(7)   Other: 0.2ms
[2025-03-28T11:53:40.659-0200][gc,heap       ] GC(7) Eden regions: 44->0(45)
[2025-03-28T11:53:40.659-0200][gc,heap       ] GC(7) Survivor regions: 7->6(7)
[2025-03-28T11:53:40.659-0200][gc,heap       ] GC(7) Old regions: 9->12
[2025-03-28T11:53:40.659-0200][gc,heap       ] GC(7) Humongous regions: 135->135
[2025-03-28T11:53:40.659-0200][gc,metaspace  ] GC(7) Metaspace: 48761K->48761K(1093632K)
[2025-03-28T11:53:40.659-0200][gc            ] GC(7) Pause Young (Normal) (G1 Evacuation Pause) 194M->152M(1024M) 9.797ms
[2025-03-28T11:53:40.659-0200][gc,cpu        ] GC(7) User=0.04s Sys=0.01s Real=0.00s
[2025-03-28T12:18:00.622-0200][gc,start      ] GC(8) Pause Young (Normal) (G1 Evacuation Pause)
[2025-03-28T12:18:00.628-0200][gc,task       ] GC(8) Using 4 workers of 4 for evacuation
[2025-03-28T12:18:00.644-0200][gc,phases     ] GC(8)   Pre Evacuate Collection Set: 1.1ms
[2025-03-28T12:18:00.644-0200][gc,phases     ] GC(8)   Evacuate Collection Set: 15.0ms
[2025-03-28T12:18:00.644-0200][gc,phases     ] GC(8)   Post Evacuate Collection Set: 0.5ms
[2025-03-28T12:18:00.645-0200][gc,phases     ] GC(8)   Other: 6.1ms
[2025-03-28T12:18:00.645-0200][gc,heap       ] GC(8) Eden regions: 45->0(48)
[2025-03-28T12:18:00.645-0200][gc,heap       ] GC(8) Survivor regions: 6->3(7)
[2025-03-28T12:18:00.645-0200][gc,heap       ] GC(8) Old regions: 12->15
[2025-03-28T12:18:00.645-0200][gc,heap       ] GC(8) Humongous regions: 135->129
[2025-03-28T12:18:00.645-0200][gc,metaspace  ] GC(8) Metaspace: 51030K->51030K(1095680K)
[2025-03-28T12:18:00.645-0200][gc            ] GC(8) Pause Young (Normal) (G1 Evacuation Pause) 197M->146M(1024M) 22.653ms
[2025-03-28T12:18:00.645-0200][gc,cpu        ] GC(8) User=0.03s Sys=0.03s Real=0.02s
[2025-03-28T12:37:21.046-0200][gc,start      ] GC(9) Pause Young (Normal) (G1 Evacuation Pause)
[2025-03-28T12:37:21.052-0200][gc,task       ] GC(9) Using 4 workers of 4 for evacuation
[2025-03-28T12:37:21.070-0200][gc,phases     ] GC(9)   Pre Evacuate Collection Set: 1.4ms
[2025-03-28T12:37:21.070-0200][gc,phases     ] GC(9)   Evacuate Collection Set: 15.9ms
[2025-03-28T12:37:21.070-0200][gc,phases     ] GC(9)   Post Evacuate Collection Set: 0.7ms
[2025-03-28T12:37:21.070-0200][gc,phases     ] GC(9)   Other: 6.4ms
[2025-03-28T12:37:21.070-0200][gc,heap       ] GC(9) Eden regions: 48->0(47)
[2025-03-28T12:37:21.070-0200][gc,heap       ] GC(9) Survivor regions: 3->4(7)
[2025-03-28T12:37:21.070-0200][gc,heap       ] GC(9) Old regions: 15->15
[2025-03-28T12:37:21.070-0200][gc,heap       ] GC(9) Humongous regions: 129->129
[2025-03-28T12:37:21.070-0200][gc,metaspace  ] GC(9) Metaspace: 53778K->53778K(1097728K)
[2025-03-28T12:37:21.070-0200][gc            ] GC(9) Pause Young (Normal) (G1 Evacuation Pause) 194M->147M(1024M) 24.321ms
[2025-03-28T12:37:21.070-0200][gc,cpu        ] GC(9) User=0.02s Sys=0.03s Real=0.03s
[2025-03-28T12:56:41.857-0200][gc,start      ] GC(10) Pause Young (Normal) (G1 Evacuation Pause)
[2025-03-28T12:56:41.862-0200][gc,task       ] GC(10) Using 4 workers of 4 for evacuation
[2025-03-28T12:56:41.885-0200][gc,mmu        ] GC(10) MMU target violated: 21.0ms (20.0ms/21.0ms)
[2025-03-28T12:56:41.885-0200][gc,phases     ] GC(10)   Pre Evacuate Collection Set: 1.4ms
[2025-03-28T12:56:41.885-0200][gc,phases     ] GC(10)   Evacuate Collection Set: 19.8ms
[2025-03-28T12:56:41.885-0200][gc,phases     ] GC(10)   Post Evacuate Collection Set: 1.0ms
[2025-03-28T12:56:41.885-0200][gc,phases     ] GC(10)   Other: 6.3ms
[2025-03-28T12:56:41.885-0200][gc,heap       ] GC(10) Eden regions: 47->0(47)
[2025-03-28T12:56:41.885-0200][gc,heap       ] GC(10) Survivor regions: 4->4(7)
[2025-03-28T12:56:41.885-0200][gc,heap       ] GC(10) Old regions: 15->15
[2025-03-28T12:56:41.885-0200][gc,heap       ] GC(10) Humongous regions: 129->129
[2025-03-28T12:56:41.885-0200][gc,metaspace  ] GC(10) Metaspace: 54178K->54178K(1097728K)
[2025-03-28T12:56:41.885-0200][gc            ] GC(10) Pause Young (Normal) (G1 Evacuation Pause) 194M->147M(1024M) 28.500ms
[2025-03-28T12:56:41.885-0200][gc,cpu        ] GC(10) User=0.03s Sys=0.04s Real=0.03s
[2025-03-28T14:13:01.632-0200][gc,start      ] GC(11) Pause Young (Normal) (G1 Evacuation Pause)
[2025-03-28T14:13:01.634-0200][gc,task       ] GC(11) Using 4 workers of 4 for evacuation
[2025-03-28T14:13:01.655-0200][gc,mmu        ] GC(11) MMU target violated: 21.0ms (20.0ms/21.0ms)
[2025-03-28T14:13:01.655-0200][gc,phases     ] GC(11)   Pre Evacuate Collection Set: 0.8ms
[2025-03-28T14:13:01.655-0200][gc,phases     ] GC(11)   Evacuate Collection Set: 19.0ms
[2025-03-28T14:13:01.655-0200][gc,phases     ] GC(11)   Post Evacuate Collection Set: 1.0ms
[2025-03-28T14:13:01.655-0200][gc,phases     ] GC(11)   Other: 2.2ms
[2025-03-28T14:13:01.655-0200][gc,heap       ] GC(11) Eden regions: 47->0(48)
[2025-03-28T14:13:01.655-0200][gc,heap       ] GC(11) Survivor regions: 4->3(7)
[2025-03-28T14:13:01.655-0200][gc,heap       ] GC(11) Old regions: 15->17
[2025-03-28T14:13:01.655-0200][gc,heap       ] GC(11) Humongous regions: 129->129
[2025-03-28T14:13:01.655-0200][gc,metaspace  ] GC(11) Metaspace: 54847K->54847K(1099776K)
[2025-03-28T14:13:01.655-0200][gc            ] GC(11) Pause Young (Normal) (G1 Evacuation Pause) 194M->147M(1024M) 23.085ms
[2025-03-28T14:13:01.655-0200][gc,cpu        ] GC(11) User=0.05s Sys=0.03s Real=0.02s
