[2025-04-22T17:21:20.137+0300][gc,init] CardTable entry size: 512
[2025-04-22T17:21:20.137+0300][gc     ] Using G1
[2025-04-22T17:21:20.144+0300][gc,init] Version: 21.0.5+11-LTS (release)
[2025-04-22T17:21:20.144+0300][gc,init] CPUs: 16 total, 16 available
[2025-04-22T17:21:20.144+0300][gc,init] Memory: 16384M
[2025-04-22T17:21:20.144+0300][gc,init] Large Page Support: Disabled
[2025-04-22T17:21:20.144+0300][gc,init] NUMA Support: Disabled
[2025-04-22T17:21:20.144+0300][gc,init] Compressed Oops: Enabled (Zero based)
[2025-04-22T17:21:20.144+0300][gc,init] Heap Region Size: 1M
[2025-04-22T17:21:20.144+0300][gc,init] Heap Min Capacity: 1G
[2025-04-22T17:21:20.144+0300][gc,init] Heap Initial Capacity: 1G
[2025-04-22T17:21:20.144+0300][gc,init] Heap Max Capacity: 1G
[2025-04-22T17:21:20.144+0300][gc,init] Pre-touch: Disabled
[2025-04-22T17:21:20.144+0300][gc,init] Parallel Workers: 13
[2025-04-22T17:21:20.144+0300][gc,init] Concurrent Workers: 3
[2025-04-22T17:21:20.144+0300][gc,init] Concurrent Refinement Workers: 13
[2025-04-22T17:21:20.144+0300][gc,init] Periodic GC: Disabled
[2025-04-22T17:21:20.152+0300][gc,metaspace] CDS archive(s) mapped at: [0x0000000128000000-0x0000000128c8c000-0x0000000128c8c000), size 13156352, SharedBaseAddress: 0x0000000128000000, ArchiveRelocationMode: 1.
[2025-04-22T17:21:20.152+0300][gc,metaspace] Compressed class space mapped at: 0x0000000129000000-0x0000000169000000, reserved size: 1073741824
[2025-04-22T17:21:20.152+0300][gc,metaspace] Narrow klass base: 0x0000000128000000, Narrow klass shift: 0, Narrow klass range: 0x100000000
[2025-04-22T17:21:26.633+0300][gc,start    ] GC(0) Pause Young (Normal) (G1 Evacuation Pause)
[2025-04-22T17:21:26.633+0300][gc,task     ] GC(0) Using 13 workers of 13 for evacuation
[2025-04-22T17:21:26.638+0300][gc,phases   ] GC(0)   Pre Evacuate Collection Set: 0.1ms
[2025-04-22T17:21:26.638+0300][gc,phases   ] GC(0)   Merge Heap Roots: 0.1ms
[2025-04-22T17:21:26.638+0300][gc,phases   ] GC(0)   Evacuate Collection Set: 3.7ms
[2025-04-22T17:21:26.638+0300][gc,phases   ] GC(0)   Post Evacuate Collection Set: 1.0ms
[2025-04-22T17:21:26.639+0300][gc,phases   ] GC(0)   Other: 0.6ms
[2025-04-22T17:21:26.639+0300][gc,heap     ] GC(0) Eden regions: 51->0(44)
[2025-04-22T17:21:26.639+0300][gc,heap     ] GC(0) Survivor regions: 0->7(7)
[2025-04-22T17:21:26.639+0300][gc,heap     ] GC(0) Old regions: 2->3
[2025-04-22T17:21:26.639+0300][gc,heap     ] GC(0) Humongous regions: 0->0
[2025-04-22T17:21:26.639+0300][gc,metaspace] GC(0) Metaspace: 16622K(16832K)->16622K(16832K) NonClass: 14682K(14784K)->14682K(14784K) Class: 1940K(2048K)->1940K(2048K)
[2025-04-22T17:21:26.639+0300][gc          ] GC(0) Pause Young (Normal) (G1 Evacuation Pause) 52M->8M(1024M) 5.825ms
[2025-04-22T17:21:26.639+0300][gc,cpu      ] GC(0) User=0.02s Sys=0.02s Real=0.00s
[2025-04-22T17:21:26.873+0300][gc,start    ] GC(1) Pause Young (Concurrent Start) (Metadata GC Threshold)
[2025-04-22T17:21:26.874+0300][gc,task     ] GC(1) Using 13 workers of 13 for evacuation
[2025-04-22T17:21:26.877+0300][gc,phases   ] GC(1)   Pre Evacuate Collection Set: 0.2ms
[2025-04-22T17:21:26.877+0300][gc,phases   ] GC(1)   Merge Heap Roots: 0.1ms
[2025-04-22T17:21:26.877+0300][gc,phases   ] GC(1)   Evacuate Collection Set: 3.1ms
[2025-04-22T17:21:26.877+0300][gc,phases   ] GC(1)   Post Evacuate Collection Set: 0.4ms
[2025-04-22T17:21:26.878+0300][gc,phases   ] GC(1)   Other: 0.1ms
[2025-04-22T17:21:26.878+0300][gc,heap     ] GC(1) Eden regions: 17->0(49)
[2025-04-22T17:21:26.878+0300][gc,heap     ] GC(1) Survivor regions: 7->2(7)
[2025-04-22T17:21:26.878+0300][gc,heap     ] GC(1) Old regions: 3->11
[2025-04-22T17:21:26.878+0300][gc,heap     ] GC(1) Humongous regions: 0->0
[2025-04-22T17:21:26.878+0300][gc,metaspace] GC(1) Metaspace: 21347K(21504K)->21347K(21504K) NonClass: 18870K(18944K)->18870K(18944K) Class: 2476K(2560K)->2476K(2560K)
[2025-04-22T17:21:26.878+0300][gc          ] GC(1) Pause Young (Concurrent Start) (Metadata GC Threshold) 25M->10M(1024M) 4.104ms
[2025-04-22T17:21:26.878+0300][gc,cpu      ] GC(1) User=0.02s Sys=0.02s Real=0.00s
[2025-04-22T17:21:26.878+0300][gc          ] GC(2) Concurrent Mark Cycle
[2025-04-22T17:21:26.878+0300][gc,marking  ] GC(2) Concurrent Scan Root Regions
[2025-04-22T17:21:26.879+0300][gc,marking  ] GC(2) Concurrent Scan Root Regions 1.349ms
[2025-04-22T17:21:26.879+0300][gc,marking  ] GC(2) Concurrent Mark
[2025-04-22T17:21:26.879+0300][gc,marking  ] GC(2) Concurrent Mark From Roots
[2025-04-22T17:21:26.879+0300][gc,task     ] GC(2) Using 3 workers of 3 for marking
[2025-04-22T17:21:26.880+0300][gc,marking  ] GC(2) Concurrent Mark From Roots 1.427ms
[2025-04-22T17:21:26.881+0300][gc,marking  ] GC(2) Concurrent Preclean
[2025-04-22T17:21:26.881+0300][gc,marking  ] GC(2) Concurrent Preclean 0.015ms
[2025-04-22T17:21:26.881+0300][gc,start    ] GC(2) Pause Remark
[2025-04-22T17:21:26.882+0300][gc          ] GC(2) Pause Remark 11M->11M(1024M) 1.448ms
[2025-04-22T17:21:26.882+0300][gc,cpu      ] GC(2) User=0.01s Sys=0.00s Real=0.00s
[2025-04-22T17:21:26.882+0300][gc,marking  ] GC(2) Concurrent Mark 3.132ms
[2025-04-22T17:21:26.882+0300][gc,marking  ] GC(2) Concurrent Rebuild Remembered Sets and Scrub Regions
[2025-04-22T17:21:26.884+0300][gc,marking  ] GC(2) Concurrent Rebuild Remembered Sets and Scrub Regions 1.380ms
[2025-04-22T17:21:26.884+0300][gc,start    ] GC(2) Pause Cleanup
[2025-04-22T17:21:26.884+0300][gc          ] GC(2) Pause Cleanup 11M->11M(1024M) 0.107ms
[2025-04-22T17:21:26.884+0300][gc,cpu      ] GC(2) User=0.00s Sys=0.00s Real=0.00s
[2025-04-22T17:21:26.884+0300][gc,marking  ] GC(2) Concurrent Clear Claimed Marks
[2025-04-22T17:21:26.884+0300][gc,marking  ] GC(2) Concurrent Clear Claimed Marks 0.032ms
[2025-04-22T17:21:26.884+0300][gc,marking  ] GC(2) Concurrent Cleanup for Next Mark
[2025-04-22T17:21:26.888+0300][gc,marking  ] GC(2) Concurrent Cleanup for Next Mark 4.557ms
[2025-04-22T17:21:26.889+0300][gc          ] GC(2) Concurrent Mark Cycle 10.906ms
[2025-04-22T17:21:28.753+0300][gc,start    ] GC(3) Pause Young (Prepare Mixed) (G1 Evacuation Pause)
[2025-04-22T17:21:28.753+0300][gc,task     ] GC(3) Using 13 workers of 13 for evacuation
[2025-04-22T17:21:28.755+0300][gc,phases   ] GC(3)   Pre Evacuate Collection Set: 0.2ms
[2025-04-22T17:21:28.755+0300][gc,phases   ] GC(3)   Merge Heap Roots: 0.1ms
[2025-04-22T17:21:28.755+0300][gc,phases   ] GC(3)   Evacuate Collection Set: 1.6ms
[2025-04-22T17:21:28.756+0300][gc,phases   ] GC(3)   Post Evacuate Collection Set: 0.4ms
[2025-04-22T17:21:28.756+0300][gc,phases   ] GC(3)   Other: 0.0ms
[2025-04-22T17:21:28.756+0300][gc,heap     ] GC(3) Eden regions: 49->0(45)
[2025-04-22T17:21:28.756+0300][gc,heap     ] GC(3) Survivor regions: 2->6(7)
[2025-04-22T17:21:28.756+0300][gc,heap     ] GC(3) Old regions: 11->11
[2025-04-22T17:21:28.756+0300][gc,heap     ] GC(3) Humongous regions: 129->129
[2025-04-22T17:21:28.756+0300][gc,metaspace] GC(3) Metaspace: 31203K(31488K)->31203K(31488K) NonClass: 27778K(27904K)->27778K(27904K) Class: 3425K(3584K)->3425K(3584K)
[2025-04-22T17:21:28.756+0300][gc          ] GC(3) Pause Young (Prepare Mixed) (G1 Evacuation Pause) 188M->143M(1024M) 2.524ms
[2025-04-22T17:21:28.756+0300][gc,cpu      ] GC(3) User=0.02s Sys=0.00s Real=0.00s
[2025-04-22T17:21:30.457+0300][gc,heap,exit] Heap
[2025-04-22T17:21:30.457+0300][gc,heap,exit]  garbage-first heap   total 1048576K, used 163335K [0x00000007c0000000, 0x0000000800000000)
[2025-04-22T17:21:30.457+0300][gc,heap,exit]   region size 1024K, 22 young (22528K), 6 survivors (6144K)
[2025-04-22T17:21:30.457+0300][gc,heap,exit]  Metaspace       used 33976K, committed 34368K, reserved 1114112K
[2025-04-22T17:21:30.457+0300][gc,heap,exit]   class space    used 3792K, committed 3968K, reserved 1048576K
