[2025-04-22T17:25:26.151+0300][gc,init] CardTable entry size: 512
[2025-04-22T17:25:26.152+0300][gc     ] Using G1
[2025-04-22T17:25:26.157+0300][gc,init] Version: 21.0.5+11-LTS (release)
[2025-04-22T17:25:26.157+0300][gc,init] CPUs: 16 total, 16 available
[2025-04-22T17:25:26.157+0300][gc,init] Memory: 16384M
[2025-04-22T17:25:26.157+0300][gc,init] Large Page Support: Disabled
[2025-04-22T17:25:26.157+0300][gc,init] NUMA Support: Disabled
[2025-04-22T17:25:26.157+0300][gc,init] Compressed Oops: Enabled (Zero based)
[2025-04-22T17:25:26.157+0300][gc,init] Heap Region Size: 1M
[2025-04-22T17:25:26.157+0300][gc,init] Heap Min Capacity: 1G
[2025-04-22T17:25:26.157+0300][gc,init] Heap Initial Capacity: 1G
[2025-04-22T17:25:26.157+0300][gc,init] Heap Max Capacity: 1G
[2025-04-22T17:25:26.157+0300][gc,init] Pre-touch: Disabled
[2025-04-22T17:25:26.157+0300][gc,init] Parallel Workers: 13
[2025-04-22T17:25:26.157+0300][gc,init] Concurrent Workers: 3
[2025-04-22T17:25:26.157+0300][gc,init] Concurrent Refinement Workers: 13
[2025-04-22T17:25:26.157+0300][gc,init] Periodic GC: Disabled
[2025-04-22T17:25:26.164+0300][gc,metaspace] CDS archive(s) mapped at: [0x000000012b000000-0x000000012bc8c000-0x000000012bc8c000), size 13156352, SharedBaseAddress: 0x000000012b000000, ArchiveRelocationMode: 1.
[2025-04-22T17:25:26.164+0300][gc,metaspace] Compressed class space mapped at: 0x000000012c000000-0x000000016c000000, reserved size: 1073741824
[2025-04-22T17:25:26.164+0300][gc,metaspace] Narrow klass base: 0x000000012b000000, Narrow klass shift: 0, Narrow klass range: 0x100000000
[2025-04-22T17:25:32.586+0300][gc,start    ] GC(0) Pause Young (Normal) (G1 Evacuation Pause)
[2025-04-22T17:25:32.587+0300][gc,task     ] GC(0) Using 13 workers of 13 for evacuation
[2025-04-22T17:25:32.591+0300][gc,phases   ] GC(0)   Pre Evacuate Collection Set: 0.2ms
[2025-04-22T17:25:32.591+0300][gc,phases   ] GC(0)   Merge Heap Roots: 0.1ms
[2025-04-22T17:25:32.591+0300][gc,phases   ] GC(0)   Evacuate Collection Set: 3.5ms
[2025-04-22T17:25:32.591+0300][gc,phases   ] GC(0)   Post Evacuate Collection Set: 0.6ms
[2025-04-22T17:25:32.591+0300][gc,phases   ] GC(0)   Other: 0.6ms
[2025-04-22T17:25:32.591+0300][gc,heap     ] GC(0) Eden regions: 51->0(44)
[2025-04-22T17:25:32.591+0300][gc,heap     ] GC(0) Survivor regions: 0->7(7)
[2025-04-22T17:25:32.591+0300][gc,heap     ] GC(0) Old regions: 2->4
[2025-04-22T17:25:32.591+0300][gc,heap     ] GC(0) Humongous regions: 0->0
[2025-04-22T17:25:32.591+0300][gc,metaspace] GC(0) Metaspace: 16526K(16768K)->16526K(16768K) NonClass: 14599K(14720K)->14599K(14720K) Class: 1926K(2048K)->1926K(2048K)
[2025-04-22T17:25:32.591+0300][gc          ] GC(0) Pause Young (Normal) (G1 Evacuation Pause) 52M->9M(1024M) 5.200ms
[2025-04-22T17:25:32.591+0300][gc,cpu      ] GC(0) User=0.02s Sys=0.02s Real=0.01s
[2025-04-22T17:25:32.819+0300][gc,start    ] GC(1) Pause Young (Concurrent Start) (Metadata GC Threshold)
[2025-04-22T17:25:32.819+0300][gc,task     ] GC(1) Using 13 workers of 13 for evacuation
[2025-04-22T17:25:32.822+0300][gc,phases   ] GC(1)   Pre Evacuate Collection Set: 0.2ms
[2025-04-22T17:25:32.822+0300][gc,phases   ] GC(1)   Merge Heap Roots: 0.1ms
[2025-04-22T17:25:32.822+0300][gc,phases   ] GC(1)   Evacuate Collection Set: 2.7ms
[2025-04-22T17:25:32.822+0300][gc,phases   ] GC(1)   Post Evacuate Collection Set: 0.5ms
[2025-04-22T17:25:32.822+0300][gc,phases   ] GC(1)   Other: 0.1ms
[2025-04-22T17:25:32.822+0300][gc,heap     ] GC(1) Eden regions: 17->0(49)
[2025-04-22T17:25:32.822+0300][gc,heap     ] GC(1) Survivor regions: 7->2(7)
[2025-04-22T17:25:32.823+0300][gc,heap     ] GC(1) Old regions: 4->10
[2025-04-22T17:25:32.823+0300][gc,heap     ] GC(1) Humongous regions: 0->0
[2025-04-22T17:25:32.823+0300][gc,metaspace] GC(1) Metaspace: 21328K(21504K)->21328K(21504K) NonClass: 18854K(18944K)->18854K(18944K) Class: 2474K(2560K)->2474K(2560K)
[2025-04-22T17:25:32.823+0300][gc          ] GC(1) Pause Young (Concurrent Start) (Metadata GC Threshold) 26M->10M(1024M) 3.706ms
[2025-04-22T17:25:32.823+0300][gc,cpu      ] GC(1) User=0.02s Sys=0.01s Real=0.01s
[2025-04-22T17:25:32.823+0300][gc          ] GC(2) Concurrent Mark Cycle
[2025-04-22T17:25:32.823+0300][gc,marking  ] GC(2) Concurrent Scan Root Regions
[2025-04-22T17:25:32.824+0300][gc,marking  ] GC(2) Concurrent Scan Root Regions 1.330ms
[2025-04-22T17:25:32.824+0300][gc,marking  ] GC(2) Concurrent Mark
[2025-04-22T17:25:32.824+0300][gc,marking  ] GC(2) Concurrent Mark From Roots
[2025-04-22T17:25:32.824+0300][gc,task     ] GC(2) Using 3 workers of 3 for marking
[2025-04-22T17:25:32.825+0300][gc,marking  ] GC(2) Concurrent Mark From Roots 1.327ms
[2025-04-22T17:25:32.825+0300][gc,marking  ] GC(2) Concurrent Preclean
[2025-04-22T17:25:32.825+0300][gc,marking  ] GC(2) Concurrent Preclean 0.022ms
[2025-04-22T17:25:32.826+0300][gc,start    ] GC(2) Pause Remark
[2025-04-22T17:25:32.827+0300][gc          ] GC(2) Pause Remark 10M->10M(1024M) 1.222ms
[2025-04-22T17:25:32.827+0300][gc,cpu      ] GC(2) User=0.00s Sys=0.00s Real=0.00s
[2025-04-22T17:25:32.827+0300][gc,marking  ] GC(2) Concurrent Mark 2.790ms
[2025-04-22T17:25:32.827+0300][gc,marking  ] GC(2) Concurrent Rebuild Remembered Sets and Scrub Regions
[2025-04-22T17:25:32.828+0300][gc,marking  ] GC(2) Concurrent Rebuild Remembered Sets and Scrub Regions 1.210ms
[2025-04-22T17:25:32.828+0300][gc,start    ] GC(2) Pause Cleanup
[2025-04-22T17:25:32.828+0300][gc          ] GC(2) Pause Cleanup 10M->10M(1024M) 0.156ms
[2025-04-22T17:25:32.828+0300][gc,cpu      ] GC(2) User=0.00s Sys=0.00s Real=0.00s
[2025-04-22T17:25:32.828+0300][gc,marking  ] GC(2) Concurrent Clear Claimed Marks
[2025-04-22T17:25:32.828+0300][gc,marking  ] GC(2) Concurrent Clear Claimed Marks 0.031ms
[2025-04-22T17:25:32.828+0300][gc,marking  ] GC(2) Concurrent Cleanup for Next Mark
[2025-04-22T17:25:32.833+0300][gc,marking  ] GC(2) Concurrent Cleanup for Next Mark 4.436ms
[2025-04-22T17:25:32.833+0300][gc          ] GC(2) Concurrent Mark Cycle 10.220ms
[2025-04-22T17:25:33.625+0300][gc,start    ] GC(3) Pause Young (Prepare Mixed) (G1 Evacuation Pause)
[2025-04-22T17:25:33.625+0300][gc,task     ] GC(3) Using 13 workers of 13 for evacuation
[2025-04-22T17:25:33.628+0300][gc,phases   ] GC(3)   Pre Evacuate Collection Set: 0.2ms
[2025-04-22T17:25:33.628+0300][gc,phases   ] GC(3)   Merge Heap Roots: 0.1ms
[2025-04-22T17:25:33.628+0300][gc,phases   ] GC(3)   Evacuate Collection Set: 1.8ms
[2025-04-22T17:25:33.628+0300][gc,phases   ] GC(3)   Post Evacuate Collection Set: 0.5ms
[2025-04-22T17:25:33.628+0300][gc,phases   ] GC(3)   Other: 0.1ms
[2025-04-22T17:25:33.628+0300][gc,heap     ] GC(3) Eden regions: 49->0(45)
[2025-04-22T17:25:33.628+0300][gc,heap     ] GC(3) Survivor regions: 2->6(7)
[2025-04-22T17:25:33.628+0300][gc,heap     ] GC(3) Old regions: 10->10
[2025-04-22T17:25:33.628+0300][gc,heap     ] GC(3) Humongous regions: 129->129
[2025-04-22T17:25:33.628+0300][gc,metaspace] GC(3) Metaspace: 31171K(31552K)->31171K(31552K) NonClass: 27746K(27968K)->27746K(27968K) Class: 3424K(3584K)->3424K(3584K)
[2025-04-22T17:25:33.628+0300][gc          ] GC(3) Pause Young (Prepare Mixed) (G1 Evacuation Pause) 187M->143M(1024M) 2.889ms
[2025-04-22T17:25:33.628+0300][gc,cpu      ] GC(3) User=0.02s Sys=0.01s Real=0.00s
[2025-04-22T17:25:33.850+0300][gc,start    ] GC(4) Pause Young (Mixed) (Metadata GC Threshold)
[2025-04-22T17:25:33.850+0300][gc,task     ] GC(4) Using 13 workers of 13 for evacuation
[2025-04-22T17:25:33.854+0300][gc,phases   ] GC(4)   Pre Evacuate Collection Set: 0.2ms
[2025-04-22T17:25:33.854+0300][gc,phases   ] GC(4)   Merge Heap Roots: 0.1ms
[2025-04-22T17:25:33.854+0300][gc,phases   ] GC(4)   Evacuate Collection Set: 3.3ms
[2025-04-22T17:25:33.854+0300][gc,phases   ] GC(4)   Post Evacuate Collection Set: 0.4ms
[2025-04-22T17:25:33.854+0300][gc,phases   ] GC(4)   Other: 0.1ms
[2025-04-22T17:25:33.854+0300][gc,heap     ] GC(4) Eden regions: 18->0(49)
[2025-04-22T17:25:33.854+0300][gc,heap     ] GC(4) Survivor regions: 6->2(7)
[2025-04-22T17:25:33.854+0300][gc,heap     ] GC(4) Old regions: 10->15
[2025-04-22T17:25:33.854+0300][gc,heap     ] GC(4) Humongous regions: 129->129
[2025-04-22T17:25:33.854+0300][gc,metaspace] GC(4) Metaspace: 35631K(35968K)->35631K(35968K) NonClass: 31770K(31936K)->31770K(31936K) Class: 3861K(4032K)->3861K(4032K)
[2025-04-22T17:25:33.854+0300][gc          ] GC(4) Pause Young (Mixed) (Metadata GC Threshold) 161M->145M(1024M) 4.342ms
[2025-04-22T17:25:33.854+0300][gc,cpu      ] GC(4) User=0.04s Sys=0.01s Real=0.00s
[2025-04-22T17:25:33.863+0300][gc,start    ] GC(5) Pause Young (Concurrent Start) (Metadata GC Threshold)
[2025-04-22T17:25:33.863+0300][gc,task     ] GC(5) Using 13 workers of 13 for evacuation
[2025-04-22T17:25:33.865+0300][gc,phases   ] GC(5)   Pre Evacuate Collection Set: 0.2ms
[2025-04-22T17:25:33.865+0300][gc,phases   ] GC(5)   Merge Heap Roots: 0.0ms
[2025-04-22T17:25:33.865+0300][gc,phases   ] GC(5)   Evacuate Collection Set: 0.8ms
[2025-04-22T17:25:33.865+0300][gc,phases   ] GC(5)   Post Evacuate Collection Set: 0.3ms
[2025-04-22T17:25:33.865+0300][gc,phases   ] GC(5)   Other: 0.1ms
[2025-04-22T17:25:33.865+0300][gc,heap     ] GC(5) Eden regions: 3->0(48)
[2025-04-22T17:25:33.865+0300][gc,heap     ] GC(5) Survivor regions: 2->3(7)
[2025-04-22T17:25:33.865+0300][gc,heap     ] GC(5) Old regions: 15->15
[2025-04-22T17:25:33.865+0300][gc,heap     ] GC(5) Humongous regions: 129->129
[2025-04-22T17:25:33.865+0300][gc,metaspace] GC(5) Metaspace: 35975K(36288K)->35975K(36288K) NonClass: 32108K(32256K)->32108K(32256K) Class: 3866K(4032K)->3866K(4032K)
[2025-04-22T17:25:33.865+0300][gc          ] GC(5) Pause Young (Concurrent Start) (Metadata GC Threshold) 147M->145M(1024M) 1.628ms
[2025-04-22T17:25:33.865+0300][gc          ] GC(6) Concurrent Mark Cycle
[2025-04-22T17:25:33.865+0300][gc,cpu      ] GC(5) User=0.01s Sys=0.00s Real=0.00s
[2025-04-22T17:25:33.865+0300][gc,marking  ] GC(6) Concurrent Scan Root Regions
[2025-04-22T17:25:33.866+0300][gc,marking  ] GC(6) Concurrent Scan Root Regions 1.092ms
[2025-04-22T17:25:33.866+0300][gc,marking  ] GC(6) Concurrent Mark
[2025-04-22T17:25:33.866+0300][gc,marking  ] GC(6) Concurrent Mark From Roots
[2025-04-22T17:25:33.866+0300][gc,task     ] GC(6) Using 3 workers of 3 for marking
[2025-04-22T17:25:33.874+0300][gc,marking  ] GC(6) Concurrent Mark From Roots 7.673ms
[2025-04-22T17:25:33.874+0300][gc,marking  ] GC(6) Concurrent Preclean
[2025-04-22T17:25:33.874+0300][gc,marking  ] GC(6) Concurrent Preclean 0.058ms
[2025-04-22T17:25:33.874+0300][gc,start    ] GC(6) Pause Remark
[2025-04-22T17:25:33.876+0300][gc          ] GC(6) Pause Remark 146M->146M(1024M) 1.613ms
[2025-04-22T17:25:33.876+0300][gc,cpu      ] GC(6) User=0.01s Sys=0.00s Real=0.00s
[2025-04-22T17:25:33.876+0300][gc,marking  ] GC(6) Concurrent Mark 9.770ms
[2025-04-22T17:25:33.876+0300][gc,marking  ] GC(6) Concurrent Rebuild Remembered Sets and Scrub Regions
[2025-04-22T17:25:33.879+0300][gc,marking  ] GC(6) Concurrent Rebuild Remembered Sets and Scrub Regions 2.709ms
[2025-04-22T17:25:33.879+0300][gc,start    ] GC(6) Pause Cleanup
[2025-04-22T17:25:33.879+0300][gc          ] GC(6) Pause Cleanup 146M->146M(1024M) 0.170ms
[2025-04-22T17:25:33.879+0300][gc,cpu      ] GC(6) User=0.00s Sys=0.00s Real=0.00s
[2025-04-22T17:25:33.879+0300][gc,marking  ] GC(6) Concurrent Clear Claimed Marks
[2025-04-22T17:25:33.879+0300][gc,marking  ] GC(6) Concurrent Clear Claimed Marks 0.038ms
[2025-04-22T17:25:33.879+0300][gc,marking  ] GC(6) Concurrent Cleanup for Next Mark
[2025-04-22T17:25:33.880+0300][gc,marking  ] GC(6) Concurrent Cleanup for Next Mark 1.391ms
[2025-04-22T17:25:33.880+0300][gc          ] GC(6) Concurrent Mark Cycle 15.536ms
[2025-04-22T17:29:55.257+0300][gc,start    ] GC(7) Pause Young (Prepare Mixed) (G1 Evacuation Pause)
[2025-04-22T17:29:55.257+0300][gc,task     ] GC(7) Using 13 workers of 13 for evacuation
[2025-04-22T17:29:55.304+0300][gc,mmu      ] GC(7) MMU target violated: 21.0ms (20.0ms/21.0ms)
[2025-04-22T17:29:55.304+0300][gc,phases   ] GC(7)   Pre Evacuate Collection Set: 4.1ms
[2025-04-22T17:29:55.304+0300][gc,phases   ] GC(7)   Merge Heap Roots: 0.1ms
[2025-04-22T17:29:55.304+0300][gc,phases   ] GC(7)   Evacuate Collection Set: 41.6ms
[2025-04-22T17:29:55.304+0300][gc,phases   ] GC(7)   Post Evacuate Collection Set: 0.6ms
[2025-04-22T17:29:55.304+0300][gc,phases   ] GC(7)   Other: 0.2ms
[2025-04-22T17:29:55.304+0300][gc,heap     ] GC(7) Eden regions: 48->0(46)
[2025-04-22T17:29:55.304+0300][gc,heap     ] GC(7) Survivor regions: 3->5(7)
[2025-04-22T17:29:55.304+0300][gc,heap     ] GC(7) Old regions: 15->15
[2025-04-22T17:29:55.304+0300][gc,heap     ] GC(7) Humongous regions: 135->129
[2025-04-22T17:29:55.304+0300][gc,metaspace] GC(7) Metaspace: 43325K(43968K)->43325K(43968K) NonClass: 38343K(38720K)->38343K(38720K) Class: 4981K(5248K)->4981K(5248K)
[2025-04-22T17:29:55.304+0300][gc          ] GC(7) Pause Young (Prepare Mixed) (G1 Evacuation Pause) 199M->148M(1024M) 47.674ms
[2025-04-22T17:29:55.304+0300][gc,cpu      ] GC(7) User=0.04s Sys=0.23s Real=0.05s
[2025-04-22T17:37:02.967+0300][gc,start    ] GC(8) Pause Young (Mixed) (G1 Evacuation Pause)
[2025-04-22T17:37:02.968+0300][gc,task     ] GC(8) Using 13 workers of 13 for evacuation
[2025-04-22T17:37:02.976+0300][gc,phases   ] GC(8)   Pre Evacuate Collection Set: 0.5ms
[2025-04-22T17:37:02.976+0300][gc,phases   ] GC(8)   Merge Heap Roots: 0.2ms
[2025-04-22T17:37:02.976+0300][gc,phases   ] GC(8)   Evacuate Collection Set: 5.8ms
[2025-04-22T17:37:02.976+0300][gc,phases   ] GC(8)   Post Evacuate Collection Set: 1.4ms
[2025-04-22T17:37:02.976+0300][gc,phases   ] GC(8)   Other: 0.2ms
[2025-04-22T17:37:02.976+0300][gc,heap     ] GC(8) Eden regions: 46->0(46)
[2025-04-22T17:37:02.976+0300][gc,heap     ] GC(8) Survivor regions: 5->5(7)
[2025-04-22T17:37:02.976+0300][gc,heap     ] GC(8) Old regions: 15->16
[2025-04-22T17:37:02.976+0300][gc,heap     ] GC(8) Humongous regions: 129->129
[2025-04-22T17:37:02.976+0300][gc,metaspace] GC(8) Metaspace: 44154K(44800K)->44154K(44800K) NonClass: 39150K(39552K)->39150K(39552K) Class: 5003K(5248K)->5003K(5248K)
[2025-04-22T17:37:02.976+0300][gc          ] GC(8) Pause Young (Mixed) (G1 Evacuation Pause) 194M->149M(1024M) 9.220ms
[2025-04-22T17:37:02.976+0300][gc,cpu      ] GC(8) User=0.04s Sys=0.02s Real=0.01s
[2025-04-22T17:45:29.354+0300][gc,start    ] GC(9) Pause Young (Normal) (G1 Evacuation Pause)
[2025-04-22T17:45:29.354+0300][gc,task     ] GC(9) Using 13 workers of 13 for evacuation
[2025-04-22T17:45:29.364+0300][gc,phases   ] GC(9)   Pre Evacuate Collection Set: 0.3ms
[2025-04-22T17:45:29.364+0300][gc,phases   ] GC(9)   Merge Heap Roots: 0.2ms
[2025-04-22T17:45:29.364+0300][gc,phases   ] GC(9)   Evacuate Collection Set: 8.5ms
[2025-04-22T17:45:29.364+0300][gc,phases   ] GC(9)   Post Evacuate Collection Set: 0.6ms
[2025-04-22T17:45:29.364+0300][gc,phases   ] GC(9)   Other: 0.1ms
[2025-04-22T17:45:29.364+0300][gc,heap     ] GC(9) Eden regions: 46->0(48)
[2025-04-22T17:45:29.364+0300][gc,heap     ] GC(9) Survivor regions: 5->3(7)
[2025-04-22T17:45:29.364+0300][gc,heap     ] GC(9) Old regions: 16->19
[2025-04-22T17:45:29.364+0300][gc,heap     ] GC(9) Humongous regions: 129->129
[2025-04-22T17:45:29.364+0300][gc,metaspace] GC(9) Metaspace: 44500K(45184K)->44500K(45184K) NonClass: 39473K(39872K)->39473K(39872K) Class: 5026K(5312K)->5026K(5312K)
[2025-04-22T17:45:29.364+0300][gc          ] GC(9) Pause Young (Normal) (G1 Evacuation Pause) 195M->150M(1024M) 10.310ms
[2025-04-22T17:45:29.364+0300][gc,cpu      ] GC(9) User=0.04s Sys=0.04s Real=0.01s
[2025-04-22T17:53:48.173+0300][gc,start    ] GC(10) Pause Young (Normal) (G1 Evacuation Pause)
[2025-04-22T17:53:48.174+0300][gc,task     ] GC(10) Using 13 workers of 13 for evacuation
[2025-04-22T17:53:48.187+0300][gc,phases   ] GC(10)   Pre Evacuate Collection Set: 1.4ms
[2025-04-22T17:53:48.187+0300][gc,phases   ] GC(10)   Merge Heap Roots: 0.2ms
[2025-04-22T17:53:48.187+0300][gc,phases   ] GC(10)   Evacuate Collection Set: 11.2ms
[2025-04-22T17:53:48.187+0300][gc,phases   ] GC(10)   Post Evacuate Collection Set: 0.4ms
[2025-04-22T17:53:48.187+0300][gc,phases   ] GC(10)   Other: 0.2ms
[2025-04-22T17:53:48.187+0300][gc,heap     ] GC(10) Eden regions: 48->0(47)
[2025-04-22T17:53:48.187+0300][gc,heap     ] GC(10) Survivor regions: 3->4(7)
[2025-04-22T17:53:48.187+0300][gc,heap     ] GC(10) Old regions: 19->19
[2025-04-22T17:53:48.187+0300][gc,heap     ] GC(10) Humongous regions: 129->129
[2025-04-22T17:53:48.187+0300][gc,metaspace] GC(10) Metaspace: 44543K(45184K)->44543K(45184K) NonClass: 39517K(39872K)->39517K(39872K) Class: 5026K(5312K)->5026K(5312K)
[2025-04-22T17:53:48.187+0300][gc          ] GC(10) Pause Young (Normal) (G1 Evacuation Pause) 198M->151M(1024M) 14.125ms
[2025-04-22T17:53:48.188+0300][gc,cpu      ] GC(10) User=0.03s Sys=0.05s Real=0.01s
[2025-04-22T18:02:10.201+0300][gc,start    ] GC(11) Pause Young (Normal) (G1 Evacuation Pause)
[2025-04-22T18:02:10.202+0300][gc,task     ] GC(11) Using 13 workers of 13 for evacuation
[2025-04-22T18:02:10.215+0300][gc,phases   ] GC(11)   Pre Evacuate Collection Set: 2.5ms
[2025-04-22T18:02:10.215+0300][gc,phases   ] GC(11)   Merge Heap Roots: 0.2ms
[2025-04-22T18:02:10.215+0300][gc,phases   ] GC(11)   Evacuate Collection Set: 10.4ms
[2025-04-22T18:02:10.215+0300][gc,phases   ] GC(11)   Post Evacuate Collection Set: 0.4ms
[2025-04-22T18:02:10.215+0300][gc,phases   ] GC(11)   Other: 0.2ms
[2025-04-22T18:02:10.215+0300][gc,heap     ] GC(11) Eden regions: 47->0(46)
[2025-04-22T18:02:10.215+0300][gc,heap     ] GC(11) Survivor regions: 4->5(7)
[2025-04-22T18:02:10.215+0300][gc,heap     ] GC(11) Old regions: 19->19
[2025-04-22T18:02:10.215+0300][gc,heap     ] GC(11) Humongous regions: 129->129
[2025-04-22T18:02:10.215+0300][gc,metaspace] GC(11) Metaspace: 44604K(45248K)->44604K(45248K) NonClass: 39578K(39936K)->39578K(39936K) Class: 5026K(5312K)->5026K(5312K)
[2025-04-22T18:02:10.215+0300][gc          ] GC(11) Pause Young (Normal) (G1 Evacuation Pause) 198M->152M(1024M) 14.475ms
[2025-04-22T18:02:10.215+0300][gc,cpu      ] GC(11) User=0.04s Sys=0.03s Real=0.01s
[2025-04-22T18:10:24.203+0300][gc,start    ] GC(12) Pause Young (Normal) (G1 Evacuation Pause)
[2025-04-22T18:10:24.204+0300][gc,task     ] GC(12) Using 13 workers of 13 for evacuation
[2025-04-22T18:10:24.226+0300][gc,mmu      ] GC(12) MMU target violated: 21.0ms (20.0ms/21.0ms)
[2025-04-22T18:10:24.226+0300][gc,phases   ] GC(12)   Pre Evacuate Collection Set: 5.4ms
[2025-04-22T18:10:24.226+0300][gc,phases   ] GC(12)   Merge Heap Roots: 0.3ms
[2025-04-22T18:10:24.226+0300][gc,phases   ] GC(12)   Evacuate Collection Set: 16.1ms
[2025-04-22T18:10:24.226+0300][gc,phases   ] GC(12)   Post Evacuate Collection Set: 0.4ms
[2025-04-22T18:10:24.226+0300][gc,phases   ] GC(12)   Other: 0.4ms
[2025-04-22T18:10:24.226+0300][gc,heap     ] GC(12) Eden regions: 46->0(46)
[2025-04-22T18:10:24.226+0300][gc,heap     ] GC(12) Survivor regions: 5->5(7)
[2025-04-22T18:10:24.226+0300][gc,heap     ] GC(12) Old regions: 19->21
[2025-04-22T18:10:24.226+0300][gc,heap     ] GC(12) Humongous regions: 129->129
[2025-04-22T18:10:24.226+0300][gc,metaspace] GC(12) Metaspace: 44657K(45312K)->44657K(45312K) NonClass: 39631K(40000K)->39631K(40000K) Class: 5026K(5312K)->5026K(5312K)
[2025-04-22T18:10:24.227+0300][gc          ] GC(12) Pause Young (Normal) (G1 Evacuation Pause) 198M->153M(1024M) 24.071ms
[2025-04-22T18:10:24.227+0300][gc,cpu      ] GC(12) User=0.03s Sys=0.10s Real=0.02s
[2025-04-22T18:20:29.903+0300][gc,start    ] GC(13) Pause Young (Normal) (G1 Evacuation Pause)
[2025-04-22T18:20:29.904+0300][gc,task     ] GC(13) Using 13 workers of 13 for evacuation
[2025-04-22T18:20:29.926+0300][gc,mmu      ] GC(13) MMU target violated: 21.0ms (20.0ms/21.0ms)
[2025-04-22T18:20:29.926+0300][gc,phases   ] GC(13)   Pre Evacuate Collection Set: 5.1ms
[2025-04-22T18:20:29.926+0300][gc,phases   ] GC(13)   Merge Heap Roots: 0.3ms
[2025-04-22T18:20:29.926+0300][gc,phases   ] GC(13)   Evacuate Collection Set: 16.3ms
[2025-04-22T18:20:29.926+0300][gc,phases   ] GC(13)   Post Evacuate Collection Set: 0.5ms
[2025-04-22T18:20:29.926+0300][gc,phases   ] GC(13)   Other: 0.2ms
[2025-04-22T18:20:29.926+0300][gc,heap     ] GC(13) Eden regions: 46->0(46)
[2025-04-22T18:20:29.926+0300][gc,heap     ] GC(13) Survivor regions: 5->5(7)
[2025-04-22T18:20:29.926+0300][gc,heap     ] GC(13) Old regions: 21->21
[2025-04-22T18:20:29.926+0300][gc,heap     ] GC(13) Humongous regions: 129->129
[2025-04-22T18:20:29.926+0300][gc,metaspace] GC(13) Metaspace: 44700K(45376K)->44700K(45376K) NonClass: 39673K(40064K)->39673K(40064K) Class: 5026K(5312K)->5026K(5312K)
[2025-04-22T18:20:29.926+0300][gc          ] GC(13) Pause Young (Normal) (G1 Evacuation Pause) 199M->154M(1024M) 23.273ms
[2025-04-22T18:20:29.926+0300][gc,cpu      ] GC(13) User=0.03s Sys=0.10s Real=0.02s
[2025-04-22T18:28:10.018+0300][gc,start    ] GC(14) Pause Young (Normal) (G1 Evacuation Pause)
[2025-04-22T18:28:10.019+0300][gc,task     ] GC(14) Using 13 workers of 13 for evacuation
[2025-04-22T18:28:10.038+0300][gc,phases   ] GC(14)   Pre Evacuate Collection Set: 2.7ms
[2025-04-22T18:28:10.038+0300][gc,phases   ] GC(14)   Merge Heap Roots: 1.0ms
[2025-04-22T18:28:10.038+0300][gc,phases   ] GC(14)   Evacuate Collection Set: 14.0ms
[2025-04-22T18:28:10.038+0300][gc,phases   ] GC(14)   Post Evacuate Collection Set: 0.5ms
[2025-04-22T18:28:10.038+0300][gc,phases   ] GC(14)   Other: 0.1ms
[2025-04-22T18:28:10.038+0300][gc,heap     ] GC(14) Eden regions: 46->0(44)
[2025-04-22T18:28:10.038+0300][gc,heap     ] GC(14) Survivor regions: 5->7(7)
[2025-04-22T18:28:10.038+0300][gc,heap     ] GC(14) Old regions: 21->22
[2025-04-22T18:28:10.038+0300][gc,heap     ] GC(14) Humongous regions: 129->129
[2025-04-22T18:28:10.038+0300][gc,metaspace] GC(14) Metaspace: 44733K(45376K)->44733K(45376K) NonClass: 39702K(40064K)->39702K(40064K) Class: 5030K(5312K)->5030K(5312K)
[2025-04-22T18:28:10.038+0300][gc          ] GC(14) Pause Young (Normal) (G1 Evacuation Pause) 200M->157M(1024M) 20.773ms
[2025-04-22T18:28:10.038+0300][gc,cpu      ] GC(14) User=0.04s Sys=0.05s Real=0.02s
[2025-04-22T18:36:30.202+0300][gc,start    ] GC(15) Pause Young (Normal) (G1 Evacuation Pause)
[2025-04-22T18:36:30.204+0300][gc,task     ] GC(15) Using 13 workers of 13 for evacuation
[2025-04-22T18:36:30.212+0300][gc,phases   ] GC(15)   Pre Evacuate Collection Set: 1.4ms
[2025-04-22T18:36:30.212+0300][gc,phases   ] GC(15)   Merge Heap Roots: 0.2ms
[2025-04-22T18:36:30.212+0300][gc,phases   ] GC(15)   Evacuate Collection Set: 6.1ms
[2025-04-22T18:36:30.212+0300][gc,phases   ] GC(15)   Post Evacuate Collection Set: 0.5ms
[2025-04-22T18:36:30.213+0300][gc,phases   ] GC(15)   Other: 0.2ms
[2025-04-22T18:36:30.213+0300][gc,heap     ] GC(15) Eden regions: 44->0(48)
[2025-04-22T18:36:30.213+0300][gc,heap     ] GC(15) Survivor regions: 7->3(7)
[2025-04-22T18:36:30.213+0300][gc,heap     ] GC(15) Old regions: 22->27
[2025-04-22T18:36:30.213+0300][gc,heap     ] GC(15) Humongous regions: 129->129
[2025-04-22T18:36:30.213+0300][gc,metaspace] GC(15) Metaspace: 44760K(45376K)->44760K(45376K) NonClass: 39729K(40064K)->39729K(40064K) Class: 5030K(5312K)->5030K(5312K)
[2025-04-22T18:36:30.213+0300][gc          ] GC(15) Pause Young (Normal) (G1 Evacuation Pause) 201M->157M(1024M) 10.153ms
[2025-04-22T18:36:30.213+0300][gc,cpu      ] GC(15) User=0.05s Sys=0.02s Real=0.01s
[2025-04-22T18:45:50.219+0300][gc,start    ] GC(16) Pause Young (Normal) (G1 Evacuation Pause)
[2025-04-22T18:45:50.220+0300][gc,task     ] GC(16) Using 13 workers of 13 for evacuation
[2025-04-22T18:45:50.239+0300][gc,phases   ] GC(16)   Pre Evacuate Collection Set: 0.3ms
[2025-04-22T18:45:50.239+0300][gc,phases   ] GC(16)   Merge Heap Roots: 0.1ms
[2025-04-22T18:45:50.239+0300][gc,phases   ] GC(16)   Evacuate Collection Set: 17.2ms
[2025-04-22T18:45:50.239+0300][gc,phases   ] GC(16)   Post Evacuate Collection Set: 0.8ms
[2025-04-22T18:45:50.239+0300][gc,phases   ] GC(16)   Other: 0.1ms
[2025-04-22T18:45:50.239+0300][gc,heap     ] GC(16) Eden regions: 48->0(45)
[2025-04-22T18:45:50.239+0300][gc,heap     ] GC(16) Survivor regions: 3->6(7)
[2025-04-22T18:45:50.239+0300][gc,heap     ] GC(16) Old regions: 27->27
[2025-04-22T18:45:50.239+0300][gc,heap     ] GC(16) Humongous regions: 129->129
[2025-04-22T18:45:50.239+0300][gc,metaspace] GC(16) Metaspace: 44762K(45376K)->44762K(45376K) NonClass: 39731K(40064K)->39731K(40064K) Class: 5030K(5312K)->5030K(5312K)
[2025-04-22T18:45:50.239+0300][gc          ] GC(16) Pause Young (Normal) (G1 Evacuation Pause) 205M->160M(1024M) 20.820ms
[2025-04-22T18:45:50.240+0300][gc,cpu      ] GC(16) User=0.03s Sys=0.08s Real=0.03s
[2025-04-22T18:55:19.301+0300][gc,start    ] GC(17) Pause Young (Normal) (G1 Evacuation Pause)
[2025-04-22T18:55:19.303+0300][gc,task     ] GC(17) Using 13 workers of 13 for evacuation
[2025-04-22T18:55:19.320+0300][gc,phases   ] GC(17)   Pre Evacuate Collection Set: 5.4ms
[2025-04-22T18:55:19.320+0300][gc,phases   ] GC(17)   Merge Heap Roots: 0.2ms
[2025-04-22T18:55:19.320+0300][gc,phases   ] GC(17)   Evacuate Collection Set: 10.8ms
[2025-04-22T18:55:19.320+0300][gc,phases   ] GC(17)   Post Evacuate Collection Set: 1.1ms
[2025-04-22T18:55:19.321+0300][gc,phases   ] GC(17)   Other: 0.4ms
[2025-04-22T18:55:19.321+0300][gc,heap     ] GC(17) Eden regions: 45->0(44)
[2025-04-22T18:55:19.321+0300][gc,heap     ] GC(17) Survivor regions: 6->7(7)
[2025-04-22T18:55:19.321+0300][gc,heap     ] GC(17) Old regions: 27->29
[2025-04-22T18:55:19.321+0300][gc,heap     ] GC(17) Humongous regions: 129->129
[2025-04-22T18:55:19.321+0300][gc,metaspace] GC(17) Metaspace: 44762K(45376K)->44762K(45376K) NonClass: 39732K(40064K)->39732K(40064K) Class: 5030K(5312K)->5030K(5312K)
[2025-04-22T18:55:19.321+0300][gc          ] GC(17) Pause Young (Normal) (G1 Evacuation Pause) 205M->163M(1024M) 19.807ms
[2025-04-22T18:55:19.321+0300][gc,cpu      ] GC(17) User=0.04s Sys=0.07s Real=0.02s
[2025-04-22T19:26:27.696+0300][gc,start    ] GC(18) Pause Young (Normal) (G1 Evacuation Pause)
[2025-04-22T19:26:27.696+0300][gc,task     ] GC(18) Using 13 workers of 13 for evacuation
[2025-04-22T19:26:27.740+0300][gc,mmu      ] GC(18) MMU target violated: 21.0ms (20.0ms/21.0ms)
[2025-04-22T19:26:27.740+0300][gc,phases   ] GC(18)   Pre Evacuate Collection Set: 5.1ms
[2025-04-22T19:26:27.740+0300][gc,phases   ] GC(18)   Merge Heap Roots: 0.7ms
[2025-04-22T19:26:27.740+0300][gc,phases   ] GC(18)   Evacuate Collection Set: 34.8ms
[2025-04-22T19:26:27.740+0300][gc,phases   ] GC(18)   Post Evacuate Collection Set: 1.1ms
[2025-04-22T19:26:27.740+0300][gc,phases   ] GC(18)   Other: 1.5ms
[2025-04-22T19:26:27.740+0300][gc,heap     ] GC(18) Eden regions: 44->0(46)
[2025-04-22T19:26:27.740+0300][gc,heap     ] GC(18) Survivor regions: 7->5(7)
[2025-04-22T19:26:27.740+0300][gc,heap     ] GC(18) Old regions: 29->32
[2025-04-22T19:26:27.740+0300][gc,heap     ] GC(18) Humongous regions: 129->129
[2025-04-22T19:26:27.740+0300][gc,metaspace] GC(18) Metaspace: 44805K(45504K)->44805K(45504K) NonClass: 39772K(40192K)->39772K(40192K) Class: 5032K(5312K)->5032K(5312K)
[2025-04-22T19:26:27.740+0300][gc          ] GC(18) Pause Young (Normal) (G1 Evacuation Pause) 207M->165M(1024M) 44.115ms
[2025-04-22T19:26:27.740+0300][gc,cpu      ] GC(18) User=0.04s Sys=0.20s Real=0.05s
[2025-04-22T19:34:56.532+0300][gc,start    ] GC(19) Pause Young (Normal) (G1 Evacuation Pause)
[2025-04-22T19:34:56.534+0300][gc,task     ] GC(19) Using 13 workers of 13 for evacuation
[2025-04-22T19:34:56.565+0300][gc,mmu      ] GC(19) MMU target violated: 21.0ms (20.0ms/21.0ms)
[2025-04-22T19:34:56.565+0300][gc,phases   ] GC(19)   Pre Evacuate Collection Set: 3.3ms
[2025-04-22T19:34:56.565+0300][gc,phases   ] GC(19)   Merge Heap Roots: 0.8ms
[2025-04-22T19:34:56.565+0300][gc,phases   ] GC(19)   Evacuate Collection Set: 22.5ms
[2025-04-22T19:34:56.565+0300][gc,phases   ] GC(19)   Post Evacuate Collection Set: 2.8ms
[2025-04-22T19:34:56.565+0300][gc,phases   ] GC(19)   Other: 1.7ms
[2025-04-22T19:34:56.565+0300][gc,heap     ] GC(19) Eden regions: 46->0(46)
[2025-04-22T19:34:56.565+0300][gc,heap     ] GC(19) Survivor regions: 5->5(7)
[2025-04-22T19:34:56.566+0300][gc,heap     ] GC(19) Old regions: 32->35
[2025-04-22T19:34:56.566+0300][gc,heap     ] GC(19) Humongous regions: 129->129
[2025-04-22T19:34:56.566+0300][gc,metaspace] GC(19) Metaspace: 44818K(45504K)->44818K(45504K) NonClass: 39785K(40192K)->39785K(40192K) Class: 5032K(5312K)->5032K(5312K)
[2025-04-22T19:34:56.566+0300][gc          ] GC(19) Pause Young (Normal) (G1 Evacuation Pause) 211M->167M(1024M) 33.083ms
[2025-04-22T19:34:56.566+0300][gc,cpu      ] GC(19) User=0.05s Sys=0.14s Real=0.03s
[2025-04-22T19:44:37.263+0300][gc,start    ] GC(20) Pause Young (Normal) (G1 Evacuation Pause)
[2025-04-22T19:44:37.264+0300][gc,task     ] GC(20) Using 13 workers of 13 for evacuation
[2025-04-22T19:44:37.289+0300][gc,mmu      ] GC(20) MMU target violated: 21.0ms (20.0ms/21.0ms)
[2025-04-22T19:44:37.289+0300][gc,phases   ] GC(20)   Pre Evacuate Collection Set: 5.2ms
[2025-04-22T19:44:37.289+0300][gc,phases   ] GC(20)   Merge Heap Roots: 1.1ms
[2025-04-22T19:44:37.289+0300][gc,phases   ] GC(20)   Evacuate Collection Set: 15.3ms
[2025-04-22T19:44:37.289+0300][gc,phases   ] GC(20)   Post Evacuate Collection Set: 1.7ms
[2025-04-22T19:44:37.289+0300][gc,phases   ] GC(20)   Other: 1.9ms
[2025-04-22T19:44:37.289+0300][gc,heap     ] GC(20) Eden regions: 46->0(47)
[2025-04-22T19:44:37.289+0300][gc,heap     ] GC(20) Survivor regions: 5->4(7)
[2025-04-22T19:44:37.289+0300][gc,heap     ] GC(20) Old regions: 35->36
[2025-04-22T19:44:37.289+0300][gc,heap     ] GC(20) Humongous regions: 129->129
[2025-04-22T19:44:37.289+0300][gc,metaspace] GC(20) Metaspace: 44820K(45504K)->44820K(45504K) NonClass: 39788K(40192K)->39788K(40192K) Class: 5032K(5312K)->5032K(5312K)
[2025-04-22T19:44:37.289+0300][gc          ] GC(20) Pause Young (Normal) (G1 Evacuation Pause) 213M->167M(1024M) 26.230ms
[2025-04-22T19:44:37.289+0300][gc,cpu      ] GC(20) User=0.03s Sys=0.10s Real=0.02s
[2025-04-22T19:53:47.143+0300][gc,start    ] GC(21) Pause Young (Normal) (G1 Evacuation Pause)
[2025-04-22T19:53:47.144+0300][gc,task     ] GC(21) Using 13 workers of 13 for evacuation
[2025-04-22T19:53:47.153+0300][gc,phases   ] GC(21)   Pre Evacuate Collection Set: 1.0ms
[2025-04-22T19:53:47.153+0300][gc,phases   ] GC(21)   Merge Heap Roots: 0.2ms
[2025-04-22T19:53:47.153+0300][gc,phases   ] GC(21)   Evacuate Collection Set: 6.9ms
[2025-04-22T19:53:47.153+0300][gc,phases   ] GC(21)   Post Evacuate Collection Set: 0.4ms
[2025-04-22T19:53:47.153+0300][gc,phases   ] GC(21)   Other: 0.2ms
[2025-04-22T19:53:47.153+0300][gc,heap     ] GC(21) Eden regions: 47->0(47)
[2025-04-22T19:53:47.153+0300][gc,heap     ] GC(21) Survivor regions: 4->4(7)
[2025-04-22T19:53:47.153+0300][gc,heap     ] GC(21) Old regions: 36->36
[2025-04-22T19:53:47.153+0300][gc,heap     ] GC(21) Humongous regions: 129->129
[2025-04-22T19:53:47.153+0300][gc,metaspace] GC(21) Metaspace: 44820K(45504K)->44820K(45504K) NonClass: 39788K(40192K)->39788K(40192K) Class: 5032K(5312K)->5032K(5312K)
[2025-04-22T19:53:47.153+0300][gc          ] GC(21) Pause Young (Normal) (G1 Evacuation Pause) 214M->168M(1024M) 9.960ms
[2025-04-22T19:53:47.153+0300][gc,cpu      ] GC(21) User=0.03s Sys=0.03s Real=0.01s
[2025-04-22T20:02:55.062+0300][gc,start    ] GC(22) Pause Young (Normal) (G1 Evacuation Pause)
[2025-04-22T20:02:55.063+0300][gc,task     ] GC(22) Using 13 workers of 13 for evacuation
[2025-04-22T20:02:55.080+0300][gc,phases   ] GC(22)   Pre Evacuate Collection Set: 4.1ms
[2025-04-22T20:02:55.080+0300][gc,phases   ] GC(22)   Merge Heap Roots: 0.3ms
[2025-04-22T20:02:55.080+0300][gc,phases   ] GC(22)   Evacuate Collection Set: 11.1ms
[2025-04-22T20:02:55.080+0300][gc,phases   ] GC(22)   Post Evacuate Collection Set: 0.7ms
[2025-04-22T20:02:55.080+0300][gc,phases   ] GC(22)   Other: 0.2ms
[2025-04-22T20:02:55.080+0300][gc,heap     ] GC(22) Eden regions: 47->0(47)
[2025-04-22T20:02:55.080+0300][gc,heap     ] GC(22) Survivor regions: 4->4(7)
[2025-04-22T20:02:55.080+0300][gc,heap     ] GC(22) Old regions: 36->37
[2025-04-22T20:02:55.080+0300][gc,heap     ] GC(22) Humongous regions: 129->129
[2025-04-22T20:02:55.080+0300][gc,metaspace] GC(22) Metaspace: 44820K(45504K)->44820K(45504K) NonClass: 39788K(40192K)->39788K(40192K) Class: 5032K(5312K)->5032K(5312K)
[2025-04-22T20:02:55.080+0300][gc          ] GC(22) Pause Young (Normal) (G1 Evacuation Pause) 215M->168M(1024M) 17.999ms
[2025-04-22T20:02:55.080+0300][gc,cpu      ] GC(22) User=0.03s Sys=0.08s Real=0.02s
[2025-04-22T20:11:59.286+0300][gc,start    ] GC(23) Pause Young (Normal) (G1 Evacuation Pause)
[2025-04-22T20:11:59.287+0300][gc,task     ] GC(23) Using 13 workers of 13 for evacuation
[2025-04-22T20:11:59.301+0300][gc,phases   ] GC(23)   Pre Evacuate Collection Set: 0.8ms
[2025-04-22T20:11:59.301+0300][gc,phases   ] GC(23)   Merge Heap Roots: 0.2ms
[2025-04-22T20:11:59.301+0300][gc,phases   ] GC(23)   Evacuate Collection Set: 12.2ms
[2025-04-22T20:11:59.301+0300][gc,phases   ] GC(23)   Post Evacuate Collection Set: 0.4ms
[2025-04-22T20:11:59.301+0300][gc,phases   ] GC(23)   Other: 0.2ms
[2025-04-22T20:11:59.301+0300][gc,heap     ] GC(23) Eden regions: 47->0(46)
[2025-04-22T20:11:59.301+0300][gc,heap     ] GC(23) Survivor regions: 4->5(7)
[2025-04-22T20:11:59.301+0300][gc,heap     ] GC(23) Old regions: 37->37
[2025-04-22T20:11:59.301+0300][gc,heap     ] GC(23) Humongous regions: 129->129
[2025-04-22T20:11:59.301+0300][gc,metaspace] GC(23) Metaspace: 44820K(45504K)->44820K(45504K) NonClass: 39788K(40192K)->39788K(40192K) Class: 5032K(5312K)->5032K(5312K)
[2025-04-22T20:11:59.301+0300][gc          ] GC(23) Pause Young (Normal) (G1 Evacuation Pause) 215M->169M(1024M) 15.196ms
[2025-04-22T20:11:59.301+0300][gc,cpu      ] GC(23) User=0.02s Sys=0.05s Real=0.02s
[2025-04-22T20:20:38.940+0300][gc,start    ] GC(24) Pause Young (Normal) (G1 Evacuation Pause)
[2025-04-22T20:20:38.941+0300][gc,task     ] GC(24) Using 13 workers of 13 for evacuation
[2025-04-22T20:20:38.948+0300][gc,phases   ] GC(24)   Pre Evacuate Collection Set: 1.7ms
[2025-04-22T20:20:38.949+0300][gc,phases   ] GC(24)   Merge Heap Roots: 0.1ms
[2025-04-22T20:20:38.949+0300][gc,phases   ] GC(24)   Evacuate Collection Set: 4.5ms
[2025-04-22T20:20:38.949+0300][gc,phases   ] GC(24)   Post Evacuate Collection Set: 0.5ms
[2025-04-22T20:20:38.949+0300][gc,phases   ] GC(24)   Other: 0.2ms
[2025-04-22T20:20:38.949+0300][gc,heap     ] GC(24) Eden regions: 46->0(48)
[2025-04-22T20:20:38.949+0300][gc,heap     ] GC(24) Survivor regions: 5->5(7)
[2025-04-22T20:20:38.949+0300][gc,heap     ] GC(24) Old regions: 37->37
[2025-04-22T20:20:38.949+0300][gc,heap     ] GC(24) Humongous regions: 129->129
[2025-04-22T20:20:38.949+0300][gc,metaspace] GC(24) Metaspace: 44821K(45504K)->44821K(45504K) NonClass: 39788K(40192K)->39788K(40192K) Class: 5032K(5312K)->5032K(5312K)
[2025-04-22T20:20:38.949+0300][gc          ] GC(24) Pause Young (Normal) (G1 Evacuation Pause) 215M->170M(1024M) 8.838ms
[2025-04-22T20:20:38.949+0300][gc,cpu      ] GC(24) User=0.03s Sys=0.01s Real=0.00s
[2025-04-22T20:29:31.950+0300][gc,start    ] GC(25) Pause Young (Normal) (G1 Evacuation Pause)
[2025-04-22T20:29:31.951+0300][gc,task     ] GC(25) Using 13 workers of 13 for evacuation
[2025-04-22T20:29:31.982+0300][gc,mmu      ] GC(25) MMU target violated: 21.0ms (20.0ms/21.0ms)
[2025-04-22T20:29:31.982+0300][gc,phases   ] GC(25)   Pre Evacuate Collection Set: 6.8ms
[2025-04-22T20:29:31.982+0300][gc,phases   ] GC(25)   Merge Heap Roots: 0.3ms
[2025-04-22T20:29:31.982+0300][gc,phases   ] GC(25)   Evacuate Collection Set: 23.1ms
[2025-04-22T20:29:31.982+0300][gc,phases   ] GC(25)   Post Evacuate Collection Set: 0.8ms
[2025-04-22T20:29:31.982+0300][gc,phases   ] GC(25)   Other: 0.3ms
[2025-04-22T20:29:31.982+0300][gc,heap     ] GC(25) Eden regions: 50->0(45)
[2025-04-22T20:29:31.982+0300][gc,heap     ] GC(25) Survivor regions: 5->6(7)
[2025-04-22T20:29:31.982+0300][gc,heap     ] GC(25) Old regions: 37->38
[2025-04-22T20:29:31.982+0300][gc,heap     ] GC(25) Humongous regions: 129->129
[2025-04-22T20:29:31.982+0300][gc,metaspace] GC(25) Metaspace: 44824K(45504K)->44824K(45504K) NonClass: 39791K(40192K)->39791K(40192K) Class: 5032K(5312K)->5032K(5312K)
[2025-04-22T20:29:31.982+0300][gc          ] GC(25) Pause Young (Normal) (G1 Evacuation Pause) 220M->171M(1024M) 32.255ms
[2025-04-22T20:29:31.982+0300][gc,cpu      ] GC(25) User=0.03s Sys=0.14s Real=0.03s
[2025-04-22T20:38:31.015+0300][gc,start    ] GC(26) Pause Young (Normal) (G1 Evacuation Pause)
[2025-04-22T20:38:31.015+0300][gc,task     ] GC(26) Using 13 workers of 13 for evacuation
[2025-04-22T20:38:31.021+0300][gc,phases   ] GC(26)   Pre Evacuate Collection Set: 1.4ms
[2025-04-22T20:38:31.021+0300][gc,phases   ] GC(26)   Merge Heap Roots: 0.1ms
[2025-04-22T20:38:31.021+0300][gc,phases   ] GC(26)   Evacuate Collection Set: 3.9ms
[2025-04-22T20:38:31.021+0300][gc,phases   ] GC(26)   Post Evacuate Collection Set: 0.5ms
[2025-04-22T20:38:31.021+0300][gc,phases   ] GC(26)   Other: 0.1ms
[2025-04-22T20:38:31.021+0300][gc,heap     ] GC(26) Eden regions: 45->0(48)
[2025-04-22T20:38:31.021+0300][gc,heap     ] GC(26) Survivor regions: 6->4(7)
[2025-04-22T20:38:31.021+0300][gc,heap     ] GC(26) Old regions: 38->40
[2025-04-22T20:38:31.021+0300][gc,heap     ] GC(26) Humongous regions: 129->129
[2025-04-22T20:38:31.021+0300][gc,metaspace] GC(26) Metaspace: 44824K(45504K)->44824K(45504K) NonClass: 39791K(40192K)->39791K(40192K) Class: 5032K(5312K)->5032K(5312K)
[2025-04-22T20:38:31.022+0300][gc          ] GC(26) Pause Young (Normal) (G1 Evacuation Pause) 216M->171M(1024M) 6.901ms
[2025-04-22T20:38:31.022+0300][gc,cpu      ] GC(26) User=0.04s Sys=0.00s Real=0.01s
[2025-04-22T20:48:52.634+0300][gc,start    ] GC(27) Pause Young (Normal) (G1 Evacuation Pause)
[2025-04-22T20:48:52.635+0300][gc,task     ] GC(27) Using 13 workers of 13 for evacuation
[2025-04-22T20:48:52.651+0300][gc,phases   ] GC(27)   Pre Evacuate Collection Set: 3.2ms
[2025-04-22T20:48:52.651+0300][gc,phases   ] GC(27)   Merge Heap Roots: 1.4ms
[2025-04-22T20:48:52.651+0300][gc,phases   ] GC(27)   Evacuate Collection Set: 9.1ms
[2025-04-22T20:48:52.651+0300][gc,phases   ] GC(27)   Post Evacuate Collection Set: 1.7ms
[2025-04-22T20:48:52.652+0300][gc,phases   ] GC(27)   Other: 0.8ms
[2025-04-22T20:48:52.652+0300][gc,heap     ] GC(27) Eden regions: 51->0(49)
[2025-04-22T20:48:52.652+0300][gc,heap     ] GC(27) Survivor regions: 4->4(7)
[2025-04-22T20:48:52.652+0300][gc,heap     ] GC(27) Old regions: 40->40
[2025-04-22T20:48:52.652+0300][gc,heap     ] GC(27) Humongous regions: 129->129
[2025-04-22T20:48:52.652+0300][gc,metaspace] GC(27) Metaspace: 44826K(45504K)->44826K(45504K) NonClass: 39793K(40192K)->39793K(40192K) Class: 5032K(5312K)->5032K(5312K)
[2025-04-22T20:48:52.652+0300][gc          ] GC(27) Pause Young (Normal) (G1 Evacuation Pause) 222M->172M(1024M) 17.326ms
[2025-04-22T20:48:52.652+0300][gc,cpu      ] GC(27) User=0.03s Sys=0.05s Real=0.02s
[2025-04-22T21:00:45.240+0300][gc,start    ] GC(28) Pause Young (Normal) (G1 Evacuation Pause)
[2025-04-22T21:00:45.241+0300][gc,task     ] GC(28) Using 13 workers of 13 for evacuation
[2025-04-22T21:00:45.260+0300][gc,phases   ] GC(28)   Pre Evacuate Collection Set: 8.1ms
[2025-04-22T21:00:45.260+0300][gc,phases   ] GC(28)   Merge Heap Roots: 0.3ms
[2025-04-22T21:00:45.260+0300][gc,phases   ] GC(28)   Evacuate Collection Set: 7.8ms
[2025-04-22T21:00:45.260+0300][gc,phases   ] GC(28)   Post Evacuate Collection Set: 1.3ms
[2025-04-22T21:00:45.260+0300][gc,phases   ] GC(28)   Other: 1.5ms
[2025-04-22T21:00:45.260+0300][gc,heap     ] GC(28) Eden regions: 56->0(47)
[2025-04-22T21:00:45.260+0300][gc,heap     ] GC(28) Survivor regions: 4->4(8)
[2025-04-22T21:00:45.260+0300][gc,heap     ] GC(28) Old regions: 40->40
[2025-04-22T21:00:45.260+0300][gc,heap     ] GC(28) Humongous regions: 129->129
[2025-04-22T21:00:45.260+0300][gc,metaspace] GC(28) Metaspace: 44828K(45504K)->44828K(45504K) NonClass: 39796K(40192K)->39796K(40192K) Class: 5032K(5312K)->5032K(5312K)
[2025-04-22T21:00:45.260+0300][gc          ] GC(28) Pause Young (Normal) (G1 Evacuation Pause) 228M->172M(1024M) 20.416ms
[2025-04-22T21:00:45.260+0300][gc,cpu      ] GC(28) User=0.03s Sys=0.07s Real=0.02s
[2025-04-22T21:09:49.478+0300][gc,start    ] GC(29) Pause Young (Normal) (G1 Evacuation Pause)
[2025-04-22T21:09:49.479+0300][gc,task     ] GC(29) Using 13 workers of 13 for evacuation
[2025-04-22T21:09:49.485+0300][gc,phases   ] GC(29)   Pre Evacuate Collection Set: 0.8ms
[2025-04-22T21:09:49.485+0300][gc,phases   ] GC(29)   Merge Heap Roots: 0.6ms
[2025-04-22T21:09:49.485+0300][gc,phases   ] GC(29)   Evacuate Collection Set: 3.8ms
[2025-04-22T21:09:49.485+0300][gc,phases   ] GC(29)   Post Evacuate Collection Set: 0.3ms
[2025-04-22T21:09:49.485+0300][gc,phases   ] GC(29)   Other: 0.1ms
[2025-04-22T21:09:49.485+0300][gc,heap     ] GC(29) Eden regions: 47->0(117)
[2025-04-22T21:09:49.485+0300][gc,heap     ] GC(29) Survivor regions: 4->4(7)
[2025-04-22T21:09:49.485+0300][gc,heap     ] GC(29) Old regions: 40->40
[2025-04-22T21:09:49.485+0300][gc,heap     ] GC(29) Humongous regions: 129->129
[2025-04-22T21:09:49.485+0300][gc,metaspace] GC(29) Metaspace: 44833K(45504K)->44833K(45504K) NonClass: 39801K(40192K)->39801K(40192K) Class: 5032K(5312K)->5032K(5312K)
[2025-04-22T21:09:49.485+0300][gc          ] GC(29) Pause Young (Normal) (G1 Evacuation Pause) 219M->171M(1024M) 6.644ms
[2025-04-22T21:09:49.485+0300][gc,cpu      ] GC(29) User=0.02s Sys=0.00s Real=0.01s
[2025-04-22T21:34:03.441+0300][gc,start    ] GC(30) Pause Young (Normal) (G1 Evacuation Pause)
[2025-04-22T21:34:03.442+0300][gc,task     ] GC(30) Using 13 workers of 13 for evacuation
[2025-04-22T21:34:03.472+0300][gc,mmu      ] GC(30) MMU target violated: 21.0ms (20.0ms/21.0ms)
[2025-04-22T21:34:03.473+0300][gc,phases   ] GC(30)   Pre Evacuate Collection Set: 4.1ms
[2025-04-22T21:34:03.473+0300][gc,phases   ] GC(30)   Merge Heap Roots: 0.3ms
[2025-04-22T21:34:03.473+0300][gc,phases   ] GC(30)   Evacuate Collection Set: 22.6ms
[2025-04-22T21:34:03.473+0300][gc,phases   ] GC(30)   Post Evacuate Collection Set: 2.9ms
[2025-04-22T21:34:03.473+0300][gc,phases   ] GC(30)   Other: 0.8ms
[2025-04-22T21:34:03.473+0300][gc,heap     ] GC(30) Eden regions: 123->0(47)
[2025-04-22T21:34:03.473+0300][gc,heap     ] GC(30) Survivor regions: 4->4(16)
[2025-04-22T21:34:03.473+0300][gc,heap     ] GC(30) Old regions: 40->40
[2025-04-22T21:34:03.473+0300][gc,heap     ] GC(30) Humongous regions: 129->129
[2025-04-22T21:34:03.473+0300][gc,metaspace] GC(30) Metaspace: 44836K(45504K)->44836K(45504K) NonClass: 39803K(40192K)->39803K(40192K) Class: 5032K(5312K)->5032K(5312K)
[2025-04-22T21:34:03.473+0300][gc          ] GC(30) Pause Young (Normal) (G1 Evacuation Pause) 294M->171M(1024M) 31.626ms
[2025-04-22T21:34:03.473+0300][gc,cpu      ] GC(30) User=0.03s Sys=0.15s Real=0.03s
[2025-04-22T21:44:40.251+0300][gc,start    ] GC(31) Pause Young (Normal) (G1 Evacuation Pause)
[2025-04-22T21:44:40.252+0300][gc,task     ] GC(31) Using 13 workers of 13 for evacuation
[2025-04-22T21:44:40.283+0300][gc,mmu      ] GC(31) MMU target violated: 21.0ms (20.0ms/21.0ms)
[2025-04-22T21:44:40.283+0300][gc,phases   ] GC(31)   Pre Evacuate Collection Set: 6.6ms
[2025-04-22T21:44:40.283+0300][gc,phases   ] GC(31)   Merge Heap Roots: 0.5ms
[2025-04-22T21:44:40.283+0300][gc,phases   ] GC(31)   Evacuate Collection Set: 20.2ms
[2025-04-22T21:44:40.283+0300][gc,phases   ] GC(31)   Post Evacuate Collection Set: 1.5ms
[2025-04-22T21:44:40.283+0300][gc,phases   ] GC(31)   Other: 1.9ms
[2025-04-22T21:44:40.283+0300][gc,heap     ] GC(31) Eden regions: 47->0(47)
[2025-04-22T21:44:40.283+0300][gc,heap     ] GC(31) Survivor regions: 4->4(7)
[2025-04-22T21:44:40.283+0300][gc,heap     ] GC(31) Old regions: 40->40
[2025-04-22T21:44:40.283+0300][gc,heap     ] GC(31) Humongous regions: 129->129
[2025-04-22T21:44:40.283+0300][gc,metaspace] GC(31) Metaspace: 44862K(45504K)->44862K(45504K) NonClass: 39829K(40192K)->39829K(40192K) Class: 5032K(5312K)->5032K(5312K)
[2025-04-22T21:44:40.283+0300][gc          ] GC(31) Pause Young (Normal) (G1 Evacuation Pause) 218M->172M(1024M) 32.318ms
[2025-04-22T21:44:40.283+0300][gc,cpu      ] GC(31) User=0.04s Sys=0.14s Real=0.03s
[2025-04-22T21:55:48.428+0300][gc,start    ] GC(32) Pause Young (Normal) (G1 Evacuation Pause)
[2025-04-22T21:55:48.430+0300][gc,task     ] GC(32) Using 13 workers of 13 for evacuation
[2025-04-22T21:55:48.460+0300][gc,mmu      ] GC(32) MMU target violated: 21.0ms (20.0ms/21.0ms)
[2025-04-22T21:55:48.460+0300][gc,phases   ] GC(32)   Pre Evacuate Collection Set: 6.6ms
[2025-04-22T21:55:48.460+0300][gc,phases   ] GC(32)   Merge Heap Roots: 0.5ms
[2025-04-22T21:55:48.460+0300][gc,phases   ] GC(32)   Evacuate Collection Set: 21.3ms
[2025-04-22T21:55:48.460+0300][gc,phases   ] GC(32)   Post Evacuate Collection Set: 1.7ms
[2025-04-22T21:55:48.460+0300][gc,phases   ] GC(32)   Other: 0.4ms
[2025-04-22T21:55:48.460+0300][gc,heap     ] GC(32) Eden regions: 47->0(47)
[2025-04-22T21:55:48.460+0300][gc,heap     ] GC(32) Survivor regions: 4->4(7)
[2025-04-22T21:55:48.460+0300][gc,heap     ] GC(32) Old regions: 40->40
[2025-04-22T21:55:48.460+0300][gc,heap     ] GC(32) Humongous regions: 129->129
[2025-04-22T21:55:48.460+0300][gc,metaspace] GC(32) Metaspace: 44862K(45504K)->44862K(45504K) NonClass: 39829K(40192K)->39829K(40192K) Class: 5032K(5312K)->5032K(5312K)
[2025-04-22T21:55:48.461+0300][gc          ] GC(32) Pause Young (Normal) (G1 Evacuation Pause) 219M->172M(1024M) 32.024ms
[2025-04-22T21:55:48.461+0300][gc,cpu      ] GC(32) User=0.03s Sys=0.15s Real=0.04s
[2025-04-22T22:06:24.051+0300][gc,start    ] GC(33) Pause Young (Normal) (G1 Evacuation Pause)
[2025-04-22T22:06:24.052+0300][gc,task     ] GC(33) Using 13 workers of 13 for evacuation
[2025-04-22T22:06:24.059+0300][gc,phases   ] GC(33)   Pre Evacuate Collection Set: 0.9ms
[2025-04-22T22:06:24.059+0300][gc,phases   ] GC(33)   Merge Heap Roots: 0.1ms
[2025-04-22T22:06:24.059+0300][gc,phases   ] GC(33)   Evacuate Collection Set: 5.4ms
[2025-04-22T22:06:24.059+0300][gc,phases   ] GC(33)   Post Evacuate Collection Set: 1.0ms
[2025-04-22T22:06:24.059+0300][gc,phases   ] GC(33)   Other: 0.2ms
[2025-04-22T22:06:24.059+0300][gc,heap     ] GC(33) Eden regions: 47->0(47)
[2025-04-22T22:06:24.059+0300][gc,heap     ] GC(33) Survivor regions: 4->4(7)
[2025-04-22T22:06:24.059+0300][gc,heap     ] GC(33) Old regions: 40->40
[2025-04-22T22:06:24.060+0300][gc,heap     ] GC(33) Humongous regions: 129->129
[2025-04-22T22:06:24.060+0300][gc,metaspace] GC(33) Metaspace: 44862K(45504K)->44862K(45504K) NonClass: 39829K(40192K)->39829K(40192K) Class: 5032K(5312K)->5032K(5312K)
[2025-04-22T22:06:24.060+0300][gc          ] GC(33) Pause Young (Normal) (G1 Evacuation Pause) 219M->172M(1024M) 8.423ms
[2025-04-22T22:06:24.060+0300][gc,cpu      ] GC(33) User=0.02s Sys=0.01s Real=0.01s
[2025-04-22T22:17:39.410+0300][gc,start    ] GC(34) Pause Young (Normal) (G1 Evacuation Pause)
[2025-04-22T22:17:39.412+0300][gc,task     ] GC(34) Using 13 workers of 13 for evacuation
[2025-04-22T22:17:39.432+0300][gc,mmu      ] GC(34) MMU target violated: 20.2ms (20.0ms/21.0ms)
[2025-04-22T22:17:39.432+0300][gc,phases   ] GC(34)   Pre Evacuate Collection Set: 4.0ms
[2025-04-22T22:17:39.432+0300][gc,phases   ] GC(34)   Merge Heap Roots: 0.2ms
[2025-04-22T22:17:39.432+0300][gc,phases   ] GC(34)   Evacuate Collection Set: 14.2ms
[2025-04-22T22:17:39.432+0300][gc,phases   ] GC(34)   Post Evacuate Collection Set: 1.7ms
[2025-04-22T22:17:39.432+0300][gc,phases   ] GC(34)   Other: 0.3ms
[2025-04-22T22:17:39.432+0300][gc,heap     ] GC(34) Eden regions: 47->0(47)
[2025-04-22T22:17:39.432+0300][gc,heap     ] GC(34) Survivor regions: 4->4(7)
[2025-04-22T22:17:39.432+0300][gc,heap     ] GC(34) Old regions: 40->40
[2025-04-22T22:17:39.432+0300][gc,heap     ] GC(34) Humongous regions: 129->129
[2025-04-22T22:17:39.432+0300][gc,metaspace] GC(34) Metaspace: 44862K(45504K)->44862K(45504K) NonClass: 39829K(40192K)->39829K(40192K) Class: 5032K(5312K)->5032K(5312K)
[2025-04-22T22:17:39.432+0300][gc          ] GC(34) Pause Young (Normal) (G1 Evacuation Pause) 219M->172M(1024M) 21.829ms
[2025-04-22T22:17:39.432+0300][gc,cpu      ] GC(34) User=0.02s Sys=0.10s Real=0.02s
[2025-04-22T22:27:23.655+0300][gc,start    ] GC(35) Pause Young (Normal) (G1 Evacuation Pause)
[2025-04-22T22:27:23.656+0300][gc,task     ] GC(35) Using 13 workers of 13 for evacuation
[2025-04-22T22:27:23.662+0300][gc,phases   ] GC(35)   Pre Evacuate Collection Set: 0.8ms
[2025-04-22T22:27:23.662+0300][gc,phases   ] GC(35)   Merge Heap Roots: 1.2ms
[2025-04-22T22:27:23.662+0300][gc,phases   ] GC(35)   Evacuate Collection Set: 3.2ms
[2025-04-22T22:27:23.662+0300][gc,phases   ] GC(35)   Post Evacuate Collection Set: 1.1ms
[2025-04-22T22:27:23.662+0300][gc,phases   ] GC(35)   Other: 0.1ms
[2025-04-22T22:27:23.662+0300][gc,heap     ] GC(35) Eden regions: 47->0(47)
[2025-04-22T22:27:23.662+0300][gc,heap     ] GC(35) Survivor regions: 4->4(7)
[2025-04-22T22:27:23.662+0300][gc,heap     ] GC(35) Old regions: 40->40
[2025-04-22T22:27:23.662+0300][gc,heap     ] GC(35) Humongous regions: 129->129
[2025-04-22T22:27:23.662+0300][gc,metaspace] GC(35) Metaspace: 44863K(45504K)->44863K(45504K) NonClass: 39830K(40192K)->39830K(40192K) Class: 5032K(5312K)->5032K(5312K)
[2025-04-22T22:27:23.662+0300][gc          ] GC(35) Pause Young (Normal) (G1 Evacuation Pause) 219M->171M(1024M) 7.735ms
[2025-04-22T22:27:23.662+0300][gc,cpu      ] GC(35) User=0.01s Sys=0.02s Real=0.01s
[2025-04-22T22:39:20.233+0300][gc,start    ] GC(36) Pause Young (Normal) (G1 Evacuation Pause)
[2025-04-22T22:39:20.235+0300][gc,task     ] GC(36) Using 13 workers of 13 for evacuation
[2025-04-22T22:39:20.251+0300][gc,phases   ] GC(36)   Pre Evacuate Collection Set: 3.8ms
[2025-04-22T22:39:20.252+0300][gc,phases   ] GC(36)   Merge Heap Roots: 0.3ms
[2025-04-22T22:39:20.252+0300][gc,phases   ] GC(36)   Evacuate Collection Set: 11.3ms
[2025-04-22T22:39:20.252+0300][gc,phases   ] GC(36)   Post Evacuate Collection Set: 0.3ms
[2025-04-22T22:39:20.252+0300][gc,phases   ] GC(36)   Other: 1.1ms
[2025-04-22T22:39:20.252+0300][gc,heap     ] GC(36) Eden regions: 47->0(47)
[2025-04-22T22:39:20.252+0300][gc,heap     ] GC(36) Survivor regions: 4->4(7)
[2025-04-22T22:39:20.252+0300][gc,heap     ] GC(36) Old regions: 40->40
[2025-04-22T22:39:20.252+0300][gc,heap     ] GC(36) Humongous regions: 129->129
[2025-04-22T22:39:20.252+0300][gc,metaspace] GC(36) Metaspace: 44865K(45504K)->44865K(45504K) NonClass: 39833K(40192K)->39833K(40192K) Class: 5032K(5312K)->5032K(5312K)
[2025-04-22T22:39:20.252+0300][gc          ] GC(36) Pause Young (Normal) (G1 Evacuation Pause) 218M->172M(1024M) 19.147ms
[2025-04-22T22:39:20.252+0300][gc,cpu      ] GC(36) User=0.02s Sys=0.05s Real=0.02s
[2025-04-23T00:35:17.623+0300][gc,start    ] GC(37) Pause Young (Normal) (G1 Evacuation Pause)
[2025-04-23T00:35:17.627+0300][gc,task     ] GC(37) Using 13 workers of 13 for evacuation
[2025-04-23T00:35:17.684+0300][gc,mmu      ] GC(37) MMU target violated: 21.0ms (20.0ms/21.0ms)
[2025-04-23T00:35:17.684+0300][gc,phases   ] GC(37)   Pre Evacuate Collection Set: 9.2ms
[2025-04-23T00:35:17.684+0300][gc,phases   ] GC(37)   Merge Heap Roots: 3.5ms
[2025-04-23T00:35:17.684+0300][gc,phases   ] GC(37)   Evacuate Collection Set: 39.9ms
[2025-04-23T00:35:17.684+0300][gc,phases   ] GC(37)   Post Evacuate Collection Set: 3.6ms
[2025-04-23T00:35:17.684+0300][gc,phases   ] GC(37)   Other: 1.5ms
[2025-04-23T00:35:17.684+0300][gc,heap     ] GC(37) Eden regions: 47->0(47)
[2025-04-23T00:35:17.684+0300][gc,heap     ] GC(37) Survivor regions: 4->4(7)
[2025-04-23T00:35:17.684+0300][gc,heap     ] GC(37) Old regions: 40->40
[2025-04-23T00:35:17.684+0300][gc,heap     ] GC(37) Humongous regions: 129->129
[2025-04-23T00:35:17.684+0300][gc,metaspace] GC(37) Metaspace: 44867K(45504K)->44867K(45504K) NonClass: 39835K(40192K)->39835K(40192K) Class: 5032K(5312K)->5032K(5312K)
[2025-04-23T00:35:17.684+0300][gc          ] GC(37) Pause Young (Normal) (G1 Evacuation Pause) 219M->171M(1024M) 60.871ms
[2025-04-23T00:35:17.684+0300][gc,cpu      ] GC(37) User=0.04s Sys=0.26s Real=0.06s
[2025-04-23T01:30:35.708+0300][gc,start    ] GC(38) Pause Young (Normal) (G1 Evacuation Pause)
[2025-04-23T01:30:35.710+0300][gc,task     ] GC(38) Using 13 workers of 13 for evacuation
[2025-04-23T01:30:35.715+0300][gc,phases   ] GC(38)   Pre Evacuate Collection Set: 0.6ms
[2025-04-23T01:30:35.715+0300][gc,phases   ] GC(38)   Merge Heap Roots: 0.2ms
[2025-04-23T01:30:35.715+0300][gc,phases   ] GC(38)   Evacuate Collection Set: 2.8ms
[2025-04-23T01:30:35.715+0300][gc,phases   ] GC(38)   Post Evacuate Collection Set: 0.5ms
[2025-04-23T01:30:35.715+0300][gc,phases   ] GC(38)   Other: 1.1ms
[2025-04-23T01:30:35.715+0300][gc,heap     ] GC(38) Eden regions: 47->0(47)
[2025-04-23T01:30:35.715+0300][gc,heap     ] GC(38) Survivor regions: 4->4(7)
[2025-04-23T01:30:35.715+0300][gc,heap     ] GC(38) Old regions: 40->40
[2025-04-23T01:30:35.715+0300][gc,heap     ] GC(38) Humongous regions: 129->129
[2025-04-23T01:30:35.715+0300][gc,metaspace] GC(38) Metaspace: 44875K(45504K)->44875K(45504K) NonClass: 39842K(40192K)->39842K(40192K) Class: 5032K(5312K)->5032K(5312K)
[2025-04-23T01:30:35.715+0300][gc          ] GC(38) Pause Young (Normal) (G1 Evacuation Pause) 218M->172M(1024M) 7.681ms
[2025-04-23T01:30:35.715+0300][gc,cpu      ] GC(38) User=0.02s Sys=0.00s Real=0.01s
[2025-04-23T02:27:05.653+0300][gc,start    ] GC(39) Pause Young (Normal) (G1 Evacuation Pause)
[2025-04-23T02:27:05.655+0300][gc,task     ] GC(39) Using 13 workers of 13 for evacuation
[2025-04-23T02:27:05.684+0300][gc,mmu      ] GC(39) MMU target violated: 21.0ms (20.0ms/21.0ms)
[2025-04-23T02:27:05.684+0300][gc,phases   ] GC(39)   Pre Evacuate Collection Set: 9.3ms
[2025-04-23T02:27:05.684+0300][gc,phases   ] GC(39)   Merge Heap Roots: 0.2ms
[2025-04-23T02:27:05.684+0300][gc,phases   ] GC(39)   Evacuate Collection Set: 17.4ms
[2025-04-23T02:27:05.684+0300][gc,phases   ] GC(39)   Post Evacuate Collection Set: 2.3ms
[2025-04-23T02:27:05.684+0300][gc,phases   ] GC(39)   Other: 0.4ms
[2025-04-23T02:27:05.684+0300][gc,heap     ] GC(39) Eden regions: 47->0(47)
[2025-04-23T02:27:05.684+0300][gc,heap     ] GC(39) Survivor regions: 4->4(7)
[2025-04-23T02:27:05.684+0300][gc,heap     ] GC(39) Old regions: 40->40
[2025-04-23T02:27:05.684+0300][gc,heap     ] GC(39) Humongous regions: 129->129
[2025-04-23T02:27:05.684+0300][gc,metaspace] GC(39) Metaspace: 44877K(45504K)->44877K(45504K) NonClass: 39845K(40192K)->39845K(40192K) Class: 5032K(5312K)->5032K(5312K)
[2025-04-23T02:27:05.684+0300][gc          ] GC(39) Pause Young (Normal) (G1 Evacuation Pause) 219M->171M(1024M) 31.035ms
[2025-04-23T02:27:05.684+0300][gc,cpu      ] GC(39) User=0.02s Sys=0.13s Real=0.03s
[2025-04-23T03:23:29.531+0300][gc,start    ] GC(40) Pause Young (Normal) (G1 Evacuation Pause)
[2025-04-23T03:23:29.532+0300][gc,task     ] GC(40) Using 13 workers of 13 for evacuation
[2025-04-23T03:23:29.540+0300][gc,phases   ] GC(40)   Pre Evacuate Collection Set: 1.8ms
[2025-04-23T03:23:29.540+0300][gc,phases   ] GC(40)   Merge Heap Roots: 0.2ms
[2025-04-23T03:23:29.540+0300][gc,phases   ] GC(40)   Evacuate Collection Set: 3.7ms
[2025-04-23T03:23:29.540+0300][gc,phases   ] GC(40)   Post Evacuate Collection Set: 1.3ms
[2025-04-23T03:23:29.540+0300][gc,phases   ] GC(40)   Other: 1.0ms
[2025-04-23T03:23:29.540+0300][gc,heap     ] GC(40) Eden regions: 47->0(47)
[2025-04-23T03:23:29.540+0300][gc,heap     ] GC(40) Survivor regions: 4->4(7)
[2025-04-23T03:23:29.540+0300][gc,heap     ] GC(40) Old regions: 40->40
[2025-04-23T03:23:29.540+0300][gc,heap     ] GC(40) Humongous regions: 129->129
[2025-04-23T03:23:29.540+0300][gc,metaspace] GC(40) Metaspace: 44877K(45504K)->44877K(45504K) NonClass: 39845K(40192K)->39845K(40192K) Class: 5032K(5312K)->5032K(5312K)
[2025-04-23T03:23:29.540+0300][gc          ] GC(40) Pause Young (Normal) (G1 Evacuation Pause) 218M->172M(1024M) 9.308ms
[2025-04-23T03:23:29.540+0300][gc,cpu      ] GC(40) User=0.03s Sys=0.01s Real=0.01s
[2025-04-23T04:34:22.409+0300][gc,start    ] GC(41) Pause Young (Normal) (G1 Evacuation Pause)
[2025-04-23T04:34:22.410+0300][gc,task     ] GC(41) Using 13 workers of 13 for evacuation
[2025-04-23T04:34:22.417+0300][gc,phases   ] GC(41)   Pre Evacuate Collection Set: 1.5ms
[2025-04-23T04:34:22.417+0300][gc,phases   ] GC(41)   Merge Heap Roots: 1.0ms
[2025-04-23T04:34:22.417+0300][gc,phases   ] GC(41)   Evacuate Collection Set: 2.8ms
[2025-04-23T04:34:22.417+0300][gc,phases   ] GC(41)   Post Evacuate Collection Set: 1.4ms
[2025-04-23T04:34:22.417+0300][gc,phases   ] GC(41)   Other: 0.2ms
[2025-04-23T04:34:22.417+0300][gc,heap     ] GC(41) Eden regions: 47->0(47)
[2025-04-23T04:34:22.417+0300][gc,heap     ] GC(41) Survivor regions: 4->4(7)
[2025-04-23T04:34:22.417+0300][gc,heap     ] GC(41) Old regions: 40->40
[2025-04-23T04:34:22.417+0300][gc,heap     ] GC(41) Humongous regions: 129->129
[2025-04-23T04:34:22.417+0300][gc,metaspace] GC(41) Metaspace: 44886K(45504K)->44886K(45504K) NonClass: 39853K(40192K)->39853K(40192K) Class: 5032K(5312K)->5032K(5312K)
[2025-04-23T04:34:22.417+0300][gc          ] GC(41) Pause Young (Normal) (G1 Evacuation Pause) 219M->172M(1024M) 8.741ms
[2025-04-23T04:34:22.417+0300][gc,cpu      ] GC(41) User=0.02s Sys=0.01s Real=0.01s
[2025-04-23T05:31:03.471+0300][gc,start    ] GC(42) Pause Young (Normal) (G1 Evacuation Pause)
[2025-04-23T05:31:03.473+0300][gc,task     ] GC(42) Using 13 workers of 13 for evacuation
[2025-04-23T05:31:03.499+0300][gc,mmu      ] GC(42) MMU target violated: 21.0ms (20.0ms/21.0ms)
[2025-04-23T05:31:03.499+0300][gc,phases   ] GC(42)   Pre Evacuate Collection Set: 7.0ms
[2025-04-23T05:31:03.499+0300][gc,phases   ] GC(42)   Merge Heap Roots: 0.3ms
[2025-04-23T05:31:03.499+0300][gc,phases   ] GC(42)   Evacuate Collection Set: 17.4ms
[2025-04-23T05:31:03.499+0300][gc,phases   ] GC(42)   Post Evacuate Collection Set: 1.0ms
[2025-04-23T05:31:03.499+0300][gc,phases   ] GC(42)   Other: 0.4ms
[2025-04-23T05:31:03.499+0300][gc,heap     ] GC(42) Eden regions: 47->0(47)
[2025-04-23T05:31:03.499+0300][gc,heap     ] GC(42) Survivor regions: 4->4(7)
[2025-04-23T05:31:03.499+0300][gc,heap     ] GC(42) Old regions: 40->40
[2025-04-23T05:31:03.499+0300][gc,heap     ] GC(42) Humongous regions: 129->129
[2025-04-23T05:31:03.499+0300][gc,metaspace] GC(42) Metaspace: 44890K(45504K)->44890K(45504K) NonClass: 39857K(40192K)->39857K(40192K) Class: 5032K(5312K)->5032K(5312K)
[2025-04-23T05:31:03.499+0300][gc          ] GC(42) Pause Young (Normal) (G1 Evacuation Pause) 219M->172M(1024M) 27.677ms
[2025-04-23T05:31:03.499+0300][gc,cpu      ] GC(42) User=0.02s Sys=0.13s Real=0.02s
[2025-04-23T06:26:53.287+0300][gc,start    ] GC(43) Pause Young (Normal) (G1 Evacuation Pause)
[2025-04-23T06:26:53.289+0300][gc,task     ] GC(43) Using 13 workers of 13 for evacuation
[2025-04-23T06:26:53.299+0300][gc,phases   ] GC(43)   Pre Evacuate Collection Set: 4.0ms
[2025-04-23T06:26:53.299+0300][gc,phases   ] GC(43)   Merge Heap Roots: 0.2ms
[2025-04-23T06:26:53.299+0300][gc,phases   ] GC(43)   Evacuate Collection Set: 3.7ms
[2025-04-23T06:26:53.299+0300][gc,phases   ] GC(43)   Post Evacuate Collection Set: 2.1ms
[2025-04-23T06:26:53.299+0300][gc,phases   ] GC(43)   Other: 0.2ms
[2025-04-23T06:26:53.299+0300][gc,heap     ] GC(43) Eden regions: 47->0(57)
[2025-04-23T06:26:53.299+0300][gc,heap     ] GC(43) Survivor regions: 4->4(7)
[2025-04-23T06:26:53.299+0300][gc,heap     ] GC(43) Old regions: 40->40
[2025-04-23T06:26:53.299+0300][gc,heap     ] GC(43) Humongous regions: 129->129
[2025-04-23T06:26:53.299+0300][gc,metaspace] GC(43) Metaspace: 44891K(45504K)->44891K(45504K) NonClass: 39858K(40192K)->39858K(40192K) Class: 5032K(5312K)->5032K(5312K)
[2025-04-23T06:26:53.299+0300][gc          ] GC(43) Pause Young (Normal) (G1 Evacuation Pause) 219M->172M(1024M) 12.075ms
[2025-04-23T06:26:53.299+0300][gc,cpu      ] GC(43) User=0.02s Sys=0.02s Real=0.01s
[2025-04-23T08:29:47.727+0300][gc,start    ] GC(44) Pause Young (Normal) (G1 Evacuation Pause)
[2025-04-23T08:29:47.729+0300][gc,task     ] GC(44) Using 13 workers of 13 for evacuation
[2025-04-23T08:29:47.760+0300][gc,mmu      ] GC(44) MMU target violated: 21.0ms (20.0ms/21.0ms)
[2025-04-23T08:29:47.760+0300][gc,phases   ] GC(44)   Pre Evacuate Collection Set: 2.8ms
[2025-04-23T08:29:47.761+0300][gc,phases   ] GC(44)   Merge Heap Roots: 0.2ms
[2025-04-23T08:29:47.761+0300][gc,phases   ] GC(44)   Evacuate Collection Set: 27.1ms
[2025-04-23T08:29:47.761+0300][gc,phases   ] GC(44)   Post Evacuate Collection Set: 1.2ms
[2025-04-23T08:29:47.761+0300][gc,phases   ] GC(44)   Other: 0.3ms
[2025-04-23T08:29:47.761+0300][gc,heap     ] GC(44) Eden regions: 77->0(47)
[2025-04-23T08:29:47.761+0300][gc,heap     ] GC(44) Survivor regions: 4->4(11)
[2025-04-23T08:29:47.761+0300][gc,heap     ] GC(44) Old regions: 40->40
[2025-04-23T08:29:47.761+0300][gc,heap     ] GC(44) Humongous regions: 129->129
[2025-04-23T08:29:47.761+0300][gc,metaspace] GC(44) Metaspace: 44898K(45568K)->44898K(45568K) NonClass: 39864K(40256K)->39864K(40256K) Class: 5033K(5312K)->5033K(5312K)
[2025-04-23T08:29:47.761+0300][gc          ] GC(44) Pause Young (Normal) (G1 Evacuation Pause) 248M->172M(1024M) 33.396ms
[2025-04-23T08:29:47.761+0300][gc,cpu      ] GC(44) User=0.04s Sys=0.08s Real=0.04s
[2025-04-23T09:26:52.806+0300][gc,start    ] GC(45) Pause Young (Normal) (G1 Evacuation Pause)
[2025-04-23T09:26:52.806+0300][gc,task     ] GC(45) Using 13 workers of 13 for evacuation
[2025-04-23T09:26:52.829+0300][gc,mmu      ] GC(45) MMU target violated: 21.0ms (20.0ms/21.0ms)
[2025-04-23T09:26:52.829+0300][gc,phases   ] GC(45)   Pre Evacuate Collection Set: 5.0ms
[2025-04-23T09:26:52.829+0300][gc,phases   ] GC(45)   Merge Heap Roots: 0.4ms
[2025-04-23T09:26:52.829+0300][gc,phases   ] GC(45)   Evacuate Collection Set: 16.1ms
[2025-04-23T09:26:52.829+0300][gc,phases   ] GC(45)   Post Evacuate Collection Set: 0.8ms
[2025-04-23T09:26:52.829+0300][gc,phases   ] GC(45)   Other: 0.3ms
[2025-04-23T09:26:52.829+0300][gc,heap     ] GC(45) Eden regions: 47->0(47)
[2025-04-23T09:26:52.829+0300][gc,heap     ] GC(45) Survivor regions: 4->4(7)
[2025-04-23T09:26:52.829+0300][gc,heap     ] GC(45) Old regions: 40->40
[2025-04-23T09:26:52.829+0300][gc,heap     ] GC(45) Humongous regions: 129->129
[2025-04-23T09:26:52.829+0300][gc,metaspace] GC(45) Metaspace: 44899K(45568K)->44899K(45568K) NonClass: 39866K(40256K)->39866K(40256K) Class: 5033K(5312K)->5033K(5312K)
[2025-04-23T09:26:52.829+0300][gc          ] GC(45) Pause Young (Normal) (G1 Evacuation Pause) 219M->172M(1024M) 23.377ms
[2025-04-23T09:26:52.829+0300][gc,cpu      ] GC(45) User=0.02s Sys=0.11s Real=0.02s
[2025-04-23T10:06:17.730+0300][gc,start    ] GC(46) Pause Young (Normal) (G1 Evacuation Pause)
[2025-04-23T10:06:17.732+0300][gc,task     ] GC(46) Using 13 workers of 13 for evacuation
[2025-04-23T10:06:17.759+0300][gc,mmu      ] GC(46) MMU target violated: 21.0ms (20.0ms/21.0ms)
[2025-04-23T10:06:17.759+0300][gc,phases   ] GC(46)   Pre Evacuate Collection Set: 7.2ms
[2025-04-23T10:06:17.759+0300][gc,phases   ] GC(46)   Merge Heap Roots: 0.3ms
[2025-04-23T10:06:17.759+0300][gc,phases   ] GC(46)   Evacuate Collection Set: 15.8ms
[2025-04-23T10:06:17.759+0300][gc,phases   ] GC(46)   Post Evacuate Collection Set: 2.3ms
[2025-04-23T10:06:17.760+0300][gc,phases   ] GC(46)   Other: 2.1ms
[2025-04-23T10:06:17.760+0300][gc,heap     ] GC(46) Eden regions: 47->0(47)
[2025-04-23T10:06:17.760+0300][gc,heap     ] GC(46) Survivor regions: 4->4(7)
[2025-04-23T10:06:17.760+0300][gc,heap     ] GC(46) Old regions: 40->40
[2025-04-23T10:06:17.760+0300][gc,heap     ] GC(46) Humongous regions: 129->129
[2025-04-23T10:06:17.760+0300][gc,metaspace] GC(46) Metaspace: 44899K(45568K)->44899K(45568K) NonClass: 39866K(40256K)->39866K(40256K) Class: 5033K(5312K)->5033K(5312K)
[2025-04-23T10:06:17.760+0300][gc          ] GC(46) Pause Young (Normal) (G1 Evacuation Pause) 219M->172M(1024M) 30.223ms
[2025-04-23T10:06:17.760+0300][gc,cpu      ] GC(46) User=0.02s Sys=0.12s Real=0.03s
[2025-04-23T10:41:15.216+0300][gc,start    ] GC(47) Pause Young (Normal) (G1 Evacuation Pause)
[2025-04-23T10:41:15.217+0300][gc,task     ] GC(47) Using 13 workers of 13 for evacuation
[2025-04-23T10:41:15.243+0300][gc,mmu      ] GC(47) MMU target violated: 21.0ms (20.0ms/21.0ms)
[2025-04-23T10:41:15.243+0300][gc,phases   ] GC(47)   Pre Evacuate Collection Set: 8.8ms
[2025-04-23T10:41:15.243+0300][gc,phases   ] GC(47)   Merge Heap Roots: 0.7ms
[2025-04-23T10:41:15.243+0300][gc,phases   ] GC(47)   Evacuate Collection Set: 14.2ms
[2025-04-23T10:41:15.243+0300][gc,phases   ] GC(47)   Post Evacuate Collection Set: 1.4ms
[2025-04-23T10:41:15.243+0300][gc,phases   ] GC(47)   Other: 0.9ms
[2025-04-23T10:41:15.243+0300][gc,heap     ] GC(47) Eden regions: 47->0(47)
[2025-04-23T10:41:15.243+0300][gc,heap     ] GC(47) Survivor regions: 4->4(7)
[2025-04-23T10:41:15.243+0300][gc,heap     ] GC(47) Old regions: 40->41
[2025-04-23T10:41:15.243+0300][gc,heap     ] GC(47) Humongous regions: 129->129
[2025-04-23T10:41:15.243+0300][gc,metaspace] GC(47) Metaspace: 44899K(45568K)->44899K(45568K) NonClass: 39866K(40256K)->39866K(40256K) Class: 5033K(5312K)->5033K(5312K)
[2025-04-23T10:41:15.243+0300][gc          ] GC(47) Pause Young (Normal) (G1 Evacuation Pause) 219M->172M(1024M) 27.083ms
[2025-04-23T10:41:15.243+0300][gc,cpu      ] GC(47) User=0.02s Sys=0.10s Real=0.03s
[2025-04-23T11:01:59.218+0300][gc,start    ] GC(48) Pause Young (Normal) (G1 Evacuation Pause)
[2025-04-23T11:01:59.219+0300][gc,task     ] GC(48) Using 13 workers of 13 for evacuation
[2025-04-23T11:01:59.266+0300][gc,mmu      ] GC(48) MMU target violated: 21.0ms (20.0ms/21.0ms)
[2025-04-23T11:01:59.266+0300][gc,phases   ] GC(48)   Pre Evacuate Collection Set: 5.2ms
[2025-04-23T11:01:59.266+0300][gc,phases   ] GC(48)   Merge Heap Roots: 0.2ms
[2025-04-23T11:01:59.266+0300][gc,phases   ] GC(48)   Evacuate Collection Set: 38.0ms
[2025-04-23T11:01:59.266+0300][gc,phases   ] GC(48)   Post Evacuate Collection Set: 2.7ms
[2025-04-23T11:01:59.266+0300][gc,phases   ] GC(48)   Other: 0.7ms
[2025-04-23T11:01:59.266+0300][gc,heap     ] GC(48) Eden regions: 47->0(47)
[2025-04-23T11:01:59.266+0300][gc,heap     ] GC(48) Survivor regions: 4->4(7)
[2025-04-23T11:01:59.266+0300][gc,heap     ] GC(48) Old regions: 41->41
[2025-04-23T11:01:59.266+0300][gc,heap     ] GC(48) Humongous regions: 129->129
[2025-04-23T11:01:59.266+0300][gc,metaspace] GC(48) Metaspace: 44903K(45568K)->44903K(45568K) NonClass: 39869K(40256K)->39869K(40256K) Class: 5033K(5312K)->5033K(5312K)
[2025-04-23T11:01:59.267+0300][gc          ] GC(48) Pause Young (Normal) (G1 Evacuation Pause) 219M->172M(1024M) 48.269ms
[2025-04-23T11:01:59.267+0300][gc,cpu      ] GC(48) User=0.02s Sys=0.18s Real=0.05s
