[2025-04-22T16:18:25.629+0300][gc,init] CardTable entry size: 512
[2025-04-22T16:18:25.629+0300][gc     ] Using G1
[2025-04-22T16:18:25.635+0300][gc,init] Version: 21.0.5+11-LTS (release)
[2025-04-22T16:18:25.635+0300][gc,init] CPUs: 16 total, 16 available
[2025-04-22T16:18:25.635+0300][gc,init] Memory: 16384M
[2025-04-22T16:18:25.635+0300][gc,init] Large Page Support: Disabled
[2025-04-22T16:18:25.635+0300][gc,init] NUMA Support: Disabled
[2025-04-22T16:18:25.635+0300][gc,init] Compressed Oops: Enabled (Zero based)
[2025-04-22T16:18:25.635+0300][gc,init] Heap Region Size: 1M
[2025-04-22T16:18:25.635+0300][gc,init] Heap Min Capacity: 1G
[2025-04-22T16:18:25.635+0300][gc,init] Heap Initial Capacity: 1G
[2025-04-22T16:18:25.635+0300][gc,init] Heap Max Capacity: 1G
[2025-04-22T16:18:25.635+0300][gc,init] Pre-touch: Disabled
[2025-04-22T16:18:25.635+0300][gc,init] Parallel Workers: 13
[2025-04-22T16:18:25.635+0300][gc,init] Concurrent Workers: 3
[2025-04-22T16:18:25.635+0300][gc,init] Concurrent Refinement Workers: 13
[2025-04-22T16:18:25.635+0300][gc,init] Periodic GC: Disabled
[2025-04-22T16:18:25.643+0300][gc,metaspace] CDS archive(s) mapped at: [0x0000000128000000-0x0000000128c8c000-0x0000000128c8c000), size 13156352, SharedBaseAddress: 0x0000000128000000, ArchiveRelocationMode: 1.
[2025-04-22T16:18:25.643+0300][gc,metaspace] Compressed class space mapped at: 0x0000000129000000-0x0000000169000000, reserved size: 1073741824
[2025-04-22T16:18:25.643+0300][gc,metaspace] Narrow klass base: 0x0000000128000000, Narrow klass shift: 0, Narrow klass range: 0x100000000
[2025-04-22T16:18:32.362+0300][gc,start    ] GC(0) Pause Young (Normal) (G1 Evacuation Pause)
[2025-04-22T16:18:32.363+0300][gc,task     ] GC(0) Using 13 workers of 13 for evacuation
[2025-04-22T16:18:32.369+0300][gc,phases   ] GC(0)   Pre Evacuate Collection Set: 0.2ms
[2025-04-22T16:18:32.369+0300][gc,phases   ] GC(0)   Merge Heap Roots: 0.1ms
[2025-04-22T16:18:32.369+0300][gc,phases   ] GC(0)   Evacuate Collection Set: 4.7ms
[2025-04-22T16:18:32.369+0300][gc,phases   ] GC(0)   Post Evacuate Collection Set: 1.0ms
[2025-04-22T16:18:32.369+0300][gc,phases   ] GC(0)   Other: 0.8ms
[2025-04-22T16:18:32.369+0300][gc,heap     ] GC(0) Eden regions: 51->0(44)
[2025-04-22T16:18:32.369+0300][gc,heap     ] GC(0) Survivor regions: 0->7(7)
[2025-04-22T16:18:32.369+0300][gc,heap     ] GC(0) Old regions: 2->3
[2025-04-22T16:18:32.369+0300][gc,heap     ] GC(0) Humongous regions: 0->0
[2025-04-22T16:18:32.369+0300][gc,metaspace] GC(0) Metaspace: 17259K(17472K)->17259K(17472K) NonClass: 15256K(15360K)->15256K(15360K) Class: 2002K(2112K)->2002K(2112K)
[2025-04-22T16:18:32.369+0300][gc          ] GC(0) Pause Young (Normal) (G1 Evacuation Pause) 52M->8M(1024M) 7.180ms
[2025-04-22T16:18:32.369+0300][gc,cpu      ] GC(0) User=0.02s Sys=0.03s Real=0.00s
[2025-04-22T16:18:32.695+0300][gc,start    ] GC(1) Pause Young (Concurrent Start) (Metadata GC Threshold)
[2025-04-22T16:18:32.695+0300][gc,task     ] GC(1) Using 13 workers of 13 for evacuation
[2025-04-22T16:18:32.700+0300][gc,phases   ] GC(1)   Pre Evacuate Collection Set: 0.2ms
[2025-04-22T16:18:32.700+0300][gc,phases   ] GC(1)   Merge Heap Roots: 0.0ms
[2025-04-22T16:18:32.700+0300][gc,phases   ] GC(1)   Evacuate Collection Set: 3.7ms
[2025-04-22T16:18:32.700+0300][gc,phases   ] GC(1)   Post Evacuate Collection Set: 0.5ms
[2025-04-22T16:18:32.700+0300][gc,phases   ] GC(1)   Other: 0.1ms
[2025-04-22T16:18:32.700+0300][gc,heap     ] GC(1) Eden regions: 15->0(49)
[2025-04-22T16:18:32.700+0300][gc,heap     ] GC(1) Survivor regions: 7->2(7)
[2025-04-22T16:18:32.700+0300][gc,heap     ] GC(1) Old regions: 3->10
[2025-04-22T16:18:32.700+0300][gc,heap     ] GC(1) Humongous regions: 0->0
[2025-04-22T16:18:32.700+0300][gc,metaspace] GC(1) Metaspace: 21298K(21504K)->21298K(21504K) NonClass: 18818K(18944K)->18818K(18944K) Class: 2479K(2560K)->2479K(2560K)
[2025-04-22T16:18:32.700+0300][gc          ] GC(1) Pause Young (Concurrent Start) (Metadata GC Threshold) 23M->10M(1024M) 4.697ms
[2025-04-22T16:18:32.700+0300][gc,cpu      ] GC(1) User=0.03s Sys=0.02s Real=0.01s
[2025-04-22T16:18:32.700+0300][gc          ] GC(2) Concurrent Mark Cycle
[2025-04-22T16:18:32.700+0300][gc,marking  ] GC(2) Concurrent Scan Root Regions
[2025-04-22T16:18:32.703+0300][gc,marking  ] GC(2) Concurrent Scan Root Regions 2.590ms
[2025-04-22T16:18:32.703+0300][gc,marking  ] GC(2) Concurrent Mark
[2025-04-22T16:18:32.703+0300][gc,marking  ] GC(2) Concurrent Mark From Roots
[2025-04-22T16:18:32.703+0300][gc,task     ] GC(2) Using 3 workers of 3 for marking
[2025-04-22T16:18:32.705+0300][gc,marking  ] GC(2) Concurrent Mark From Roots 2.350ms
[2025-04-22T16:18:32.705+0300][gc,marking  ] GC(2) Concurrent Preclean
[2025-04-22T16:18:32.706+0300][gc,marking  ] GC(2) Concurrent Preclean 0.137ms
[2025-04-22T16:18:32.706+0300][gc,start    ] GC(2) Pause Remark
[2025-04-22T16:18:32.708+0300][gc          ] GC(2) Pause Remark 11M->11M(1024M) 2.230ms
[2025-04-22T16:18:32.708+0300][gc,cpu      ] GC(2) User=0.01s Sys=0.00s Real=0.00s
[2025-04-22T16:18:32.708+0300][gc,marking  ] GC(2) Concurrent Mark 4.896ms
[2025-04-22T16:18:32.708+0300][gc,marking  ] GC(2) Concurrent Rebuild Remembered Sets and Scrub Regions
[2025-04-22T16:18:32.710+0300][gc,marking  ] GC(2) Concurrent Rebuild Remembered Sets and Scrub Regions 1.530ms
[2025-04-22T16:18:32.710+0300][gc,start    ] GC(2) Pause Cleanup
[2025-04-22T16:18:32.710+0300][gc          ] GC(2) Pause Cleanup 11M->11M(1024M) 0.167ms
[2025-04-22T16:18:32.710+0300][gc,cpu      ] GC(2) User=0.00s Sys=0.00s Real=0.00s
[2025-04-22T16:18:32.710+0300][gc,marking  ] GC(2) Concurrent Clear Claimed Marks
[2025-04-22T16:18:32.710+0300][gc,marking  ] GC(2) Concurrent Clear Claimed Marks 0.028ms
[2025-04-22T16:18:32.710+0300][gc,marking  ] GC(2) Concurrent Cleanup for Next Mark
[2025-04-22T16:18:32.716+0300][gc,marking  ] GC(2) Concurrent Cleanup for Next Mark 6.553ms
[2025-04-22T16:18:32.717+0300][gc          ] GC(2) Concurrent Mark Cycle 16.622ms
[2025-04-22T16:18:33.445+0300][gc,start    ] GC(3) Pause Young (Prepare Mixed) (G1 Evacuation Pause)
[2025-04-22T16:18:33.456+0300][gc,task     ] GC(3) Using 13 workers of 13 for evacuation
[2025-04-22T16:18:33.459+0300][gc,phases   ] GC(3)   Pre Evacuate Collection Set: 0.2ms
[2025-04-22T16:18:33.459+0300][gc,phases   ] GC(3)   Merge Heap Roots: 0.1ms
[2025-04-22T16:18:33.459+0300][gc,phases   ] GC(3)   Evacuate Collection Set: 2.4ms
[2025-04-22T16:18:33.459+0300][gc,phases   ] GC(3)   Post Evacuate Collection Set: 0.5ms
[2025-04-22T16:18:33.459+0300][gc,phases   ] GC(3)   Other: 0.1ms
[2025-04-22T16:18:33.459+0300][gc,heap     ] GC(3) Eden regions: 49->0(44)
[2025-04-22T16:18:33.459+0300][gc,heap     ] GC(3) Survivor regions: 2->7(7)
[2025-04-22T16:18:33.459+0300][gc,heap     ] GC(3) Old regions: 10->10
[2025-04-22T16:18:33.459+0300][gc,heap     ] GC(3) Humongous regions: 129->129
[2025-04-22T16:18:33.459+0300][gc,metaspace] GC(3) Metaspace: 32967K(33280K)->32967K(33280K) NonClass: 29449K(29632K)->29449K(29632K) Class: 3518K(3648K)->3518K(3648K)
[2025-04-22T16:18:33.459+0300][gc          ] GC(3) Pause Young (Prepare Mixed) (G1 Evacuation Pause) 188M->144M(1024M) 14.361ms
[2025-04-22T16:18:33.459+0300][gc,cpu      ] GC(3) User=0.03s Sys=0.00s Real=0.01s
[2025-04-22T16:18:33.584+0300][gc,start    ] GC(4) Pause Young (Mixed) (Metadata GC Threshold)
[2025-04-22T16:18:33.584+0300][gc,task     ] GC(4) Using 13 workers of 13 for evacuation
[2025-04-22T16:18:33.589+0300][gc,phases   ] GC(4)   Pre Evacuate Collection Set: 0.2ms
[2025-04-22T16:18:33.589+0300][gc,phases   ] GC(4)   Merge Heap Roots: 0.1ms
[2025-04-22T16:18:33.589+0300][gc,phases   ] GC(4)   Evacuate Collection Set: 3.6ms
[2025-04-22T16:18:33.589+0300][gc,phases   ] GC(4)   Post Evacuate Collection Set: 0.4ms
[2025-04-22T16:18:33.589+0300][gc,phases   ] GC(4)   Other: 0.1ms
[2025-04-22T16:18:33.589+0300][gc,heap     ] GC(4) Eden regions: 13->0(49)
[2025-04-22T16:18:33.589+0300][gc,heap     ] GC(4) Survivor regions: 7->2(7)
[2025-04-22T16:18:33.589+0300][gc,heap     ] GC(4) Old regions: 10->16
[2025-04-22T16:18:33.589+0300][gc,heap     ] GC(4) Humongous regions: 129->129
[2025-04-22T16:18:33.589+0300][gc,metaspace] GC(4) Metaspace: 35914K(36160K)->35914K(36160K) NonClass: 32025K(32192K)->32025K(32192K) Class: 3889K(3968K)->3889K(3968K)
[2025-04-22T16:18:33.589+0300][gc          ] GC(4) Pause Young (Mixed) (Metadata GC Threshold) 156M->145M(1024M) 4.537ms
[2025-04-22T16:18:33.589+0300][gc,cpu      ] GC(4) User=0.04s Sys=0.01s Real=0.00s
[2025-04-22T16:18:33.693+0300][gc,start    ] GC(5) Pause Young (Concurrent Start) (Metadata GC Threshold)
[2025-04-22T16:18:33.693+0300][gc,task     ] GC(5) Using 13 workers of 13 for evacuation
[2025-04-22T16:18:33.694+0300][gc,phases   ] GC(5)   Pre Evacuate Collection Set: 0.2ms
[2025-04-22T16:18:33.694+0300][gc,phases   ] GC(5)   Merge Heap Roots: 0.1ms
[2025-04-22T16:18:33.694+0300][gc,phases   ] GC(5)   Evacuate Collection Set: 0.7ms
[2025-04-22T16:18:33.695+0300][gc,phases   ] GC(5)   Post Evacuate Collection Set: 0.3ms
[2025-04-22T16:18:33.695+0300][gc,phases   ] GC(5)   Other: 0.1ms
[2025-04-22T16:18:33.695+0300][gc,heap     ] GC(5) Eden regions: 4->0(50)
[2025-04-22T16:18:33.695+0300][gc,heap     ] GC(5) Survivor regions: 2->1(7)
[2025-04-22T16:18:33.695+0300][gc,heap     ] GC(5) Old regions: 16->16
[2025-04-22T16:18:33.695+0300][gc,heap     ] GC(5) Humongous regions: 129->129
[2025-04-22T16:18:33.695+0300][gc,metaspace] GC(5) Metaspace: 36197K(36480K)->36197K(36480K) NonClass: 32266K(32384K)->32266K(32384K) Class: 3931K(4096K)->3931K(4096K)
[2025-04-22T16:18:33.695+0300][gc          ] GC(5) Pause Young (Concurrent Start) (Metadata GC Threshold) 148M->145M(1024M) 1.548ms
[2025-04-22T16:18:33.695+0300][gc,cpu      ] GC(5) User=0.00s Sys=0.00s Real=0.00s
[2025-04-22T16:18:33.695+0300][gc          ] GC(6) Concurrent Mark Cycle
[2025-04-22T16:18:33.695+0300][gc,marking  ] GC(6) Concurrent Scan Root Regions
[2025-04-22T16:18:33.696+0300][gc,marking  ] GC(6) Concurrent Scan Root Regions 1.223ms
[2025-04-22T16:18:33.696+0300][gc,marking  ] GC(6) Concurrent Mark
[2025-04-22T16:18:33.696+0300][gc,marking  ] GC(6) Concurrent Mark From Roots
[2025-04-22T16:18:33.696+0300][gc,task     ] GC(6) Using 3 workers of 3 for marking
[2025-04-22T16:18:33.704+0300][gc,marking  ] GC(6) Concurrent Mark From Roots 7.699ms
[2025-04-22T16:18:33.704+0300][gc,marking  ] GC(6) Concurrent Preclean
[2025-04-22T16:18:33.704+0300][gc,marking  ] GC(6) Concurrent Preclean 0.042ms
[2025-04-22T16:18:33.704+0300][gc,start    ] GC(6) Pause Remark
[2025-04-22T16:18:33.705+0300][gc          ] GC(6) Pause Remark 146M->146M(1024M) 1.216ms
[2025-04-22T16:18:33.705+0300][gc,cpu      ] GC(6) User=0.01s Sys=0.00s Real=0.00s
[2025-04-22T16:18:33.705+0300][gc,marking  ] GC(6) Concurrent Mark 9.154ms
[2025-04-22T16:18:33.705+0300][gc,marking  ] GC(6) Concurrent Rebuild Remembered Sets and Scrub Regions
[2025-04-22T16:18:33.708+0300][gc,marking  ] GC(6) Concurrent Rebuild Remembered Sets and Scrub Regions 2.692ms
[2025-04-22T16:18:33.708+0300][gc,start    ] GC(6) Pause Cleanup
[2025-04-22T16:18:33.708+0300][gc          ] GC(6) Pause Cleanup 146M->146M(1024M) 0.141ms
[2025-04-22T16:18:33.708+0300][gc,cpu      ] GC(6) User=0.00s Sys=0.01s Real=0.00s
[2025-04-22T16:18:33.708+0300][gc,marking  ] GC(6) Concurrent Clear Claimed Marks
[2025-04-22T16:18:33.708+0300][gc,marking  ] GC(6) Concurrent Clear Claimed Marks 0.038ms
[2025-04-22T16:18:33.708+0300][gc,marking  ] GC(6) Concurrent Cleanup for Next Mark
[2025-04-22T16:18:33.710+0300][gc,marking  ] GC(6) Concurrent Cleanup for Next Mark 1.477ms
[2025-04-22T16:18:33.710+0300][gc          ] GC(6) Concurrent Mark Cycle 15.042ms
[2025-04-22T16:43:57.670+0300][gc,start    ] GC(7) Pause Young (Prepare Mixed) (G1 Evacuation Pause)
[2025-04-22T16:43:57.671+0300][gc,task     ] GC(7) Using 13 workers of 13 for evacuation
[2025-04-22T16:43:57.706+0300][gc,mmu      ] GC(7) MMU target violated: 21.0ms (20.0ms/21.0ms)
[2025-04-22T16:43:57.706+0300][gc,phases   ] GC(7)   Pre Evacuate Collection Set: 5.3ms
[2025-04-22T16:43:57.706+0300][gc,phases   ] GC(7)   Merge Heap Roots: 1.3ms
[2025-04-22T16:43:57.706+0300][gc,phases   ] GC(7)   Evacuate Collection Set: 27.7ms
[2025-04-22T16:43:57.706+0300][gc,phases   ] GC(7)   Post Evacuate Collection Set: 0.7ms
[2025-04-22T16:43:57.706+0300][gc,phases   ] GC(7)   Other: 0.3ms
[2025-04-22T16:43:57.706+0300][gc,heap     ] GC(7) Eden regions: 50->0(47)
[2025-04-22T16:43:57.706+0300][gc,heap     ] GC(7) Survivor regions: 1->4(7)
[2025-04-22T16:43:57.706+0300][gc,heap     ] GC(7) Old regions: 16->16
[2025-04-22T16:43:57.706+0300][gc,heap     ] GC(7) Humongous regions: 129->129
[2025-04-22T16:43:57.707+0300][gc,metaspace] GC(7) Metaspace: 42301K(42816K)->42301K(42816K) NonClass: 37345K(37632K)->37345K(37632K) Class: 4956K(5184K)->4956K(5184K)
[2025-04-22T16:43:57.707+0300][gc          ] GC(7) Pause Young (Prepare Mixed) (G1 Evacuation Pause) 195M->148M(1024M) 36.735ms
[2025-04-22T16:43:57.707+0300][gc,cpu      ] GC(7) User=0.03s Sys=0.18s Real=0.03s
[2025-04-22T16:47:52.628+0300][gc,heap,exit] Heap
[2025-04-22T16:47:52.628+0300][gc,heap,exit]  garbage-first heap   total 1048576K, used 182112K [0x00000007c0000000, 0x0000000800000000)
[2025-04-22T16:47:52.628+0300][gc,heap,exit]   region size 1024K, 34 young (34816K), 4 survivors (4096K)
[2025-04-22T16:47:52.628+0300][gc,heap,exit]  Metaspace       used 45231K, committed 45888K, reserved 1114112K
[2025-04-22T16:47:52.628+0300][gc,heap,exit]   class space    used 5434K, committed 5696K, reserved 1048576K
