[2025-04-22T19:25:13.405+0300][gc,init] CardTable entry size: 512
[2025-04-22T19:25:13.405+0300][gc     ] Using G1
[2025-04-22T19:25:13.411+0300][gc,init] Version: 21.0.5+11-LTS (release)
[2025-04-22T19:25:13.411+0300][gc,init] CPUs: 16 total, 16 available
[2025-04-22T19:25:13.411+0300][gc,init] Memory: 16384M
[2025-04-22T19:25:13.411+0300][gc,init] Large Page Support: Disabled
[2025-04-22T19:25:13.411+0300][gc,init] NUMA Support: Disabled
[2025-04-22T19:25:13.411+0300][gc,init] Compressed Oops: Enabled (Zero based)
[2025-04-22T19:25:13.411+0300][gc,init] Heap Region Size: 1M
[2025-04-22T19:25:13.411+0300][gc,init] Heap Min Capacity: 1G
[2025-04-22T19:25:13.411+0300][gc,init] Heap Initial Capacity: 1G
[2025-04-22T19:25:13.411+0300][gc,init] Heap Max Capacity: 1G
[2025-04-22T19:25:13.411+0300][gc,init] Pre-touch: Disabled
[2025-04-22T19:25:13.411+0300][gc,init] Parallel Workers: 13
[2025-04-22T19:25:13.411+0300][gc,init] Concurrent Workers: 3
[2025-04-22T19:25:13.411+0300][gc,init] Concurrent Refinement Workers: 13
[2025-04-22T19:25:13.411+0300][gc,init] Periodic GC: Disabled
[2025-04-22T19:25:13.419+0300][gc,metaspace] CDS archive(s) mapped at: [0x0000000129000000-0x0000000129c8c000-0x0000000129c8c000), size 13156352, SharedBaseAddress: 0x0000000129000000, ArchiveRelocationMode: 1.
[2025-04-22T19:25:13.419+0300][gc,metaspace] Compressed class space mapped at: 0x000000012a000000-0x000000016a000000, reserved size: 1073741824
[2025-04-22T19:25:13.419+0300][gc,metaspace] Narrow klass base: 0x0000000129000000, Narrow klass shift: 0, Narrow klass range: 0x100000000
[2025-04-22T19:25:19.876+0300][gc,start    ] GC(0) Pause Young (Normal) (G1 Evacuation Pause)
[2025-04-22T19:25:19.877+0300][gc,task     ] GC(0) Using 13 workers of 13 for evacuation
[2025-04-22T19:25:19.895+0300][gc,phases   ] GC(0)   Pre Evacuate Collection Set: 0.5ms
[2025-04-22T19:25:19.895+0300][gc,phases   ] GC(0)   Merge Heap Roots: 0.1ms
[2025-04-22T19:25:19.896+0300][gc,phases   ] GC(0)   Evacuate Collection Set: 17.3ms
[2025-04-22T19:25:19.896+0300][gc,phases   ] GC(0)   Post Evacuate Collection Set: 0.8ms
[2025-04-22T19:25:19.896+0300][gc,phases   ] GC(0)   Other: 0.7ms
[2025-04-22T19:25:19.896+0300][gc,heap     ] GC(0) Eden regions: 51->0(44)
[2025-04-22T19:25:19.896+0300][gc,heap     ] GC(0) Survivor regions: 0->7(7)
[2025-04-22T19:25:19.896+0300][gc,heap     ] GC(0) Old regions: 2->3
[2025-04-22T19:25:19.896+0300][gc,heap     ] GC(0) Humongous regions: 0->0
[2025-04-22T19:25:19.896+0300][gc,metaspace] GC(0) Metaspace: 17170K(17472K)->17170K(17472K) NonClass: 15185K(15360K)->15185K(15360K) Class: 1985K(2112K)->1985K(2112K)
[2025-04-22T19:25:19.896+0300][gc          ] GC(0) Pause Young (Normal) (G1 Evacuation Pause) 52M->8M(1024M) 19.654ms
[2025-04-22T19:25:19.896+0300][gc,cpu      ] GC(0) User=0.03s Sys=0.09s Real=0.02s
[2025-04-22T19:25:20.246+0300][gc,heap,exit] Heap
[2025-04-22T19:25:20.246+0300][gc,heap,exit]  garbage-first heap   total 1048576K, used 23488K [0x00000007c0000000, 0x0000000800000000)
[2025-04-22T19:25:20.246+0300][gc,heap,exit]   region size 1024K, 21 young (21504K), 7 survivors (7168K)
[2025-04-22T19:25:20.246+0300][gc,heap,exit]  Metaspace       used 20991K, committed 21248K, reserved 1114112K
[2025-04-22T19:25:20.246+0300][gc,heap,exit]   class space    used 2452K, committed 2560K, reserved 1048576K
