[2025-03-27T21:40:24.243-0200][gc,heap] Heap region size: 1M
[2025-03-27T21:40:24.252-0200][gc     ] Using G1
[2025-03-27T21:40:24.252-0200][gc,heap,coops] Heap address: 0x00000007c0000000, size: 1024 MB, Compressed Oops mode: Zero based, Oop shift amount: 3
[2025-03-27T21:40:26.259-0200][gc,start     ] GC(0) Pause Young (Normal) (G1 Evacuation Pause)
[2025-03-27T21:40:26.259-0200][gc,task      ] GC(0) Using 4 workers of 4 for evacuation
[2025-03-27T21:40:26.268-0200][gc,phases    ] GC(0)   Pre Evacuate Collection Set: 0.0ms
[2025-03-27T21:40:26.268-0200][gc,phases    ] GC(0)   Evacuate Collection Set: 7.8ms
[2025-03-27T21:40:26.268-0200][gc,phases    ] GC(0)   Post Evacuate Collection Set: 0.4ms
[2025-03-27T21:40:26.268-0200][gc,phases    ] GC(0)   Other: 0.3ms
[2025-03-27T21:40:26.268-0200][gc,heap      ] GC(0) Eden regions: 51->0(44)
[2025-03-27T21:40:26.268-0200][gc,heap      ] GC(0) Survivor regions: 0->7(7)
[2025-03-27T21:40:26.268-0200][gc,heap      ] GC(0) Old regions: 0->1
[2025-03-27T21:40:26.268-0200][gc,heap      ] GC(0) Humongous regions: 0->0
[2025-03-27T21:40:26.268-0200][gc,metaspace ] GC(0) Metaspace: 20383K->20383K(1067008K)
[2025-03-27T21:40:26.268-0200][gc           ] GC(0) Pause Young (Normal) (G1 Evacuation Pause) 51M->7M(1024M) 8.802ms
[2025-03-27T21:40:26.268-0200][gc,cpu       ] GC(0) User=0.02s Sys=0.01s Real=0.01s
[2025-03-27T21:40:26.306-0200][gc,start     ] GC(1) Pause Young (Concurrent Start) (Metadata GC Threshold)
[2025-03-27T21:40:26.306-0200][gc,task      ] GC(1) Using 4 workers of 4 for evacuation
[2025-03-27T21:40:26.314-0200][gc,phases    ] GC(1)   Pre Evacuate Collection Set: 0.0ms
[2025-03-27T21:40:26.314-0200][gc,phases    ] GC(1)   Evacuate Collection Set: 7.6ms
[2025-03-27T21:40:26.314-0200][gc,phases    ] GC(1)   Post Evacuate Collection Set: 0.2ms
[2025-03-27T21:40:26.314-0200][gc,phases    ] GC(1)   Other: 0.3ms
[2025-03-27T21:40:26.314-0200][gc,heap      ] GC(1) Eden regions: 3->0(50)
[2025-03-27T21:40:26.314-0200][gc,heap      ] GC(1) Survivor regions: 7->1(7)
[2025-03-27T21:40:26.314-0200][gc,heap      ] GC(1) Old regions: 1->8
[2025-03-27T21:40:26.314-0200][gc,heap      ] GC(1) Humongous regions: 0->0
[2025-03-27T21:40:26.314-0200][gc,metaspace ] GC(1) Metaspace: 20712K->20712K(1069056K)
[2025-03-27T21:40:26.314-0200][gc           ] GC(1) Pause Young (Concurrent Start) (Metadata GC Threshold) 10M->8M(1024M) 8.210ms
[2025-03-27T21:40:26.314-0200][gc,cpu       ] GC(1) User=0.02s Sys=0.00s Real=0.01s
[2025-03-27T21:40:26.314-0200][gc           ] GC(2) Concurrent Cycle
[2025-03-27T21:40:26.314-0200][gc,marking   ] GC(2) Concurrent Clear Claimed Marks
[2025-03-27T21:40:26.314-0200][gc,marking   ] GC(2) Concurrent Clear Claimed Marks 0.025ms
[2025-03-27T21:40:26.314-0200][gc,marking   ] GC(2) Concurrent Scan Root Regions
[2025-03-27T21:40:26.314-0200][gc,marking   ] GC(2) Concurrent Scan Root Regions 0.165ms
[2025-03-27T21:40:26.314-0200][gc,marking   ] GC(2) Concurrent Mark (2.080s)
[2025-03-27T21:40:26.314-0200][gc,marking   ] GC(2) Concurrent Mark From Roots
[2025-03-27T21:40:26.314-0200][gc,task      ] GC(2) Using 1 workers of 1 for marking
[2025-03-27T21:40:26.323-0200][gc,marking   ] GC(2) Concurrent Mark From Roots 8.906ms
[2025-03-27T21:40:26.323-0200][gc,marking   ] GC(2) Concurrent Preclean
[2025-03-27T21:40:26.323-0200][gc,marking   ] GC(2) Concurrent Preclean 0.053ms
[2025-03-27T21:40:26.323-0200][gc,marking   ] GC(2) Concurrent Mark (2.080s, 2.089s) 9.038ms
[2025-03-27T21:40:26.323-0200][gc,start     ] GC(2) Pause Remark
[2025-03-27T21:40:26.325-0200][gc,stringtable] GC(2) Cleaned string and symbol table, strings: 7613 processed, 0 removed, symbols: 67409 processed, 41 removed
[2025-03-27T21:40:26.325-0200][gc            ] GC(2) Pause Remark 9M->9M(1024M) 1.884ms
[2025-03-27T21:40:26.325-0200][gc,cpu        ] GC(2) User=0.00s Sys=0.00s Real=0.00s
[2025-03-27T21:40:26.325-0200][gc,marking    ] GC(2) Concurrent Rebuild Remembered Sets
[2025-03-27T21:40:26.330-0200][gc,marking    ] GC(2) Concurrent Rebuild Remembered Sets 4.570ms
[2025-03-27T21:40:26.330-0200][gc,start      ] GC(2) Pause Cleanup
[2025-03-27T21:40:26.330-0200][gc            ] GC(2) Pause Cleanup 9M->9M(1024M) 0.147ms
[2025-03-27T21:40:26.330-0200][gc,cpu        ] GC(2) User=0.00s Sys=0.00s Real=0.00s
[2025-03-27T21:40:26.330-0200][gc,marking    ] GC(2) Concurrent Cleanup for Next Mark
[2025-03-27T21:40:26.351-0200][gc,marking    ] GC(2) Concurrent Cleanup for Next Mark 20.806ms
[2025-03-27T21:40:26.351-0200][gc            ] GC(2) Concurrent Cycle 37.134ms
[2025-03-27T21:40:27.905-0200][gc,start      ] GC(3) Pause Young (Normal) (G1 Evacuation Pause)
[2025-03-27T21:40:27.905-0200][gc,task       ] GC(3) Using 4 workers of 4 for evacuation
[2025-03-27T21:40:27.908-0200][gc,phases     ] GC(3)   Pre Evacuate Collection Set: 0.0ms
[2025-03-27T21:40:27.908-0200][gc,phases     ] GC(3)   Evacuate Collection Set: 2.7ms
[2025-03-27T21:40:27.908-0200][gc,phases     ] GC(3)   Post Evacuate Collection Set: 0.2ms
[2025-03-27T21:40:27.908-0200][gc,phases     ] GC(3)   Other: 0.2ms
[2025-03-27T21:40:27.909-0200][gc,heap       ] GC(3) Eden regions: 50->0(48)
[2025-03-27T21:40:27.909-0200][gc,heap       ] GC(3) Survivor regions: 1->3(7)
[2025-03-27T21:40:27.909-0200][gc,heap       ] GC(3) Old regions: 8->8
[2025-03-27T21:40:27.909-0200][gc,heap       ] GC(3) Humongous regions: 129->129
[2025-03-27T21:40:27.909-0200][gc,metaspace  ] GC(3) Metaspace: 29995K->29995K(1077248K)
[2025-03-27T21:40:27.909-0200][gc            ] GC(3) Pause Young (Normal) (G1 Evacuation Pause) 187M->138M(1024M) 3.122ms
[2025-03-27T21:40:27.909-0200][gc,cpu        ] GC(3) User=0.02s Sys=0.00s Real=0.00s
[2025-03-27T21:40:28.312-0200][gc,start      ] GC(4) Pause Young (Concurrent Start) (Metadata GC Threshold)
[2025-03-27T21:40:28.312-0200][gc,task       ] GC(4) Using 4 workers of 4 for evacuation
[2025-03-27T21:40:28.316-0200][gc,phases     ] GC(4)   Pre Evacuate Collection Set: 0.0ms
[2025-03-27T21:40:28.316-0200][gc,phases     ] GC(4)   Evacuate Collection Set: 3.7ms
[2025-03-27T21:40:28.316-0200][gc,phases     ] GC(4)   Post Evacuate Collection Set: 0.2ms
[2025-03-27T21:40:28.316-0200][gc,phases     ] GC(4)   Other: 0.2ms
[2025-03-27T21:40:28.316-0200][gc,heap       ] GC(4) Eden regions: 26->0(48)
[2025-03-27T21:40:28.316-0200][gc,heap       ] GC(4) Survivor regions: 3->3(7)
[2025-03-27T21:40:28.316-0200][gc,heap       ] GC(4) Old regions: 8->8
[2025-03-27T21:40:28.316-0200][gc,heap       ] GC(4) Humongous regions: 129->129
[2025-03-27T21:40:28.316-0200][gc,metaspace  ] GC(4) Metaspace: 34830K->34830K(1081344K)
[2025-03-27T21:40:28.316-0200][gc            ] GC(4) Pause Young (Concurrent Start) (Metadata GC Threshold) 164M->139M(1024M) 4.211ms
[2025-03-27T21:40:28.316-0200][gc,cpu        ] GC(4) User=0.02s Sys=0.00s Real=0.00s
[2025-03-27T21:40:28.316-0200][gc            ] GC(5) Concurrent Cycle
[2025-03-27T21:40:28.316-0200][gc,marking    ] GC(5) Concurrent Clear Claimed Marks
[2025-03-27T21:40:28.316-0200][gc,marking    ] GC(5) Concurrent Clear Claimed Marks 0.024ms
[2025-03-27T21:40:28.316-0200][gc,marking    ] GC(5) Concurrent Scan Root Regions
[2025-03-27T21:40:28.319-0200][gc,marking    ] GC(5) Concurrent Scan Root Regions 2.699ms
[2025-03-27T21:40:28.319-0200][gc,marking    ] GC(5) Concurrent Mark (4.084s)
[2025-03-27T21:40:28.319-0200][gc,marking    ] GC(5) Concurrent Mark From Roots
[2025-03-27T21:40:28.319-0200][gc,task       ] GC(5) Using 1 workers of 1 for marking
[2025-03-27T21:40:28.326-0200][gc,marking    ] GC(5) Concurrent Mark From Roots 7.516ms
[2025-03-27T21:40:28.326-0200][gc,marking    ] GC(5) Concurrent Preclean
[2025-03-27T21:40:28.326-0200][gc,marking    ] GC(5) Concurrent Preclean 0.047ms
[2025-03-27T21:40:28.326-0200][gc,marking    ] GC(5) Concurrent Mark (4.084s, 4.092s) 7.617ms
[2025-03-27T21:40:28.326-0200][gc,start      ] GC(5) Pause Remark
[2025-03-27T21:40:28.328-0200][gc,stringtable] GC(5) Cleaned string and symbol table, strings: 12419 processed, 11 removed, symbols: 101574 processed, 23 removed
[2025-03-27T21:40:28.329-0200][gc            ] GC(5) Pause Remark 140M->140M(1024M) 2.278ms
[2025-03-27T21:40:28.329-0200][gc,cpu        ] GC(5) User=0.01s Sys=0.00s Real=0.00s
[2025-03-27T21:40:28.329-0200][gc,marking    ] GC(5) Concurrent Rebuild Remembered Sets
[2025-03-27T21:40:28.334-0200][gc,marking    ] GC(5) Concurrent Rebuild Remembered Sets 4.832ms
[2025-03-27T21:40:28.334-0200][gc,start      ] GC(5) Pause Cleanup
[2025-03-27T21:40:28.334-0200][gc            ] GC(5) Pause Cleanup 141M->141M(1024M) 0.109ms
[2025-03-27T21:40:28.334-0200][gc,cpu        ] GC(5) User=0.00s Sys=0.00s Real=0.00s
[2025-03-27T21:40:28.334-0200][gc,marking    ] GC(5) Concurrent Cleanup for Next Mark
[2025-03-27T21:40:28.343-0200][gc,marking    ] GC(5) Concurrent Cleanup for Next Mark 9.140ms
[2025-03-27T21:40:28.343-0200][gc            ] GC(5) Concurrent Cycle 27.266ms
[2025-03-27T21:40:28.972-0200][gc,start      ] GC(6) Pause Young (Normal) (GCLocker Initiated GC)
[2025-03-27T21:40:28.972-0200][gc,task       ] GC(6) Using 4 workers of 4 for evacuation
[2025-03-27T21:40:28.979-0200][gc,phases     ] GC(6)   Pre Evacuate Collection Set: 0.0ms
[2025-03-27T21:40:28.979-0200][gc,phases     ] GC(6)   Evacuate Collection Set: 6.6ms
[2025-03-27T21:40:28.979-0200][gc,phases     ] GC(6)   Post Evacuate Collection Set: 0.3ms
[2025-03-27T21:40:28.979-0200][gc,phases     ] GC(6)   Other: 0.1ms
[2025-03-27T21:40:28.979-0200][gc,heap       ] GC(6) Eden regions: 48->0(44)
[2025-03-27T21:40:28.979-0200][gc,heap       ] GC(6) Survivor regions: 3->7(7)
[2025-03-27T21:40:28.979-0200][gc,heap       ] GC(6) Old regions: 8->8
[2025-03-27T21:40:28.979-0200][gc,heap       ] GC(6) Humongous regions: 129->129
[2025-03-27T21:40:28.979-0200][gc,metaspace  ] GC(6) Metaspace: 42197K->42197K(1087488K)
[2025-03-27T21:40:28.979-0200][gc            ] GC(6) Pause Young (Normal) (GCLocker Initiated GC) 187M->143M(1024M) 7.171ms
[2025-03-27T21:40:28.979-0200][gc,cpu        ] GC(6) User=0.02s Sys=0.00s Real=0.00s
[2025-03-27T21:56:14.100-0200][gc,start      ] GC(7) Pause Young (Normal) (G1 Evacuation Pause)
[2025-03-27T21:56:14.105-0200][gc,task       ] GC(7) Using 4 workers of 4 for evacuation
[2025-03-27T21:56:14.163-0200][gc,mmu        ] GC(7) MMU target violated: 21.0ms (20.0ms/21.0ms)
[2025-03-27T21:56:14.164-0200][gc,phases     ] GC(7)   Pre Evacuate Collection Set: 1.3ms
[2025-03-27T21:56:14.164-0200][gc,phases     ] GC(7)   Evacuate Collection Set: 31.0ms
[2025-03-27T21:56:14.164-0200][gc,phases     ] GC(7)   Post Evacuate Collection Set: 0.6ms
[2025-03-27T21:56:14.164-0200][gc,phases     ] GC(7)   Other: 30.2ms
[2025-03-27T21:56:14.164-0200][gc,heap       ] GC(7) Eden regions: 44->0(49)
[2025-03-27T21:56:14.164-0200][gc,heap       ] GC(7) Survivor regions: 7->2(7)
[2025-03-27T21:56:14.164-0200][gc,heap       ] GC(7) Old regions: 8->15
[2025-03-27T21:56:14.164-0200][gc,heap       ] GC(7) Humongous regions: 129->129
[2025-03-27T21:56:14.164-0200][gc,metaspace  ] GC(7) Metaspace: 48729K->48729K(1093632K)
[2025-03-27T21:56:14.164-0200][gc            ] GC(7) Pause Young (Normal) (G1 Evacuation Pause) 187M->144M(1024M) 63.218ms
[2025-03-27T21:56:14.164-0200][gc,cpu        ] GC(7) User=0.04s Sys=0.04s Real=0.06s
[2025-03-27T21:59:09.272-0200][gc,heap,exit  ] Heap
[2025-03-27T21:59:09.272-0200][gc,heap,exit  ]  garbage-first heap   total 1048576K, used 195583K [0x00000007c0000000, 0x0000000800000000)
[2025-03-27T21:59:09.272-0200][gc,heap,exit  ]   region size 1024K, 50 young (51200K), 2 survivors (2048K)
[2025-03-27T21:59:09.272-0200][gc,heap,exit  ]  Metaspace       used 53437K, capacity 56340K, committed 56576K, reserved 1097728K
[2025-03-27T21:59:09.272-0200][gc,heap,exit  ]   class space    used 6738K, capacity 8153K, committed 8192K, reserved 1048576K
