[2025-03-27T22:00:37.278-0200][gc,heap] Heap region size: 1M
[2025-03-27T22:00:37.287-0200][gc     ] Using G1
[2025-03-27T22:00:37.287-0200][gc,heap,coops] Heap address: 0x00000007c0000000, size: 1024 MB, Compressed Oops mode: Zero based, Oop shift amount: 3
[2025-03-27T22:00:38.595-0200][gc,start     ] GC(0) Pause Young (Normal) (G1 Evacuation Pause)
[2025-03-27T22:00:38.595-0200][gc,task      ] GC(0) Using 4 workers of 4 for evacuation
[2025-03-27T22:00:38.601-0200][gc,phases    ] GC(0)   Pre Evacuate Collection Set: 0.0ms
[2025-03-27T22:00:38.601-0200][gc,phases    ] GC(0)   Evacuate Collection Set: 6.1ms
[2025-03-27T22:00:38.601-0200][gc,phases    ] GC(0)   Post Evacuate Collection Set: 0.3ms
[2025-03-27T22:00:38.601-0200][gc,phases    ] GC(0)   Other: 0.3ms
[2025-03-27T22:00:38.601-0200][gc,heap      ] GC(0) Eden regions: 51->0(44)
[2025-03-27T22:00:38.601-0200][gc,heap      ] GC(0) Survivor regions: 0->7(7)
[2025-03-27T22:00:38.601-0200][gc,heap      ] GC(0) Old regions: 0->1
[2025-03-27T22:00:38.601-0200][gc,heap      ] GC(0) Humongous regions: 0->0
[2025-03-27T22:00:38.601-0200][gc,metaspace ] GC(0) Metaspace: 20394K->20394K(1067008K)
[2025-03-27T22:00:38.601-0200][gc           ] GC(0) Pause Young (Normal) (G1 Evacuation Pause) 51M->7M(1024M) 6.916ms
[2025-03-27T22:00:38.601-0200][gc,cpu       ] GC(0) User=0.02s Sys=0.01s Real=0.01s
[2025-03-27T22:00:38.618-0200][gc,start     ] GC(1) Pause Young (Concurrent Start) (Metadata GC Threshold)
[2025-03-27T22:00:38.618-0200][gc,task      ] GC(1) Using 4 workers of 4 for evacuation
[2025-03-27T22:00:38.624-0200][gc,phases    ] GC(1)   Pre Evacuate Collection Set: 0.0ms
[2025-03-27T22:00:38.624-0200][gc,phases    ] GC(1)   Evacuate Collection Set: 5.5ms
[2025-03-27T22:00:38.624-0200][gc,phases    ] GC(1)   Post Evacuate Collection Set: 0.2ms
[2025-03-27T22:00:38.624-0200][gc,phases    ] GC(1)   Other: 0.2ms
[2025-03-27T22:00:38.624-0200][gc,heap      ] GC(1) Eden regions: 3->0(50)
[2025-03-27T22:00:38.624-0200][gc,heap      ] GC(1) Survivor regions: 7->1(7)
[2025-03-27T22:00:38.624-0200][gc,heap      ] GC(1) Old regions: 1->9
[2025-03-27T22:00:38.624-0200][gc,heap      ] GC(1) Humongous regions: 0->0
[2025-03-27T22:00:38.624-0200][gc,metaspace ] GC(1) Metaspace: 20697K->20697K(1069056K)
[2025-03-27T22:00:38.624-0200][gc           ] GC(1) Pause Young (Concurrent Start) (Metadata GC Threshold) 10M->8M(1024M) 5.984ms
[2025-03-27T22:00:38.624-0200][gc,cpu       ] GC(1) User=0.02s Sys=0.00s Real=0.01s
[2025-03-27T22:00:38.624-0200][gc           ] GC(2) Concurrent Cycle
[2025-03-27T22:00:38.624-0200][gc,marking   ] GC(2) Concurrent Clear Claimed Marks
[2025-03-27T22:00:38.624-0200][gc,marking   ] GC(2) Concurrent Clear Claimed Marks 0.023ms
[2025-03-27T22:00:38.624-0200][gc,marking   ] GC(2) Concurrent Scan Root Regions
[2025-03-27T22:00:38.624-0200][gc,marking   ] GC(2) Concurrent Scan Root Regions 0.142ms
[2025-03-27T22:00:38.624-0200][gc,marking   ] GC(2) Concurrent Mark (1.360s)
[2025-03-27T22:00:38.624-0200][gc,marking   ] GC(2) Concurrent Mark From Roots
[2025-03-27T22:00:38.624-0200][gc,task      ] GC(2) Using 1 workers of 1 for marking
[2025-03-27T22:00:38.632-0200][gc,marking   ] GC(2) Concurrent Mark From Roots 7.561ms
[2025-03-27T22:00:38.632-0200][gc,marking   ] GC(2) Concurrent Preclean
[2025-03-27T22:00:38.632-0200][gc,marking   ] GC(2) Concurrent Preclean 0.086ms
[2025-03-27T22:00:38.632-0200][gc,marking   ] GC(2) Concurrent Mark (1.360s, 1.368s) 7.732ms
[2025-03-27T22:00:38.632-0200][gc,start     ] GC(2) Pause Remark
[2025-03-27T22:00:38.635-0200][gc,stringtable] GC(2) Cleaned string and symbol table, strings: 7617 processed, 0 removed, symbols: 67439 processed, 40 removed
[2025-03-27T22:00:38.635-0200][gc            ] GC(2) Pause Remark 9M->9M(1024M) 2.445ms
[2025-03-27T22:00:38.635-0200][gc,cpu        ] GC(2) User=0.01s Sys=0.00s Real=0.00s
[2025-03-27T22:00:38.635-0200][gc,marking    ] GC(2) Concurrent Rebuild Remembered Sets
[2025-03-27T22:00:38.639-0200][gc,marking    ] GC(2) Concurrent Rebuild Remembered Sets 4.468ms
[2025-03-27T22:00:38.640-0200][gc,start      ] GC(2) Pause Cleanup
[2025-03-27T22:00:38.640-0200][gc            ] GC(2) Pause Cleanup 10M->10M(1024M) 0.142ms
[2025-03-27T22:00:38.640-0200][gc,cpu        ] GC(2) User=0.00s Sys=0.00s Real=0.00s
[2025-03-27T22:00:38.640-0200][gc,marking    ] GC(2) Concurrent Cleanup for Next Mark
[2025-03-27T22:00:38.647-0200][gc,marking    ] GC(2) Concurrent Cleanup for Next Mark 7.232ms
[2025-03-27T22:00:38.647-0200][gc            ] GC(2) Concurrent Cycle 22.770ms
[2025-03-27T22:00:39.489-0200][gc,start      ] GC(3) Pause Young (Normal) (G1 Evacuation Pause)
[2025-03-27T22:00:39.489-0200][gc,task       ] GC(3) Using 4 workers of 4 for evacuation
[2025-03-27T22:00:39.492-0200][gc,phases     ] GC(3)   Pre Evacuate Collection Set: 0.0ms
[2025-03-27T22:00:39.492-0200][gc,phases     ] GC(3)   Evacuate Collection Set: 2.1ms
[2025-03-27T22:00:39.492-0200][gc,phases     ] GC(3)   Post Evacuate Collection Set: 0.2ms
[2025-03-27T22:00:39.492-0200][gc,phases     ] GC(3)   Other: 0.1ms
[2025-03-27T22:00:39.492-0200][gc,heap       ] GC(3) Eden regions: 50->0(49)
[2025-03-27T22:00:39.492-0200][gc,heap       ] GC(3) Survivor regions: 1->2(7)
[2025-03-27T22:00:39.492-0200][gc,heap       ] GC(3) Old regions: 9->9
[2025-03-27T22:00:39.492-0200][gc,heap       ] GC(3) Humongous regions: 0->0
[2025-03-27T22:00:39.492-0200][gc,metaspace  ] GC(3) Metaspace: 29963K->29963K(1077248K)
[2025-03-27T22:00:39.492-0200][gc            ] GC(3) Pause Young (Normal) (G1 Evacuation Pause) 58M->9M(1024M) 2.543ms
[2025-03-27T22:00:39.492-0200][gc,cpu        ] GC(3) User=0.01s Sys=0.00s Real=0.01s
[2025-03-27T22:00:40.134-0200][gc,start      ] GC(4) Pause Young (Concurrent Start) (Metadata GC Threshold)
[2025-03-27T22:00:40.134-0200][gc,task       ] GC(4) Using 4 workers of 4 for evacuation
[2025-03-27T22:00:40.140-0200][gc,phases     ] GC(4)   Pre Evacuate Collection Set: 0.0ms
[2025-03-27T22:00:40.140-0200][gc,phases     ] GC(4)   Evacuate Collection Set: 5.3ms
[2025-03-27T22:00:40.140-0200][gc,phases     ] GC(4)   Post Evacuate Collection Set: 0.2ms
[2025-03-27T22:00:40.140-0200][gc,phases     ] GC(4)   Other: 0.2ms
[2025-03-27T22:00:40.140-0200][gc,heap       ] GC(4) Eden regions: 31->0(47)
[2025-03-27T22:00:40.140-0200][gc,heap       ] GC(4) Survivor regions: 2->4(7)
[2025-03-27T22:00:40.140-0200][gc,heap       ] GC(4) Old regions: 9->9
[2025-03-27T22:00:40.140-0200][gc,heap       ] GC(4) Humongous regions: 129->129
[2025-03-27T22:00:40.140-0200][gc,metaspace  ] GC(4) Metaspace: 34631K->34631K(1081344K)
[2025-03-27T22:00:40.140-0200][gc            ] GC(4) Pause Young (Concurrent Start) (Metadata GC Threshold) 169M->140M(1024M) 5.839ms
[2025-03-27T22:00:40.140-0200][gc,cpu        ] GC(4) User=0.02s Sys=0.00s Real=0.01s
[2025-03-27T22:00:40.140-0200][gc            ] GC(5) Concurrent Cycle
[2025-03-27T22:00:40.140-0200][gc,marking    ] GC(5) Concurrent Clear Claimed Marks
[2025-03-27T22:00:40.140-0200][gc,marking    ] GC(5) Concurrent Clear Claimed Marks 0.028ms
[2025-03-27T22:00:40.140-0200][gc,marking    ] GC(5) Concurrent Scan Root Regions
[2025-03-27T22:00:40.143-0200][gc,marking    ] GC(5) Concurrent Scan Root Regions 2.920ms
[2025-03-27T22:00:40.143-0200][gc,marking    ] GC(5) Concurrent Mark (2.878s)
[2025-03-27T22:00:40.143-0200][gc,marking    ] GC(5) Concurrent Mark From Roots
[2025-03-27T22:00:40.143-0200][gc,task       ] GC(5) Using 1 workers of 1 for marking
[2025-03-27T22:00:40.150-0200][gc,marking    ] GC(5) Concurrent Mark From Roots 7.254ms
[2025-03-27T22:00:40.150-0200][gc,marking    ] GC(5) Concurrent Preclean
[2025-03-27T22:00:40.150-0200][gc,marking    ] GC(5) Concurrent Preclean 0.035ms
[2025-03-27T22:00:40.150-0200][gc,marking    ] GC(5) Concurrent Mark (2.878s, 2.885s) 7.350ms
[2025-03-27T22:00:40.150-0200][gc,start      ] GC(5) Pause Remark
[2025-03-27T22:00:40.153-0200][gc,stringtable] GC(5) Cleaned string and symbol table, strings: 11056 processed, 9 removed, symbols: 100284 processed, 19 removed
[2025-03-27T22:00:40.153-0200][gc            ] GC(5) Pause Remark 142M->142M(1024M) 2.685ms
[2025-03-27T22:00:40.153-0200][gc,cpu        ] GC(5) User=0.01s Sys=0.00s Real=0.00s
[2025-03-27T22:00:40.153-0200][gc,marking    ] GC(5) Concurrent Rebuild Remembered Sets
[2025-03-27T22:00:40.157-0200][gc,marking    ] GC(5) Concurrent Rebuild Remembered Sets 4.222ms
[2025-03-27T22:00:40.158-0200][gc,start      ] GC(5) Pause Cleanup
[2025-03-27T22:00:40.158-0200][gc            ] GC(5) Pause Cleanup 142M->142M(1024M) 0.103ms
[2025-03-27T22:00:40.158-0200][gc,cpu        ] GC(5) User=0.00s Sys=0.00s Real=0.00s
[2025-03-27T22:00:40.158-0200][gc,marking    ] GC(5) Concurrent Cleanup for Next Mark
[2025-03-27T22:00:40.165-0200][gc,marking    ] GC(5) Concurrent Cleanup for Next Mark 7.184ms
[2025-03-27T22:00:40.165-0200][gc            ] GC(5) Concurrent Cycle 25.175ms
[2025-03-27T22:00:40.596-0200][gc,start      ] GC(6) Pause Young (Normal) (G1 Evacuation Pause)
[2025-03-27T22:00:40.596-0200][gc,task       ] GC(6) Using 4 workers of 4 for evacuation
[2025-03-27T22:00:40.604-0200][gc,phases     ] GC(6)   Pre Evacuate Collection Set: 0.0ms
[2025-03-27T22:00:40.604-0200][gc,phases     ] GC(6)   Evacuate Collection Set: 8.0ms
[2025-03-27T22:00:40.604-0200][gc,phases     ] GC(6)   Post Evacuate Collection Set: 0.3ms
[2025-03-27T22:00:40.604-0200][gc,phases     ] GC(6)   Other: 0.2ms
[2025-03-27T22:00:40.604-0200][gc,heap       ] GC(6) Eden regions: 47->0(44)
[2025-03-27T22:00:40.604-0200][gc,heap       ] GC(6) Survivor regions: 4->7(7)
[2025-03-27T22:00:40.604-0200][gc,heap       ] GC(6) Old regions: 9->9
[2025-03-27T22:00:40.604-0200][gc,heap       ] GC(6) Humongous regions: 129->129
[2025-03-27T22:00:40.604-0200][gc,metaspace  ] GC(6) Metaspace: 41794K->41794K(1087488K)
[2025-03-27T22:00:40.604-0200][gc            ] GC(6) Pause Young (Normal) (G1 Evacuation Pause) 187M->143M(1024M) 8.645ms
[2025-03-27T22:00:40.604-0200][gc,cpu        ] GC(6) User=0.03s Sys=0.00s Real=0.01s
[2025-03-27T22:00:42.053-0200][gc,start      ] GC(7) Pause Young (Normal) (G1 Evacuation Pause)
[2025-03-27T22:00:42.053-0200][gc,task       ] GC(7) Using 4 workers of 4 for evacuation
[2025-03-27T22:00:42.066-0200][gc,phases     ] GC(7)   Pre Evacuate Collection Set: 0.1ms
[2025-03-27T22:00:42.066-0200][gc,phases     ] GC(7)   Evacuate Collection Set: 12.0ms
[2025-03-27T22:00:42.066-0200][gc,phases     ] GC(7)   Post Evacuate Collection Set: 0.4ms
[2025-03-27T22:00:42.066-0200][gc,phases     ] GC(7)   Other: 0.5ms
[2025-03-27T22:00:42.066-0200][gc,heap       ] GC(7) Eden regions: 44->0(48)
[2025-03-27T22:00:42.066-0200][gc,heap       ] GC(7) Survivor regions: 7->3(7)
[2025-03-27T22:00:42.066-0200][gc,heap       ] GC(7) Old regions: 9->15
[2025-03-27T22:00:42.066-0200][gc,heap       ] GC(7) Humongous regions: 135->135
[2025-03-27T22:00:42.066-0200][gc,metaspace  ] GC(7) Metaspace: 48839K->48839K(1093632K)
[2025-03-27T22:00:42.066-0200][gc            ] GC(7) Pause Young (Normal) (G1 Evacuation Pause) 193M->152M(1024M) 12.987ms
[2025-03-27T22:00:42.066-0200][gc,cpu        ] GC(7) User=0.04s Sys=0.01s Real=0.01s
[2025-03-27T22:01:13.227-0200][gc,heap,exit  ] Heap
[2025-03-27T22:01:13.227-0200][gc,heap,exit  ]  garbage-first heap   total 1048576K, used 177264K [0x00000007c0000000, 0x0000000800000000)
[2025-03-27T22:01:13.227-0200][gc,heap,exit  ]   region size 1024K, 26 young (26624K), 3 survivors (3072K)
[2025-03-27T22:01:13.227-0200][gc,heap,exit  ]  Metaspace       used 51975K, capacity 54641K, committed 54784K, reserved 1095680K
[2025-03-27T22:01:13.227-0200][gc,heap,exit  ]   class space    used 6540K, capacity 7855K, committed 7936K, reserved 1048576K
