[2025-03-28T11:53:06.980-0200][gc,heap] Heap region size: 1M
[2025-03-28T11:53:06.988-0200][gc     ] Using G1
[2025-03-28T11:53:06.988-0200][gc,heap,coops] Heap address: 0x00000007c0000000, size: 1024 MB, Compressed Oops mode: Zero based, Oop shift amount: 3
[2025-03-28T11:53:08.915-0200][gc,start     ] GC(0) Pause Young (Normal) (G1 Evacuation Pause)
[2025-03-28T11:53:08.915-0200][gc,task      ] GC(0) Using 4 workers of 4 for evacuation
[2025-03-28T11:53:08.923-0200][gc,phases    ] GC(0)   Pre Evacuate Collection Set: 0.0ms
[2025-03-28T11:53:08.923-0200][gc,phases    ] GC(0)   Evacuate Collection Set: 7.5ms
[2025-03-28T11:53:08.923-0200][gc,phases    ] GC(0)   Post Evacuate Collection Set: 0.3ms
[2025-03-28T11:53:08.923-0200][gc,phases    ] GC(0)   Other: 0.5ms
[2025-03-28T11:53:08.923-0200][gc,heap      ] GC(0) Eden regions: 51->0(44)
[2025-03-28T11:53:08.923-0200][gc,heap      ] GC(0) Survivor regions: 0->7(7)
[2025-03-28T11:53:08.923-0200][gc,heap      ] GC(0) Old regions: 0->2
[2025-03-28T11:53:08.923-0200][gc,heap      ] GC(0) Humongous regions: 0->0
[2025-03-28T11:53:08.923-0200][gc,metaspace ] GC(0) Metaspace: 20406K->20406K(1067008K)
[2025-03-28T11:53:08.923-0200][gc           ] GC(0) Pause Young (Normal) (G1 Evacuation Pause) 51M->8M(1024M) 8.525ms
[2025-03-28T11:53:08.924-0200][gc,cpu       ] GC(0) User=0.02s Sys=0.01s Real=0.01s
[2025-03-28T11:53:08.956-0200][gc,start     ] GC(1) Pause Young (Concurrent Start) (Metadata GC Threshold)
[2025-03-28T11:53:08.956-0200][gc,task      ] GC(1) Using 4 workers of 4 for evacuation
[2025-03-28T11:53:08.962-0200][gc,phases    ] GC(1)   Pre Evacuate Collection Set: 0.0ms
[2025-03-28T11:53:08.962-0200][gc,phases    ] GC(1)   Evacuate Collection Set: 5.8ms
[2025-03-28T11:53:08.962-0200][gc,phases    ] GC(1)   Post Evacuate Collection Set: 0.2ms
[2025-03-28T11:53:08.962-0200][gc,phases    ] GC(1)   Other: 0.3ms
[2025-03-28T11:53:08.962-0200][gc,heap      ] GC(1) Eden regions: 2->0(50)
[2025-03-28T11:53:08.962-0200][gc,heap      ] GC(1) Survivor regions: 7->1(7)
[2025-03-28T11:53:08.962-0200][gc,heap      ] GC(1) Old regions: 2->8
[2025-03-28T11:53:08.962-0200][gc,heap      ] GC(1) Humongous regions: 0->0
[2025-03-28T11:53:08.962-0200][gc,metaspace ] GC(1) Metaspace: 20641K->20641K(1069056K)
[2025-03-28T11:53:08.962-0200][gc           ] GC(1) Pause Young (Concurrent Start) (Metadata GC Threshold) 10M->8M(1024M) 6.430ms
[2025-03-28T11:53:08.962-0200][gc,cpu       ] GC(1) User=0.02s Sys=0.00s Real=0.01s
[2025-03-28T11:53:08.963-0200][gc           ] GC(2) Concurrent Cycle
[2025-03-28T11:53:08.963-0200][gc,marking   ] GC(2) Concurrent Clear Claimed Marks
[2025-03-28T11:53:08.963-0200][gc,marking   ] GC(2) Concurrent Clear Claimed Marks 0.036ms
[2025-03-28T11:53:08.963-0200][gc,marking   ] GC(2) Concurrent Scan Root Regions
[2025-03-28T11:53:08.963-0200][gc,marking   ] GC(2) Concurrent Scan Root Regions 0.185ms
[2025-03-28T11:53:08.963-0200][gc,marking   ] GC(2) Concurrent Mark (1.993s)
[2025-03-28T11:53:08.963-0200][gc,marking   ] GC(2) Concurrent Mark From Roots
[2025-03-28T11:53:08.963-0200][gc,task      ] GC(2) Using 1 workers of 1 for marking
[2025-03-28T11:53:08.970-0200][gc,marking   ] GC(2) Concurrent Mark From Roots 7.216ms
[2025-03-28T11:53:08.970-0200][gc,marking   ] GC(2) Concurrent Preclean
[2025-03-28T11:53:08.970-0200][gc,marking   ] GC(2) Concurrent Preclean 0.052ms
[2025-03-28T11:53:08.970-0200][gc,marking   ] GC(2) Concurrent Mark (1.993s, 2.000s) 7.371ms
[2025-03-28T11:53:08.970-0200][gc,start     ] GC(2) Pause Remark
[2025-03-28T11:53:08.972-0200][gc,stringtable] GC(2) Cleaned string and symbol table, strings: 7584 processed, 0 removed, symbols: 66984 processed, 42 removed
[2025-03-28T11:53:08.972-0200][gc            ] GC(2) Pause Remark 8M->8M(1024M) 1.876ms
[2025-03-28T11:53:08.972-0200][gc,cpu        ] GC(2) User=0.01s Sys=0.00s Real=0.00s
[2025-03-28T11:53:08.972-0200][gc,marking    ] GC(2) Concurrent Rebuild Remembered Sets
[2025-03-28T11:53:08.977-0200][gc,marking    ] GC(2) Concurrent Rebuild Remembered Sets 4.231ms
[2025-03-28T11:53:08.977-0200][gc,start      ] GC(2) Pause Cleanup
[2025-03-28T11:53:08.977-0200][gc            ] GC(2) Pause Cleanup 9M->9M(1024M) 0.119ms
[2025-03-28T11:53:08.977-0200][gc,cpu        ] GC(2) User=0.00s Sys=0.00s Real=0.00s
[2025-03-28T11:53:08.977-0200][gc,marking    ] GC(2) Concurrent Cleanup for Next Mark
[2025-03-28T11:53:08.985-0200][gc,marking    ] GC(2) Concurrent Cleanup for Next Mark 8.048ms
[2025-03-28T11:53:08.985-0200][gc            ] GC(2) Concurrent Cycle 22.510ms
[2025-03-28T11:53:10.093-0200][gc,start      ] GC(3) Pause Young (Normal) (G1 Evacuation Pause)
[2025-03-28T11:53:10.093-0200][gc,task       ] GC(3) Using 4 workers of 4 for evacuation
[2025-03-28T11:53:10.096-0200][gc,phases     ] GC(3)   Pre Evacuate Collection Set: 0.0ms
[2025-03-28T11:53:10.096-0200][gc,phases     ] GC(3)   Evacuate Collection Set: 3.4ms
[2025-03-28T11:53:10.096-0200][gc,phases     ] GC(3)   Post Evacuate Collection Set: 0.2ms
[2025-03-28T11:53:10.096-0200][gc,phases     ] GC(3)   Other: 0.1ms
[2025-03-28T11:53:10.096-0200][gc,heap       ] GC(3) Eden regions: 50->0(49)
[2025-03-28T11:53:10.096-0200][gc,heap       ] GC(3) Survivor regions: 1->2(7)
[2025-03-28T11:53:10.096-0200][gc,heap       ] GC(3) Old regions: 8->8
[2025-03-28T11:53:10.096-0200][gc,heap       ] GC(3) Humongous regions: 0->0
[2025-03-28T11:53:10.096-0200][gc,metaspace  ] GC(3) Metaspace: 30049K->30049K(1077248K)
[2025-03-28T11:53:10.097-0200][gc            ] GC(3) Pause Young (Normal) (G1 Evacuation Pause) 58M->9M(1024M) 3.816ms
[2025-03-28T11:53:10.097-0200][gc,cpu        ] GC(3) User=0.01s Sys=0.00s Real=0.00s
[2025-03-28T11:53:11.228-0200][gc,start      ] GC(4) Pause Young (Concurrent Start) (Metadata GC Threshold)
[2025-03-28T11:53:11.228-0200][gc,task       ] GC(4) Using 4 workers of 4 for evacuation
[2025-03-28T11:53:11.233-0200][gc,phases     ] GC(4)   Pre Evacuate Collection Set: 0.0ms
[2025-03-28T11:53:11.233-0200][gc,phases     ] GC(4)   Evacuate Collection Set: 3.8ms
[2025-03-28T11:53:11.233-0200][gc,phases     ] GC(4)   Post Evacuate Collection Set: 0.3ms
[2025-03-28T11:53:11.233-0200][gc,phases     ] GC(4)   Other: 0.2ms
[2025-03-28T11:53:11.233-0200][gc,heap       ] GC(4) Eden regions: 32->0(47)
[2025-03-28T11:53:11.233-0200][gc,heap       ] GC(4) Survivor regions: 2->4(7)
[2025-03-28T11:53:11.233-0200][gc,heap       ] GC(4) Old regions: 8->8
[2025-03-28T11:53:11.233-0200][gc,heap       ] GC(4) Humongous regions: 129->129
[2025-03-28T11:53:11.233-0200][gc,metaspace  ] GC(4) Metaspace: 34646K->34646K(1081344K)
[2025-03-28T11:53:11.233-0200][gc            ] GC(4) Pause Young (Concurrent Start) (Metadata GC Threshold) 170M->140M(1024M) 4.439ms
[2025-03-28T11:53:11.233-0200][gc,cpu        ] GC(4) User=0.01s Sys=0.00s Real=0.01s
[2025-03-28T11:53:11.233-0200][gc            ] GC(5) Concurrent Cycle
[2025-03-28T11:53:11.233-0200][gc,marking    ] GC(5) Concurrent Clear Claimed Marks
[2025-03-28T11:53:11.233-0200][gc,marking    ] GC(5) Concurrent Clear Claimed Marks 0.027ms
[2025-03-28T11:53:11.233-0200][gc,marking    ] GC(5) Concurrent Scan Root Regions
[2025-03-28T11:53:11.236-0200][gc,marking    ] GC(5) Concurrent Scan Root Regions 2.614ms
[2025-03-28T11:53:11.236-0200][gc,marking    ] GC(5) Concurrent Mark (4.265s)
[2025-03-28T11:53:11.236-0200][gc,marking    ] GC(5) Concurrent Mark From Roots
[2025-03-28T11:53:11.236-0200][gc,task       ] GC(5) Using 1 workers of 1 for marking
[2025-03-28T11:53:11.243-0200][gc,marking    ] GC(5) Concurrent Mark From Roots 6.967ms
[2025-03-28T11:53:11.243-0200][gc,marking    ] GC(5) Concurrent Preclean
[2025-03-28T11:53:11.243-0200][gc,marking    ] GC(5) Concurrent Preclean 0.044ms
[2025-03-28T11:53:11.243-0200][gc,marking    ] GC(5) Concurrent Mark (4.265s, 4.272s) 7.060ms
[2025-03-28T11:53:11.243-0200][gc,start      ] GC(5) Pause Remark
[2025-03-28T11:53:11.245-0200][gc,stringtable] GC(5) Cleaned string and symbol table, strings: 11016 processed, 10 removed, symbols: 100043 processed, 19 removed
[2025-03-28T11:53:11.246-0200][gc            ] GC(5) Pause Remark 141M->141M(1024M) 2.784ms
[2025-03-28T11:53:11.246-0200][gc,cpu        ] GC(5) User=0.01s Sys=0.00s Real=0.00s
[2025-03-28T11:53:11.246-0200][gc,marking    ] GC(5) Concurrent Rebuild Remembered Sets
[2025-03-28T11:53:11.250-0200][gc,marking    ] GC(5) Concurrent Rebuild Remembered Sets 4.836ms
[2025-03-28T11:53:11.251-0200][gc,start      ] GC(5) Pause Cleanup
[2025-03-28T11:53:11.251-0200][gc            ] GC(5) Pause Cleanup 142M->142M(1024M) 0.113ms
[2025-03-28T11:53:11.251-0200][gc,cpu        ] GC(5) User=0.00s Sys=0.00s Real=0.00s
[2025-03-28T11:53:11.251-0200][gc,marking    ] GC(5) Concurrent Cleanup for Next Mark
[2025-03-28T11:53:11.258-0200][gc,marking    ] GC(5) Concurrent Cleanup for Next Mark 7.603ms
[2025-03-28T11:53:11.258-0200][gc            ] GC(5) Concurrent Cycle 25.594ms
[2025-03-28T11:53:11.912-0200][gc,start      ] GC(6) Pause Young (Normal) (G1 Evacuation Pause)
[2025-03-28T11:53:11.912-0200][gc,task       ] GC(6) Using 4 workers of 4 for evacuation
[2025-03-28T11:53:11.919-0200][gc,phases     ] GC(6)   Pre Evacuate Collection Set: 0.0ms
[2025-03-28T11:53:11.919-0200][gc,phases     ] GC(6)   Evacuate Collection Set: 5.9ms
[2025-03-28T11:53:11.919-0200][gc,phases     ] GC(6)   Post Evacuate Collection Set: 0.3ms
[2025-03-28T11:53:11.919-0200][gc,phases     ] GC(6)   Other: 0.1ms
[2025-03-28T11:53:11.919-0200][gc,heap       ] GC(6) Eden regions: 47->0(44)
[2025-03-28T11:53:11.919-0200][gc,heap       ] GC(6) Survivor regions: 4->7(7)
[2025-03-28T11:53:11.919-0200][gc,heap       ] GC(6) Old regions: 8->8
[2025-03-28T11:53:11.919-0200][gc,heap       ] GC(6) Humongous regions: 129->129
[2025-03-28T11:53:11.919-0200][gc,metaspace  ] GC(6) Metaspace: 41340K->41340K(1087488K)
[2025-03-28T11:53:11.919-0200][gc            ] GC(6) Pause Young (Normal) (G1 Evacuation Pause) 187M->143M(1024M) 6.385ms
[2025-03-28T11:53:11.919-0200][gc,cpu        ] GC(6) User=0.02s Sys=0.00s Real=0.00s
[2025-03-28T11:53:12.824-0200][gc,heap,exit  ] Heap
[2025-03-28T11:53:12.824-0200][gc,heap,exit  ]  garbage-first heap   total 1048576K, used 154169K [0x00000007c0000000, 0x0000000800000000)
[2025-03-28T11:53:12.824-0200][gc,heap,exit  ]   region size 1024K, 15 young (15360K), 7 survivors (7168K)
[2025-03-28T11:53:12.824-0200][gc,heap,exit  ]  Metaspace       used 42373K, capacity 43799K, committed 44032K, reserved 1087488K
[2025-03-28T11:53:12.824-0200][gc,heap,exit  ]   class space    used 4859K, capacity 5529K, committed 5632K, reserved 1048576K
