[2025-03-28T11:53:36.501-0200][gc,heap] Heap region size: 1M
[2025-03-28T11:53:36.506-0200][gc     ] Using G1
[2025-03-28T11:53:36.506-0200][gc,heap,coops] Heap address: 0x00000007e0000000, size: 512 MB, Compressed Oops mode: Zero based, Oop shift amount: 3
[2025-03-28T11:53:37.370-0200][gc,start     ] GC(0) Pause Young (Normal) (G1 Evacuation Pause)
[2025-03-28T11:53:37.370-0200][gc,task      ] GC(0) Using 4 workers of 4 for evacuation
[2025-03-28T11:53:37.377-0200][gc,phases    ] GC(0)   Pre Evacuate Collection Set: 0.0ms
[2025-03-28T11:53:37.377-0200][gc,phases    ] GC(0)   Evacuate Collection Set: 6.8ms
[2025-03-28T11:53:37.377-0200][gc,phases    ] GC(0)   Post Evacuate Collection Set: 0.3ms
[2025-03-28T11:53:37.377-0200][gc,phases    ] GC(0)   Other: 0.3ms
[2025-03-28T11:53:37.377-0200][gc,heap      ] GC(0) Eden regions: 25->0(21)
[2025-03-28T11:53:37.377-0200][gc,heap      ] GC(0) Survivor regions: 0->4(4)
[2025-03-28T11:53:37.377-0200][gc,heap      ] GC(0) Old regions: 0->5
[2025-03-28T11:53:37.377-0200][gc,heap      ] GC(0) Humongous regions: 0->0
[2025-03-28T11:53:37.377-0200][gc,metaspace ] GC(0) Metaspace: 14205K->14205K(1062912K)
[2025-03-28T11:53:37.377-0200][gc           ] GC(0) Pause Young (Normal) (G1 Evacuation Pause) 25M->8M(512M) 7.649ms
[2025-03-28T11:53:37.377-0200][gc,cpu       ] GC(0) User=0.02s Sys=0.01s Real=0.00s
