[2025-04-22T16:18:25.629+0300][gc,init] CardTable entry size: 512
[2025-04-22T16:18:25.629+0300][gc     ] Using G1
[2025-04-22T16:18:25.633+0300][gc,init] Version: 21.0.5+11-LTS (release)
[2025-04-22T16:18:25.633+0300][gc,init] CPUs: 16 total, 16 available
[2025-04-22T16:18:25.633+0300][gc,init] Memory: 16384M
[2025-04-22T16:18:25.633+0300][gc,init] Large Page Support: Disabled
[2025-04-22T16:18:25.633+0300][gc,init] NUMA Support: Disabled
[2025-04-22T16:18:25.633+0300][gc,init] Compressed Oops: Enabled (Zero based)
[2025-04-22T16:18:25.633+0300][gc,init] Heap Region Size: 1M
[2025-04-22T16:18:25.633+0300][gc,init] Heap Min Capacity: 512M
[2025-04-22T16:18:25.633+0300][gc,init] Heap Initial Capacity: 512M
[2025-04-22T16:18:25.633+0300][gc,init] Heap Max Capacity: 512M
[2025-04-22T16:18:25.633+0300][gc,init] Pre-touch: Disabled
[2025-04-22T16:18:25.633+0300][gc,init] Parallel Workers: 13
[2025-04-22T16:18:25.633+0300][gc,init] Concurrent Workers: 3
[2025-04-22T16:18:25.633+0300][gc,init] Concurrent Refinement Workers: 13
[2025-04-22T16:18:25.633+0300][gc,init] Periodic GC: Disabled
[2025-04-22T16:18:25.641+0300][gc,metaspace] CDS archive(s) mapped at: [0x0000000126000000-0x0000000126c8c000-0x0000000126c8c000), size 13156352, SharedBaseAddress: 0x0000000126000000, ArchiveRelocationMode: 1.
[2025-04-22T16:18:25.641+0300][gc,metaspace] Compressed class space mapped at: 0x0000000127000000-0x0000000167000000, reserved size: 1073741824
[2025-04-22T16:18:25.641+0300][gc,metaspace] Narrow klass base: 0x0000000126000000, Narrow klass shift: 0, Narrow klass range: 0x100000000
[2025-04-22T16:18:31.467+0300][gc,start    ] GC(0) Pause Young (Normal) (G1 Evacuation Pause)
[2025-04-22T16:18:31.468+0300][gc,task     ] GC(0) Using 12 workers of 13 for evacuation
[2025-04-22T16:18:31.473+0300][gc,phases   ] GC(0)   Pre Evacuate Collection Set: 0.1ms
[2025-04-22T16:18:31.473+0300][gc,phases   ] GC(0)   Merge Heap Roots: 0.1ms
[2025-04-22T16:18:31.473+0300][gc,phases   ] GC(0)   Evacuate Collection Set: 4.1ms
[2025-04-22T16:18:31.473+0300][gc,phases   ] GC(0)   Post Evacuate Collection Set: 0.6ms
[2025-04-22T16:18:31.473+0300][gc,phases   ] GC(0)   Other: 0.6ms
[2025-04-22T16:18:31.473+0300][gc,heap     ] GC(0) Eden regions: 25->0(21)
[2025-04-22T16:18:31.473+0300][gc,heap     ] GC(0) Survivor regions: 0->4(4)
[2025-04-22T16:18:31.473+0300][gc,heap     ] GC(0) Old regions: 2->6
[2025-04-22T16:18:31.473+0300][gc,heap     ] GC(0) Humongous regions: 0->0
[2025-04-22T16:18:31.473+0300][gc,metaspace] GC(0) Metaspace: 7652K(7808K)->7652K(7808K) NonClass: 6856K(6912K)->6856K(6912K) Class: 796K(896K)->796K(896K)
[2025-04-22T16:18:31.473+0300][gc          ] GC(0) Pause Young (Normal) (G1 Evacuation Pause) 26M->8M(512M) 5.989ms
[2025-04-22T16:18:31.473+0300][gc,cpu      ] GC(0) User=0.01s Sys=0.02s Real=0.01s
[2025-04-22T16:47:45.607+0300][gc,heap,exit] Heap
[2025-04-22T16:47:45.607+0300][gc,heap,exit]  garbage-first heap   total 524288K, used 22321K [0x00000007e0000000, 0x0000000800000000)
[2025-04-22T16:47:45.607+0300][gc,heap,exit]   region size 1024K, 17 young (17408K), 4 survivors (4096K)
[2025-04-22T16:47:45.607+0300][gc,heap,exit]  Metaspace       used 9421K, committed 9600K, reserved 1114112K
[2025-04-22T16:47:45.607+0300][gc,heap,exit]   class space    used 941K, committed 1024K, reserved 1048576K
