[2025-04-22T17:21:20.137+0300][gc,init] CardTable entry size: 512
[2025-04-22T17:21:20.137+0300][gc     ] Using G1
[2025-04-22T17:21:20.141+0300][gc,init] Version: 21.0.5+11-LTS (release)
[2025-04-22T17:21:20.141+0300][gc,init] CPUs: 16 total, 16 available
[2025-04-22T17:21:20.141+0300][gc,init] Memory: 16384M
[2025-04-22T17:21:20.141+0300][gc,init] Large Page Support: Disabled
[2025-04-22T17:21:20.141+0300][gc,init] NUMA Support: Disabled
[2025-04-22T17:21:20.141+0300][gc,init] Compressed Oops: Enabled (Zero based)
[2025-04-22T17:21:20.141+0300][gc,init] Heap Region Size: 1M
[2025-04-22T17:21:20.141+0300][gc,init] Heap Min Capacity: 512M
[2025-04-22T17:21:20.141+0300][gc,init] Heap Initial Capacity: 512M
[2025-04-22T17:21:20.141+0300][gc,init] Heap Max Capacity: 512M
[2025-04-22T17:21:20.141+0300][gc,init] Pre-touch: Disabled
[2025-04-22T17:21:20.141+0300][gc,init] Parallel Workers: 13
[2025-04-22T17:21:20.141+0300][gc,init] Concurrent Workers: 3
[2025-04-22T17:21:20.141+0300][gc,init] Concurrent Refinement Workers: 13
[2025-04-22T17:21:20.141+0300][gc,init] Periodic GC: Disabled
[2025-04-22T17:21:20.149+0300][gc,metaspace] CDS archive(s) mapped at: [0x0000000128000000-0x0000000128c8c000-0x0000000128c8c000), size 13156352, SharedBaseAddress: 0x0000000128000000, ArchiveRelocationMode: 1.
[2025-04-22T17:21:20.149+0300][gc,metaspace] Compressed class space mapped at: 0x0000000129000000-0x0000000169000000, reserved size: 1073741824
[2025-04-22T17:21:20.149+0300][gc,metaspace] Narrow klass base: 0x0000000128000000, Narrow klass shift: 0, Narrow klass range: 0x100000000
[2025-04-22T17:21:25.788+0300][gc,start    ] GC(0) Pause Young (Normal) (G1 Evacuation Pause)
[2025-04-22T17:21:25.789+0300][gc,task     ] GC(0) Using 12 workers of 13 for evacuation
[2025-04-22T17:21:25.797+0300][gc,phases   ] GC(0)   Pre Evacuate Collection Set: 0.7ms
[2025-04-22T17:21:25.797+0300][gc,phases   ] GC(0)   Merge Heap Roots: 0.1ms
[2025-04-22T17:21:25.797+0300][gc,phases   ] GC(0)   Evacuate Collection Set: 4.4ms
[2025-04-22T17:21:25.797+0300][gc,phases   ] GC(0)   Post Evacuate Collection Set: 0.6ms
[2025-04-22T17:21:25.797+0300][gc,phases   ] GC(0)   Other: 1.7ms
[2025-04-22T17:21:25.797+0300][gc,heap     ] GC(0) Eden regions: 25->0(21)
[2025-04-22T17:21:25.797+0300][gc,heap     ] GC(0) Survivor regions: 0->4(4)
[2025-04-22T17:21:25.797+0300][gc,heap     ] GC(0) Old regions: 2->6
[2025-04-22T17:21:25.797+0300][gc,heap     ] GC(0) Humongous regions: 0->0
[2025-04-22T17:21:25.797+0300][gc,metaspace] GC(0) Metaspace: 7545K(7744K)->7545K(7744K) NonClass: 6758K(6848K)->6758K(6848K) Class: 786K(896K)->786K(896K)
[2025-04-22T17:21:25.797+0300][gc          ] GC(0) Pause Young (Normal) (G1 Evacuation Pause) 26M->8M(512M) 8.538ms
[2025-04-22T17:21:25.797+0300][gc,cpu      ] GC(0) User=0.01s Sys=0.02s Real=0.01s
[2025-04-22T21:20:24.325+0300][gc,start    ] GC(1) Pause Young (Normal) (G1 Evacuation Pause)
[2025-04-22T21:20:24.328+0300][gc,task     ] GC(1) Using 12 workers of 13 for evacuation
[2025-04-22T21:20:24.467+0300][gc,mmu      ] GC(1) MMU target violated: 21.0ms (20.0ms/21.0ms)
[2025-04-22T21:20:24.467+0300][gc,phases   ] GC(1)   Pre Evacuate Collection Set: 10.0ms
[2025-04-22T21:20:24.467+0300][gc,phases   ] GC(1)   Merge Heap Roots: 5.1ms
[2025-04-22T21:20:24.467+0300][gc,phases   ] GC(1)   Evacuate Collection Set: 116.6ms
[2025-04-22T21:20:24.467+0300][gc,phases   ] GC(1)   Post Evacuate Collection Set: 5.5ms
[2025-04-22T21:20:24.467+0300][gc,phases   ] GC(1)   Other: 1.8ms
[2025-04-22T21:20:24.467+0300][gc,heap     ] GC(1) Eden regions: 21->0(24)
[2025-04-22T21:20:24.467+0300][gc,heap     ] GC(1) Survivor regions: 4->1(4)
[2025-04-22T21:20:24.467+0300][gc,heap     ] GC(1) Old regions: 6->11
[2025-04-22T21:20:24.467+0300][gc,heap     ] GC(1) Humongous regions: 0->0
[2025-04-22T21:20:24.467+0300][gc,metaspace] GC(1) Metaspace: 9433K(9664K)->9433K(9664K) NonClass: 8490K(8640K)->8490K(8640K) Class: 943K(1024K)->943K(1024K)
[2025-04-22T21:20:24.467+0300][gc          ] GC(1) Pause Young (Normal) (G1 Evacuation Pause) 29M->10M(512M) 142.477ms
[2025-04-22T21:20:24.467+0300][gc,cpu      ] GC(1) User=0.03s Sys=0.29s Real=0.14s
[2025-04-23T09:32:22.474+0300][gc,start    ] GC(2) Pause Young (Normal) (G1 Evacuation Pause)
[2025-04-23T09:32:22.478+0300][gc,task     ] GC(2) Using 12 workers of 13 for evacuation
[2025-04-23T09:32:22.514+0300][gc,mmu      ] GC(2) MMU target violated: 21.0ms (20.0ms/21.0ms)
[2025-04-23T09:32:22.514+0300][gc,phases   ] GC(2)   Pre Evacuate Collection Set: 9.3ms
[2025-04-23T09:32:22.514+0300][gc,phases   ] GC(2)   Merge Heap Roots: 1.3ms
[2025-04-23T09:32:22.514+0300][gc,phases   ] GC(2)   Evacuate Collection Set: 22.8ms
[2025-04-23T09:32:22.514+0300][gc,phases   ] GC(2)   Post Evacuate Collection Set: 1.8ms
[2025-04-23T09:32:22.514+0300][gc,phases   ] GC(2)   Other: 2.0ms
[2025-04-23T09:32:22.514+0300][gc,heap     ] GC(2) Eden regions: 24->0(24)
[2025-04-23T09:32:22.514+0300][gc,heap     ] GC(2) Survivor regions: 1->1(4)
[2025-04-23T09:32:22.514+0300][gc,heap     ] GC(2) Old regions: 11->11
[2025-04-23T09:32:22.514+0300][gc,heap     ] GC(2) Humongous regions: 0->0
[2025-04-23T09:32:22.514+0300][gc,metaspace] GC(2) Metaspace: 9447K(9664K)->9447K(9664K) NonClass: 8504K(8640K)->8504K(8640K) Class: 943K(1024K)->943K(1024K)
[2025-04-23T09:32:22.514+0300][gc          ] GC(2) Pause Young (Normal) (G1 Evacuation Pause) 34M->9M(512M) 39.637ms
[2025-04-23T09:32:22.514+0300][gc,cpu      ] GC(2) User=0.01s Sys=0.07s Real=0.04s
