[2025-04-23T10:35:57.867+0300][gc,init] CardTable entry size: 512
[2025-04-23T10:35:57.867+0300][gc     ] Using G1
[2025-04-23T10:35:57.871+0300][gc,init] Version: 21.0.5+11-LTS (release)
[2025-04-23T10:35:57.871+0300][gc,init] CPUs: 16 total, 16 available
[2025-04-23T10:35:57.871+0300][gc,init] Memory: 16384M
[2025-04-23T10:35:57.871+0300][gc,init] Large Page Support: Disabled
[2025-04-23T10:35:57.871+0300][gc,init] NUMA Support: Disabled
[2025-04-23T10:35:57.871+0300][gc,init] Compressed Oops: Enabled (Zero based)
[2025-04-23T10:35:57.871+0300][gc,init] Heap Region Size: 1M
[2025-04-23T10:35:57.871+0300][gc,init] Heap Min Capacity: 512M
[2025-04-23T10:35:57.871+0300][gc,init] Heap Initial Capacity: 512M
[2025-04-23T10:35:57.871+0300][gc,init] Heap Max Capacity: 512M
[2025-04-23T10:35:57.871+0300][gc,init] Pre-touch: Disabled
[2025-04-23T10:35:57.871+0300][gc,init] Parallel Workers: 13
[2025-04-23T10:35:57.871+0300][gc,init] Concurrent Workers: 3
[2025-04-23T10:35:57.871+0300][gc,init] Concurrent Refinement Workers: 13
[2025-04-23T10:35:57.871+0300][gc,init] Periodic GC: Disabled
[2025-04-23T10:35:57.882+0300][gc,metaspace] CDS archive(s) mapped at: [0x000000012e000000-0x000000012ec8c000-0x000000012ec8c000), size 13156352, SharedBaseAddress: 0x000000012e000000, ArchiveRelocationMode: 1.
[2025-04-23T10:35:57.882+0300][gc,metaspace] Compressed class space mapped at: 0x000000012f000000-0x000000016f000000, reserved size: 1073741824
[2025-04-23T10:35:57.882+0300][gc,metaspace] Narrow klass base: 0x000000012e000000, Narrow klass shift: 0, Narrow klass range: 0x100000000
[2025-04-23T10:36:03.831+0300][gc,heap,exit] Heap
[2025-04-23T10:36:03.831+0300][gc,heap,exit]  garbage-first heap   total 524288K, used 25119K [0x00000007e0000000, 0x0000000800000000)
[2025-04-23T10:36:03.831+0300][gc,heap,exit]   region size 1024K, 24 young (24576K), 0 survivors (0K)
[2025-04-23T10:36:03.831+0300][gc,heap,exit]  Metaspace       used 7542K, committed 7808K, reserved 1114112K
[2025-04-23T10:36:03.831+0300][gc,heap,exit]   class space    used 790K, committed 896K, reserved 1048576K
