[2025-03-28T11:53:06.979-0200][gc,heap] Heap region size: 1M
[2025-03-28T11:53:06.984-0200][gc     ] Using G1
[2025-03-28T11:53:06.984-0200][gc,heap,coops] Heap address: 0x00000007e0000000, size: 512 MB, Compressed Oops mode: Zero based, Oop shift amount: 3
[2025-03-28T11:53:08.350-0200][gc,start     ] GC(0) Pause Young (Normal) (G1 Evacuation Pause)
[2025-03-28T11:53:08.350-0200][gc,task      ] GC(0) Using 4 workers of 4 for evacuation
[2025-03-28T11:53:08.361-0200][gc,phases    ] GC(0)   Pre Evacuate Collection Set: 0.0ms
[2025-03-28T11:53:08.361-0200][gc,phases    ] GC(0)   Evacuate Collection Set: 9.6ms
[2025-03-28T11:53:08.361-0200][gc,phases    ] GC(0)   Post Evacuate Collection Set: 0.4ms
[2025-03-28T11:53:08.361-0200][gc,phases    ] GC(0)   Other: 0.5ms
[2025-03-28T11:53:08.361-0200][gc,heap      ] GC(0) Eden regions: 25->0(21)
[2025-03-28T11:53:08.361-0200][gc,heap      ] GC(0) Survivor regions: 0->4(4)
[2025-03-28T11:53:08.361-0200][gc,heap      ] GC(0) Old regions: 0->5
[2025-03-28T11:53:08.361-0200][gc,heap      ] GC(0) Humongous regions: 0->0
[2025-03-28T11:53:08.361-0200][gc,metaspace ] GC(0) Metaspace: 14251K->14251K(1062912K)
[2025-03-28T11:53:08.361-0200][gc           ] GC(0) Pause Young (Normal) (G1 Evacuation Pause) 25M->8M(512M) 10.743ms
[2025-03-28T11:53:08.361-0200][gc,cpu       ] GC(0) User=0.02s Sys=0.01s Real=0.01s
[2025-03-28T11:53:29.402-0200][gc,heap,exit ] Heap
[2025-03-28T11:53:29.402-0200][gc,heap,exit ]  garbage-first heap   total 524288K, used 22814K [0x00000007e0000000, 0x0000000800000000)
[2025-03-28T11:53:29.402-0200][gc,heap,exit ]   region size 1024K, 19 young (19456K), 4 survivors (4096K)
[2025-03-28T11:53:29.402-0200][gc,heap,exit ]  Metaspace       used 16506K, capacity 16835K, committed 17024K, reserved 1064960K
[2025-03-28T11:53:29.402-0200][gc,heap,exit ]   class space    used 1679K, capacity 1827K, committed 1920K, reserved 1048576K
